   1                             		.file	"dave_errorcodes.c"
   2                             		.section P,"ax"
   3                             	.Ltext0:
   4                             		.section	.text.d2_translateerror,"ax",@progbits
   5                             		.global	_d2_translateerror
   7                             	_d2_translateerror:
   8                             	.LVL0:
   9                             	.LFB6:
  10                             		.file 1 "../src/smc_gen/r_drw2d_rx/src/tes/dave_errorcodes.c"
   1:../src/smc_gen/r_drw2d_rx/src/tes/dave_errorcodes.c **** /*--------------------------------------------------------------------------
   2:../src/smc_gen/r_drw2d_rx/src/tes/dave_errorcodes.c ****  * Project: D/AVE
   3:../src/smc_gen/r_drw2d_rx/src/tes/dave_errorcodes.c ****  * File:    dave_errorcodes.c (%version: 2 %)
   4:../src/smc_gen/r_drw2d_rx/src/tes/dave_errorcodes.c ****  *          created Tue Jan 11 13:45:53 2005 by hh04027
   5:../src/smc_gen/r_drw2d_rx/src/tes/dave_errorcodes.c ****  *
   6:../src/smc_gen/r_drw2d_rx/src/tes/dave_errorcodes.c ****  * Description:
   7:../src/smc_gen/r_drw2d_rx/src/tes/dave_errorcodes.c ****  *  %date_modified: Wed Feb 09 13:40:19 2005 %  (%derived_by:  hh04027 %)
   8:../src/smc_gen/r_drw2d_rx/src/tes/dave_errorcodes.c ****  *
   9:../src/smc_gen/r_drw2d_rx/src/tes/dave_errorcodes.c ****  * Changes:
  10:../src/smc_gen/r_drw2d_rx/src/tes/dave_errorcodes.c ****  *  2007-08-31 ASc  removed tabs, changed C++ to C comments,
  11:../src/smc_gen/r_drw2d_rx/src/tes/dave_errorcodes.c ****  *                   changed g_errorcodes to const pointer to const data
  12:../src/smc_gen/r_drw2d_rx/src/tes/dave_errorcodes.c ****  *  2012-09-25 BSp  MISRA cleanup
  13:../src/smc_gen/r_drw2d_rx/src/tes/dave_errorcodes.c ****  *-------------------------------------------------------------------------- */
  14:../src/smc_gen/r_drw2d_rx/src/tes/dave_errorcodes.c **** 
  15:../src/smc_gen/r_drw2d_rx/src/tes/dave_errorcodes.c **** #include "dave_driver.h"
  16:../src/smc_gen/r_drw2d_rx/src/tes/dave_errorcodes.c **** #include "dave_intern.h"
  17:../src/smc_gen/r_drw2d_rx/src/tes/dave_errorcodes.c **** 
  18:../src/smc_gen/r_drw2d_rx/src/tes/dave_errorcodes.c **** 
  19:../src/smc_gen/r_drw2d_rx/src/tes/dave_errorcodes.c **** /*-------------------------------------------------------------------------- */
  20:../src/smc_gen/r_drw2d_rx/src/tes/dave_errorcodes.c **** #define ERR(x,y) y " (" #x ")" ,
  21:../src/smc_gen/r_drw2d_rx/src/tes/dave_errorcodes.c **** 
  22:../src/smc_gen/r_drw2d_rx/src/tes/dave_errorcodes.c **** /*-------------------------------------------------------------------------- */
  23:../src/smc_gen/r_drw2d_rx/src/tes/dave_errorcodes.c **** const d2_char *d2_translateerror( d2_s32 errorcode )
  24:../src/smc_gen/r_drw2d_rx/src/tes/dave_errorcodes.c **** {
  11                             		.loc 1 24 1 view -0
  25:../src/smc_gen/r_drw2d_rx/src/tes/dave_errorcodes.c **** 
  26:../src/smc_gen/r_drw2d_rx/src/tes/dave_errorcodes.c **** static const d2_char* const g_errorcodes[ D2_ERROR_QUANTITY+1 ] = {
  12                             		.loc 1 26 1 view .LVU1
  27:../src/smc_gen/r_drw2d_rx/src/tes/dave_errorcodes.c **** #include "dave_errorcodes.h"                                         /* PRQA S 5087 */ /* $Misra: #
  28:../src/smc_gen/r_drw2d_rx/src/tes/dave_errorcodes.c ****    "undefined error" };
  29:../src/smc_gen/r_drw2d_rx/src/tes/dave_errorcodes.c **** 
  30:../src/smc_gen/r_drw2d_rx/src/tes/dave_errorcodes.c ****    /* map undefined indices to last index (undef error) */
  31:../src/smc_gen/r_drw2d_rx/src/tes/dave_errorcodes.c ****    if((d2_u32)errorcode > (d2_u32)D2_ERROR_QUANTITY)
  13                             		.loc 1 31 4 view .LVU2
  14                             		.loc 1 31 6 is_stmt 0 view .LVU3
  15 0000 75 51 16                		cmp	#22, r1
  16 0003 25 05                   		bleu	.L2
  32:../src/smc_gen/r_drw2d_rx/src/tes/dave_errorcodes.c ****    {
  33:../src/smc_gen/r_drw2d_rx/src/tes/dave_errorcodes.c ****       errorcode = D2_ERROR_QUANTITY;
  17                             		.loc 1 33 17 view .LVU4
  18 0005 75 41 16                		mov.L	#22, r1
  19                             	.LVL1:
  20                             	.L2:
  34:../src/smc_gen/r_drw2d_rx/src/tes/dave_errorcodes.c ****    }
  35:../src/smc_gen/r_drw2d_rx/src/tes/dave_errorcodes.c **** 
  36:../src/smc_gen/r_drw2d_rx/src/tes/dave_errorcodes.c ****    /* return errordescription */
  37:../src/smc_gen/r_drw2d_rx/src/tes/dave_errorcodes.c ****    return g_errorcodes[ errorcode ];
  21                             		.loc 1 37 4 is_stmt 1 view .LVU5
  38:../src/smc_gen/r_drw2d_rx/src/tes/dave_errorcodes.c **** }
  22                             		.loc 1 38 1 is_stmt 0 view .LVU6
  23 0008 FB 52 00 00 00 00       		mov.L	#_g_errorcodes.2741, r5
  24 000e FE 61 51                		mov.L	[r1,r5], r1
  25                             	.LVL2:
  26                             		.loc 1 38 1 view .LVU7
  27 0011 02                      		rts
  28                             	.LFE6:
  30                             		.section	.rodata.str1.1,"aMS",@progbits,1
  31                             	.LC0:
  32 0000 73 75 63 63 65 73 73 20 		.string	"success (D2_OK)"
  32      28 44 32 5F 4F 4B 29 00 
  33                             	.LC1:
  34 0010 6D 65 6D 6F 72 79 20 61 		.string	"memory allocation failed (D2_NOMEMORY)"
  34      6C 6C 6F 63 61 74 69 6F 
  34      6E 20 66 61 69 6C 65 64 
  34      20 28 44 32 5F 4E 4F 4D 
  34      45 4D 4F 52 59 29 00 
  35                             	.LC2:
  36 0037 69 6E 76 61 6C 69 64 20 		.string	"invalid device (D2_INVALIDDEVICE)"
  36      64 65 76 69 63 65 20 28 
  36      44 32 5F 49 4E 56 41 4C 
  36      49 44 44 45 56 49 43 45 
  36      29 00 
  37                             	.LC3:
  38 0059 69 6E 76 61 6C 69 64 20 		.string	"invalid rendering context (D2_INVALIDCONTEXT)"
  38      72 65 6E 64 65 72 69 6E 
  38      67 20 63 6F 6E 74 65 78 
  38      74 20 28 44 32 5F 49 4E 
  38      56 41 4C 49 44 43 4F 4E 
  39                             	.LC4:
  40 0087 69 6E 76 61 6C 69 64 20 		.string	"invalid renderbuffer context (D2_INVALIDBUFFER)"
  40      72 65 6E 64 65 72 62 75 
  40      66 66 65 72 20 63 6F 6E 
  40      74 65 78 74 20 28 44 32 
  40      5F 49 4E 56 41 4C 49 44 
  41                             	.LC5:
  42 00b7 68 61 72 64 77 61 72 65 		.string	"hardware device already in use (D2_HWINUSE)"
  42      20 64 65 76 69 63 65 20 
  42      61 6C 72 65 61 64 79 20 
  42      69 6E 20 75 73 65 20 28 
  42      44 32 5F 48 57 49 4E 55 
  43                             	.LC6:
  44 00e3 64 65 76 69 63 65 20 61 		.string	"device already assigned (D2_DEVASSIGNED)"
  44      6C 72 65 61 64 79 20 61 
  44      73 73 69 67 6E 65 64 20 
  44      28 44 32 5F 44 45 56 41 
  44      53 53 49 47 4E 45 44 29 
  45                             	.LC7:
  46 010c 63 61 6E 6E 6F 74 20 6F 		.string	"cannot operate on default context (D2_DEFCONTEXT)"
  46      70 65 72 61 74 65 20 6F 
  46      6E 20 64 65 66 61 75 6C 
  46      74 20 63 6F 6E 74 65 78 
  46      74 20 28 44 32 5F 44 45 
  47                             	.LC8:
  48 013e 69 6E 64 65 78 20 69 73 		.string	"index is out of bounds (D2_INVALIDINDEX)"
  48      20 6F 75 74 20 6F 66 20 
  48      62 6F 75 6E 64 73 20 28 
  48      44 32 5F 49 4E 56 41 4C 
  48      49 44 49 4E 44 45 58 29 
  49                             	.LC9:
  50 0167 72 65 6E 64 65 72 6D 6F 		.string	"rendermode not supported (D2_ILLEGALMODE)"
  50      64 65 20 6E 6F 74 20 73 
  50      75 70 70 6F 72 74 65 64 
  50      20 28 44 32 5F 49 4C 4C 
  50      45 47 41 4C 4D 4F 44 45 
  51                             	.LC10:
  52 0191 77 69 64 74 68 20 6F 75 		.string	"width out of legal range (D2_INVALIDWIDTH)"
  52      74 20 6F 66 20 6C 65 67 
  52      61 6C 20 72 61 6E 67 65 
  52      20 28 44 32 5F 49 4E 56 
  52      41 4C 49 44 57 49 44 54 
  53                             	.LC11:
  54 01bc 68 65 69 67 68 74 20 6F 		.string	"height out of legal range (D2_INVALIDHEIGHT)"
  54      75 74 20 6F 66 20 6C 65 
  54      67 61 6C 20 72 61 6E 67 
  54      65 20 28 44 32 5F 49 4E 
  54      56 41 4C 49 44 48 45 49 
  55                             	.LC12:
  56 01e9 69 6C 6C 65 67 61 6C 20 		.string	"illegal framebuffer address (D2_NOVIDEOMEM)"
  56      66 72 61 6D 65 62 75 66 
  56      66 65 72 20 61 64 64 72 
  56      65 73 73 20 28 44 32 5F 
  56      4E 4F 56 49 44 45 4F 4D 
  57                             	.LC13:
  58 0215 70 61 72 61 6D 65 74 65 		.string	"parameter too close to zero (D2_VALUETOOSMALL)"
  58      72 20 74 6F 6F 20 63 6C 
  58      6F 73 65 20 74 6F 20 7A 
  58      65 72 6F 20 28 44 32 5F 
  58      56 41 4C 55 45 54 4F 4F 
  59                             	.LC14:
  60 0244 70 61 72 61 6D 65 74 65 		.string	"parameter is negative (D2_VALUENEGATIVE)"
  60      72 20 69 73 20 6E 65 67 
  60      61 74 69 76 65 20 28 44 
  60      32 5F 56 41 4C 55 45 4E 
  60      45 47 41 54 49 56 45 29 
  61                             	.LC15:
  62 026d 70 61 72 61 6D 65 74 65 		.string	"parameter value is too large (D2_VALUETOOBIG)"
  62      72 20 76 61 6C 75 65 20 
  62      69 73 20 74 6F 6F 20 6C 
  62      61 72 67 65 20 28 44 32 
  62      5F 56 41 4C 55 45 54 4F 
  63                             	.LC16:
  64 029b 75 6E 73 75 70 70 6F 72 		.string	"unsupported mode (D2_INVALIDENUM)"
  64      74 65 64 20 6D 6F 64 65 
  64      20 28 44 32 5F 49 4E 56 
  64      41 4C 49 44 45 4E 55 4D 
  64      29 00 
  65                             	.LC17:
  66 02bd 73 6F 75 72 63 65 20 70 		.string	"source pointer may not be null (D2_NULLPOINTER)"
  66      6F 69 6E 74 65 72 20 6D 
  66      61 79 20 6E 6F 74 20 62 
  66      65 20 6E 75 6C 6C 20 28 
  66      44 32 5F 4E 55 4C 4C 50 
  67                             	.LC18:
  68 02ed 6F 70 65 72 61 74 69 6F 		.string	"operation cannot execute while hardware is busy (D2_DEVICEBUSY)"
  68      6E 20 63 61 6E 6E 6F 74 
  68      20 65 78 65 63 75 74 65 
  68      20 77 68 69 6C 65 20 68 
  68      61 72 64 77 61 72 65 20 
  69                             	.LC19:
  70 032d 63 61 6E 6E 6F 74 20 6F 		.string	"cannot operate on default buffer (D2_DEFBUFFER)"
  70      70 65 72 61 74 65 20 6F 
  70      6E 20 64 65 66 61 75 6C 
  70      74 20 62 75 66 66 65 72 
  70      20 28 44 32 5F 44 45 46 
  71                             	.LC20:
  72 035d 64 32 5F 64 66 5F 6E 6F 		.string	"d2_df_no_dlist is not supported in low_localmemmode (D2_NO_DISPLAYLIST)"
  72      5F 64 6C 69 73 74 20 69 
  72      73 20 6E 6F 74 20 73 75 
  72      70 70 6F 72 74 65 64 20 
  72      69 6E 20 6C 6F 77 5F 6C 
  73                             	.LC21:
  74 03a5 6E 6F 74 20 65 6E 6F 75 		.string	"not enough dlistblocks. please adjust in d2_lowlocalmemmode(...) (D2_NOT_ENOUGH_DLISTBLOC
  74      67 68 20 64 6C 69 73 74 
  74      62 6C 6F 63 6B 73 2E 20 
  74      70 6C 65 61 73 65 20 61 
  74      64 6A 75 73 74 20 69 6E 
  75                             	.LC22:
  76 0402 75 6E 64 65 66 69 6E 65 		.string	"undefined error"
  76      64 20 65 72 72 6F 72 00 
  77                             		.section	.rodata.g_errorcodes.2741,"a"
  78                             		.balign 4
  81                             	_g_errorcodes.2741:
  82 0000 00 00 00 00             		.long	.LC0
  83 0004 10 00 00 00             		.long	.LC1
  84 0008 37 00 00 00             		.long	.LC2
  85 000c 59 00 00 00             		.long	.LC3
  86 0010 87 00 00 00             		.long	.LC4
  87 0014 B7 00 00 00             		.long	.LC5
  88 0018 E3 00 00 00             		.long	.LC6
  89 001c 0C 01 00 00             		.long	.LC7
  90 0020 3E 01 00 00             		.long	.LC8
  91 0024 67 01 00 00             		.long	.LC9
  92 0028 91 01 00 00             		.long	.LC10
  93 002c BC 01 00 00             		.long	.LC11
  94 0030 E9 01 00 00             		.long	.LC12
  95 0034 15 02 00 00             		.long	.LC13
  96 0038 44 02 00 00             		.long	.LC14
  97 003c 6D 02 00 00             		.long	.LC15
  98 0040 9B 02 00 00             		.long	.LC16
  99 0044 BD 02 00 00             		.long	.LC17
 100 0048 ED 02 00 00             		.long	.LC18
 101 004c 2D 03 00 00             		.long	.LC19
 102 0050 5D 03 00 00             		.long	.LC20
 103 0054 A5 03 00 00             		.long	.LC21
 104 0058 02 04 00 00             		.long	.LC22
 131                             	.Letext0:
 132                             		.file 2 "D:\\e2_studio\\workspace\\FULLMONI_WIDE\\Firmware\\src\\smc_gen\\r_drw2d_rx\\inc\\tes/dav
 133                             		.file 3 "D:\\e2_studio\\workspace\\FULLMONI_WIDE\\Firmware\\src\\smc_gen\\r_drw2d_rx\\inc\\tes/dav
 134                             		.file 4 "../src/smc_gen/r_drw2d_rx/src/tes/dave_intern.h"
