   1                             		.file	"FULLMONI_WIDE_official.c"
   2                             		.section P,"ax"
   3                             	.Ltext0:
   4                             		.section	.text.main,"ax",@progbits
   5                             		.global	_main
   7                             	_main:
   8                             	.LFB3:
   9                             		.file 1 "../src/FULLMONI_WIDE_official.c"
   1:../src/FULLMONI_WIDE_official.c **** /***********************************************************************
   2:../src/FULLMONI_WIDE_official.c **** *
   3:../src/FULLMONI_WIDE_official.c **** *  FILE        : FULLMONI_WIDE_official.c
   4:../src/FULLMONI_WIDE_official.c **** *  DATE        : 2024-04-27
   5:../src/FULLMONI_WIDE_official.c **** *  DESCRIPTION : Main Program
   6:../src/FULLMONI_WIDE_official.c **** *
   7:../src/FULLMONI_WIDE_official.c **** *  NOTE:THIS IS A TYPICAL EXAMPLE.
   8:../src/FULLMONI_WIDE_official.c **** *
   9:../src/FULLMONI_WIDE_official.c **** ***********************************************************************/
  10:../src/FULLMONI_WIDE_official.c **** #include "r_smc_entry.h"
  11:../src/FULLMONI_WIDE_official.c **** 
  12:../src/FULLMONI_WIDE_official.c **** void main(void);
  13:../src/FULLMONI_WIDE_official.c **** 
  14:../src/FULLMONI_WIDE_official.c **** void main(void)
  15:../src/FULLMONI_WIDE_official.c **** {
  10                             		.loc 1 15 1 view -0
  16:../src/FULLMONI_WIDE_official.c **** 
  17:../src/FULLMONI_WIDE_official.c **** }...
  11                             		.loc 1 17 1 view .LVU1
  12 0000 02                      		rts
  13                             	.LFE3:
  41                             	.Letext0:
  42                             		.file 2 "c:\\programdata\\gcc for renesas rx 8.3.0.202311-gnurx-elf\\rx-elf\\rx-elf\\rx-elf\\inclu
  43                             		.file 3 "c:\\programdata\\gcc for renesas rx 8.3.0.202311-gnurx-elf\\rx-elf\\rx-elf\\rx-elf\\inclu
  44                             		.file 4 "c:\\programdata\\gcc for renesas rx 8.3.0.202311-gnurx-elf\\rx-elf\\rx-elf\\lib\\gcc\\rx-
  45                             		.file 5 "c:\\programdata\\gcc for renesas rx 8.3.0.202311-gnurx-elf\\rx-elf\\rx-elf\\rx-elf\\inclu
  46                             		.file 6 "c:\\programdata\\gcc for renesas rx 8.3.0.202311-gnurx-elf\\rx-elf\\rx-elf\\rx-elf\\inclu
  47                             		.file 7 "c:\\programdata\\gcc for renesas rx 8.3.0.202311-gnurx-elf\\rx-elf\\rx-elf\\rx-elf\\inclu
  48                             		.file 8 "D:\\e2_studio\\workspace\\FULLMONI_WIDE_official\\src\\smc_gen\\r_bsp/mcu/all/r_rx_compil
  49                             		.file 9 "D:\\e2_studio\\workspace\\FULLMONI_WIDE_official\\src\\smc_gen\\r_bsp/mcu/rx72n/mcu_locks
