   1                             		.file	"ID_SCREEN_01_Slots.c"
   2                             		.section P,"ax"
   3                             	.Ltext0:
   4                             		.section	.text.cbID_SCREEN_01,"ax",@progbits
   5                             		.global	_cbID_SCREEN_01
   7                             	_cbID_SCREEN_01:
   8                             	.LVL0:
   9                             	.LFB0:
  10                             		.file 1 "../aw/Source/CustomCode/ID_SCREEN_01_Slots.c"
   1:../aw/Source/CustomCode/ID_SCREEN_01_Slots.c **** /*********************************************************************
   2:../aw/Source/CustomCode/ID_SCREEN_01_Slots.c **** *                     SEGGER Microcontroller GmbH                    *
   3:../aw/Source/CustomCode/ID_SCREEN_01_Slots.c **** *        Solutions for real time microcontroller applications        *
   4:../aw/Source/CustomCode/ID_SCREEN_01_Slots.c **** **********************************************************************
   5:../aw/Source/CustomCode/ID_SCREEN_01_Slots.c **** *                                                                    *
   6:../aw/Source/CustomCode/ID_SCREEN_01_Slots.c **** *        (c) 1996 - 2025  SEGGER Microcontroller GmbH                *
   7:../aw/Source/CustomCode/ID_SCREEN_01_Slots.c **** *                                                                    *
   8:../aw/Source/CustomCode/ID_SCREEN_01_Slots.c **** *        Internet: www.segger.com    Support:  support@segger.com    *
   9:../aw/Source/CustomCode/ID_SCREEN_01_Slots.c **** *                                                                    *
  10:../aw/Source/CustomCode/ID_SCREEN_01_Slots.c **** **********************************************************************
  11:../aw/Source/CustomCode/ID_SCREEN_01_Slots.c **** ----------------------------------------------------------------------
  12:../aw/Source/CustomCode/ID_SCREEN_01_Slots.c **** File        : ID_SCREEN_01_Slots.c
  13:../aw/Source/CustomCode/ID_SCREEN_01_Slots.c **** Purpose     : AppWizard managed file, function content could be changed
  14:../aw/Source/CustomCode/ID_SCREEN_01_Slots.c **** ---------------------------END-OF-HEADER------------------------------
  15:../aw/Source/CustomCode/ID_SCREEN_01_Slots.c **** */
  16:../aw/Source/CustomCode/ID_SCREEN_01_Slots.c **** 
  17:../aw/Source/CustomCode/ID_SCREEN_01_Slots.c **** #include "Application.h"
  18:../aw/Source/CustomCode/ID_SCREEN_01_Slots.c **** #include "../Generated/Resource.h"
  19:../aw/Source/CustomCode/ID_SCREEN_01_Slots.c **** #include "../Generated/ID_SCREEN_01.h"
  20:../aw/Source/CustomCode/ID_SCREEN_01_Slots.c **** 
  21:../aw/Source/CustomCode/ID_SCREEN_01_Slots.c **** /*** Begin of user code area ***/
  22:../aw/Source/CustomCode/ID_SCREEN_01_Slots.c **** /*** End of user code area ***/
  23:../aw/Source/CustomCode/ID_SCREEN_01_Slots.c **** 
  24:../aw/Source/CustomCode/ID_SCREEN_01_Slots.c **** /*********************************************************************
  25:../aw/Source/CustomCode/ID_SCREEN_01_Slots.c **** *
  26:../aw/Source/CustomCode/ID_SCREEN_01_Slots.c **** *       Public code
  27:../aw/Source/CustomCode/ID_SCREEN_01_Slots.c **** *
  28:../aw/Source/CustomCode/ID_SCREEN_01_Slots.c **** **********************************************************************
  29:../aw/Source/CustomCode/ID_SCREEN_01_Slots.c **** */
  30:../aw/Source/CustomCode/ID_SCREEN_01_Slots.c **** /*********************************************************************
  31:../aw/Source/CustomCode/ID_SCREEN_01_Slots.c **** *
  32:../aw/Source/CustomCode/ID_SCREEN_01_Slots.c **** *       cbID_SCREEN_01
  33:../aw/Source/CustomCode/ID_SCREEN_01_Slots.c **** */
  34:../aw/Source/CustomCode/ID_SCREEN_01_Slots.c **** void cbID_SCREEN_01(WM_MESSAGE * pMsg) {
  11                             		.loc 1 34 40 view -0
  35:../aw/Source/CustomCode/ID_SCREEN_01_Slots.c ****   GUI_USE_PARA(pMsg);
  12                             		.loc 1 35 3 view .LVU1
  36:../aw/Source/CustomCode/ID_SCREEN_01_Slots.c **** }
  13                             		.loc 1 36 1 is_stmt 0 view .LVU2
  14 0000 02                      		rts
  15                             	.LFE0:
  17                             		.section	.text.ID_SCREEN_01__APPW_NOTIFICATION_INITDIALOG__ID_NUM_BT_01__APPW_JOB_SETVIS,"ax",@pro
  18                             		.global	_ID_SCREEN_01__APPW_NOTIFICATION_INITDIALOG__ID_NUM_BT_01__APPW_JOB_SETVIS
  20                             	_ID_SCREEN_01__APPW_NOTIFICATION_INITDIALOG__ID_NUM_BT_01__APPW_JOB_SETVIS:
  21                             	.LVL1:
  22                             	.LFB1:
  37:../aw/Source/CustomCode/ID_SCREEN_01_Slots.c **** 
  38:../aw/Source/CustomCode/ID_SCREEN_01_Slots.c **** /*********************************************************************
  39:../aw/Source/CustomCode/ID_SCREEN_01_Slots.c **** *
  40:../aw/Source/CustomCode/ID_SCREEN_01_Slots.c **** *       ID_SCREEN_01__APPW_NOTIFICATION_INITDIALOG__ID_NUM_BT_01__APPW_JOB_SETVIS
  41:../aw/Source/CustomCode/ID_SCREEN_01_Slots.c **** */
  42:../aw/Source/CustomCode/ID_SCREEN_01_Slots.c **** void ID_SCREEN_01__APPW_NOTIFICATION_INITDIALOG__ID_NUM_BT_01__APPW_JOB_SETVIS(APPW_ACTION_ITEM * p
  23                             		.loc 1 42 159 is_stmt 1 view -0
  43:../aw/Source/CustomCode/ID_SCREEN_01_Slots.c ****   GUI_USE_PARA(pAction);
  24                             		.loc 1 43 3 view .LVU4
  44:../aw/Source/CustomCode/ID_SCREEN_01_Slots.c ****   GUI_USE_PARA(hScreen);
  25                             		.loc 1 44 3 view .LVU5
  45:../aw/Source/CustomCode/ID_SCREEN_01_Slots.c ****   GUI_USE_PARA(pMsg);
  26                             		.loc 1 45 3 view .LVU6
  46:../aw/Source/CustomCode/ID_SCREEN_01_Slots.c ****   GUI_USE_PARA(pResult);
  27                             		.loc 1 46 3 view .LVU7
  47:../aw/Source/CustomCode/ID_SCREEN_01_Slots.c **** }
  28                             		.loc 1 47 1 is_stmt 0 view .LVU8
  29 0000 02                      		rts
  30                             	.LFE1:
  32                             		.section	.text.ID_SCREEN_01__APPW_NOTIFICATION_INITDIALOG__ID_NUM_FL_01__APPW_JOB_SETVIS,"ax",@pro
  33                             		.global	_ID_SCREEN_01__APPW_NOTIFICATION_INITDIALOG__ID_NUM_FL_01__APPW_JOB_SETVIS
  35                             	_ID_SCREEN_01__APPW_NOTIFICATION_INITDIALOG__ID_NUM_FL_01__APPW_JOB_SETVIS:
  36                             	.LVL2:
  37                             	.LFB2:
  48:../aw/Source/CustomCode/ID_SCREEN_01_Slots.c **** 
  49:../aw/Source/CustomCode/ID_SCREEN_01_Slots.c **** /*********************************************************************
  50:../aw/Source/CustomCode/ID_SCREEN_01_Slots.c **** *
  51:../aw/Source/CustomCode/ID_SCREEN_01_Slots.c **** *       ID_SCREEN_01__APPW_NOTIFICATION_INITDIALOG__ID_NUM_FL_01__APPW_JOB_SETVIS
  52:../aw/Source/CustomCode/ID_SCREEN_01_Slots.c **** */
  53:../aw/Source/CustomCode/ID_SCREEN_01_Slots.c **** void ID_SCREEN_01__APPW_NOTIFICATION_INITDIALOG__ID_NUM_FL_01__APPW_JOB_SETVIS(APPW_ACTION_ITEM * p
  38                             		.loc 1 53 159 is_stmt 1 view -0
  54:../aw/Source/CustomCode/ID_SCREEN_01_Slots.c ****   GUI_USE_PARA(pAction);
  39                             		.loc 1 54 3 view .LVU10
  55:../aw/Source/CustomCode/ID_SCREEN_01_Slots.c ****   GUI_USE_PARA(hScreen);
  40                             		.loc 1 55 3 view .LVU11
  56:../aw/Source/CustomCode/ID_SCREEN_01_Slots.c ****   GUI_USE_PARA(pMsg);
  41                             		.loc 1 56 3 view .LVU12
  57:../aw/Source/CustomCode/ID_SCREEN_01_Slots.c ****   GUI_USE_PARA(pResult);
  42                             		.loc 1 57 3 view .LVU13
  58:../aw/Source/CustomCode/ID_SCREEN_01_Slots.c **** }
  43                             		.loc 1 58 1 is_stmt 0 view .LVU14
  44 0000 02                      		rts
  45                             	.LFE2:
  47                             		.section	.text.ID_SCREEN_01__APPW_NOTIFICATION_INITDIALOG__ID_NUM_BL_01__APPW_JOB_SETVIS,"ax",@pro
  48                             		.global	_ID_SCREEN_01__APPW_NOTIFICATION_INITDIALOG__ID_NUM_BL_01__APPW_JOB_SETVIS
  50                             	_ID_SCREEN_01__APPW_NOTIFICATION_INITDIALOG__ID_NUM_BL_01__APPW_JOB_SETVIS:
  51                             	.LVL3:
  52                             	.LFB3:
  59:../aw/Source/CustomCode/ID_SCREEN_01_Slots.c **** 
  60:../aw/Source/CustomCode/ID_SCREEN_01_Slots.c **** /*********************************************************************
  61:../aw/Source/CustomCode/ID_SCREEN_01_Slots.c **** *
  62:../aw/Source/CustomCode/ID_SCREEN_01_Slots.c **** *       ID_SCREEN_01__APPW_NOTIFICATION_INITDIALOG__ID_NUM_BL_01__APPW_JOB_SETVIS
  63:../aw/Source/CustomCode/ID_SCREEN_01_Slots.c **** */
  64:../aw/Source/CustomCode/ID_SCREEN_01_Slots.c **** void ID_SCREEN_01__APPW_NOTIFICATION_INITDIALOG__ID_NUM_BL_01__APPW_JOB_SETVIS(APPW_ACTION_ITEM * p
  53                             		.loc 1 64 159 is_stmt 1 view -0
  65:../aw/Source/CustomCode/ID_SCREEN_01_Slots.c ****   GUI_USE_PARA(pAction);
  54                             		.loc 1 65 3 view .LVU16
  66:../aw/Source/CustomCode/ID_SCREEN_01_Slots.c ****   GUI_USE_PARA(hScreen);
  55                             		.loc 1 66 3 view .LVU17
  67:../aw/Source/CustomCode/ID_SCREEN_01_Slots.c ****   GUI_USE_PARA(pMsg);
  56                             		.loc 1 67 3 view .LVU18
  68:../aw/Source/CustomCode/ID_SCREEN_01_Slots.c ****   GUI_USE_PARA(pResult);
  57                             		.loc 1 68 3 view .LVU19
  69:../aw/Source/CustomCode/ID_SCREEN_01_Slots.c **** }
  58                             		.loc 1 69 1 is_stmt 0 view .LVU20
  59 0000 02                      		rts
  60                             	.LFE3:
  62                             		.section	.text.ID_SCREEN_01__APPW_NOTIFICATION_INITDIALOG__ID_NUM_AD_01__APPW_JOB_SETVIS,"ax",@pro
  63                             		.global	_ID_SCREEN_01__APPW_NOTIFICATION_INITDIALOG__ID_NUM_AD_01__APPW_JOB_SETVIS
  65                             	_ID_SCREEN_01__APPW_NOTIFICATION_INITDIALOG__ID_NUM_AD_01__APPW_JOB_SETVIS:
  66                             	.LVL4:
  67                             	.LFB4:
  70:../aw/Source/CustomCode/ID_SCREEN_01_Slots.c **** 
  71:../aw/Source/CustomCode/ID_SCREEN_01_Slots.c **** /*********************************************************************
  72:../aw/Source/CustomCode/ID_SCREEN_01_Slots.c **** *
  73:../aw/Source/CustomCode/ID_SCREEN_01_Slots.c **** *       ID_SCREEN_01__APPW_NOTIFICATION_INITDIALOG__ID_NUM_AD_01__APPW_JOB_SETVIS
  74:../aw/Source/CustomCode/ID_SCREEN_01_Slots.c **** */
  75:../aw/Source/CustomCode/ID_SCREEN_01_Slots.c **** void ID_SCREEN_01__APPW_NOTIFICATION_INITDIALOG__ID_NUM_AD_01__APPW_JOB_SETVIS(APPW_ACTION_ITEM * p
  68                             		.loc 1 75 159 is_stmt 1 view -0
  76:../aw/Source/CustomCode/ID_SCREEN_01_Slots.c ****   GUI_USE_PARA(pAction);
  69                             		.loc 1 76 3 view .LVU22
  77:../aw/Source/CustomCode/ID_SCREEN_01_Slots.c ****   GUI_USE_PARA(hScreen);
  70                             		.loc 1 77 3 view .LVU23
  78:../aw/Source/CustomCode/ID_SCREEN_01_Slots.c ****   GUI_USE_PARA(pMsg);
  71                             		.loc 1 78 3 view .LVU24
  79:../aw/Source/CustomCode/ID_SCREEN_01_Slots.c ****   GUI_USE_PARA(pResult);
  72                             		.loc 1 79 3 view .LVU25
  80:../aw/Source/CustomCode/ID_SCREEN_01_Slots.c **** }
  73                             		.loc 1 80 1 is_stmt 0 view .LVU26
  74 0000 02                      		rts
  75                             	.LFE4:
  77                             		.section	.text.ID_SCREEN_01__APPW_NOTIFICATION_INITDIALOG__ID_NUM_AD_02__APPW_JOB_SETVIS,"ax",@pro
  78                             		.global	_ID_SCREEN_01__APPW_NOTIFICATION_INITDIALOG__ID_NUM_AD_02__APPW_JOB_SETVIS
  80                             	_ID_SCREEN_01__APPW_NOTIFICATION_INITDIALOG__ID_NUM_AD_02__APPW_JOB_SETVIS:
  81                             	.LVL5:
  82                             	.LFB5:
  81:../aw/Source/CustomCode/ID_SCREEN_01_Slots.c **** 
  82:../aw/Source/CustomCode/ID_SCREEN_01_Slots.c **** /*********************************************************************
  83:../aw/Source/CustomCode/ID_SCREEN_01_Slots.c **** *
  84:../aw/Source/CustomCode/ID_SCREEN_01_Slots.c **** *       ID_SCREEN_01__APPW_NOTIFICATION_INITDIALOG__ID_NUM_AD_02__APPW_JOB_SETVIS
  85:../aw/Source/CustomCode/ID_SCREEN_01_Slots.c **** */
  86:../aw/Source/CustomCode/ID_SCREEN_01_Slots.c **** void ID_SCREEN_01__APPW_NOTIFICATION_INITDIALOG__ID_NUM_AD_02__APPW_JOB_SETVIS(APPW_ACTION_ITEM * p
  83                             		.loc 1 86 159 is_stmt 1 view -0
  87:../aw/Source/CustomCode/ID_SCREEN_01_Slots.c ****   GUI_USE_PARA(pAction);
  84                             		.loc 1 87 3 view .LVU28
  88:../aw/Source/CustomCode/ID_SCREEN_01_Slots.c ****   GUI_USE_PARA(hScreen);
  85                             		.loc 1 88 3 view .LVU29
  89:../aw/Source/CustomCode/ID_SCREEN_01_Slots.c ****   GUI_USE_PARA(pMsg);
  86                             		.loc 1 89 3 view .LVU30
  90:../aw/Source/CustomCode/ID_SCREEN_01_Slots.c ****   GUI_USE_PARA(pResult);
  87                             		.loc 1 90 3 view .LVU31
  91:../aw/Source/CustomCode/ID_SCREEN_01_Slots.c **** }
  88                             		.loc 1 91 1 is_stmt 0 view .LVU32
  89 0000 02                      		rts
  90                             	.LFE5:
  92                             		.section	.text.ID_SCREEN_01__APPW_NOTIFICATION_INITDIALOG__ID_NUM_AD_03__APPW_JOB_SETVIS,"ax",@pro
  93                             		.global	_ID_SCREEN_01__APPW_NOTIFICATION_INITDIALOG__ID_NUM_AD_03__APPW_JOB_SETVIS
  95                             	_ID_SCREEN_01__APPW_NOTIFICATION_INITDIALOG__ID_NUM_AD_03__APPW_JOB_SETVIS:
  96                             	.LVL6:
  97                             	.LFB6:
  92:../aw/Source/CustomCode/ID_SCREEN_01_Slots.c **** 
  93:../aw/Source/CustomCode/ID_SCREEN_01_Slots.c **** /*********************************************************************
  94:../aw/Source/CustomCode/ID_SCREEN_01_Slots.c **** *
  95:../aw/Source/CustomCode/ID_SCREEN_01_Slots.c **** *       ID_SCREEN_01__APPW_NOTIFICATION_INITDIALOG__ID_NUM_AD_03__APPW_JOB_SETVIS
  96:../aw/Source/CustomCode/ID_SCREEN_01_Slots.c **** */
  97:../aw/Source/CustomCode/ID_SCREEN_01_Slots.c **** void ID_SCREEN_01__APPW_NOTIFICATION_INITDIALOG__ID_NUM_AD_03__APPW_JOB_SETVIS(APPW_ACTION_ITEM * p
  98                             		.loc 1 97 159 is_stmt 1 view -0
  98:../aw/Source/CustomCode/ID_SCREEN_01_Slots.c ****   GUI_USE_PARA(pAction);
  99                             		.loc 1 98 3 view .LVU34
  99:../aw/Source/CustomCode/ID_SCREEN_01_Slots.c ****   GUI_USE_PARA(hScreen);
 100                             		.loc 1 99 3 view .LVU35
 100:../aw/Source/CustomCode/ID_SCREEN_01_Slots.c ****   GUI_USE_PARA(pMsg);
 101                             		.loc 1 100 3 view .LVU36
 101:../aw/Source/CustomCode/ID_SCREEN_01_Slots.c ****   GUI_USE_PARA(pResult);
 102                             		.loc 1 101 3 view .LVU37
 102:../aw/Source/CustomCode/ID_SCREEN_01_Slots.c **** }
 103                             		.loc 1 102 1 is_stmt 0 view .LVU38
 104 0000 02                      		rts
 105                             	.LFE6:
 107                             		.section	.text.ID_SCREEN_01__APPW_NOTIFICATION_INITDIALOG__ID_NUM_AD_04__APPW_JOB_SETVIS,"ax",@pro
 108                             		.global	_ID_SCREEN_01__APPW_NOTIFICATION_INITDIALOG__ID_NUM_AD_04__APPW_JOB_SETVIS
 110                             	_ID_SCREEN_01__APPW_NOTIFICATION_INITDIALOG__ID_NUM_AD_04__APPW_JOB_SETVIS:
 111                             	.LVL7:
 112                             	.LFB7:
 103:../aw/Source/CustomCode/ID_SCREEN_01_Slots.c **** 
 104:../aw/Source/CustomCode/ID_SCREEN_01_Slots.c **** /*********************************************************************
 105:../aw/Source/CustomCode/ID_SCREEN_01_Slots.c **** *
 106:../aw/Source/CustomCode/ID_SCREEN_01_Slots.c **** *       ID_SCREEN_01__APPW_NOTIFICATION_INITDIALOG__ID_NUM_AD_04__APPW_JOB_SETVIS
 107:../aw/Source/CustomCode/ID_SCREEN_01_Slots.c **** */
 108:../aw/Source/CustomCode/ID_SCREEN_01_Slots.c **** void ID_SCREEN_01__APPW_NOTIFICATION_INITDIALOG__ID_NUM_AD_04__APPW_JOB_SETVIS(APPW_ACTION_ITEM * p
 113                             		.loc 1 108 159 is_stmt 1 view -0
 109:../aw/Source/CustomCode/ID_SCREEN_01_Slots.c ****   GUI_USE_PARA(pAction);
 114                             		.loc 1 109 3 view .LVU40
 110:../aw/Source/CustomCode/ID_SCREEN_01_Slots.c ****   GUI_USE_PARA(hScreen);
 115                             		.loc 1 110 3 view .LVU41
 111:../aw/Source/CustomCode/ID_SCREEN_01_Slots.c ****   GUI_USE_PARA(pMsg);
 116                             		.loc 1 111 3 view .LVU42
 112:../aw/Source/CustomCode/ID_SCREEN_01_Slots.c ****   GUI_USE_PARA(pResult);
 117                             		.loc 1 112 3 view .LVU43
 113:../aw/Source/CustomCode/ID_SCREEN_01_Slots.c **** }
 118                             		.loc 1 113 1 is_stmt 0 view .LVU44
 119 0000 02                      		rts
 120                             	.LFE7:
 122                             		.section	.text.ID_SCREEN_01__WM_NOTIFICATION_VALUE_CHANGED__ID_NUM_FPS__APPW_JOB_SETVALUE,"ax",@pr
 123                             		.global	_ID_SCREEN_01__WM_NOTIFICATION_VALUE_CHANGED__ID_NUM_FPS__APPW_JOB_SETVALUE
 125                             	_ID_SCREEN_01__WM_NOTIFICATION_VALUE_CHANGED__ID_NUM_FPS__APPW_JOB_SETVALUE:
 126                             	.LVL8:
 127                             	.LFB8:
 114:../aw/Source/CustomCode/ID_SCREEN_01_Slots.c **** 
 115:../aw/Source/CustomCode/ID_SCREEN_01_Slots.c **** /*********************************************************************
 116:../aw/Source/CustomCode/ID_SCREEN_01_Slots.c **** *
 117:../aw/Source/CustomCode/ID_SCREEN_01_Slots.c **** *       ID_SCREEN_01__WM_NOTIFICATION_VALUE_CHANGED__ID_NUM_FPS__APPW_JOB_SETVALUE
 118:../aw/Source/CustomCode/ID_SCREEN_01_Slots.c **** */
 119:../aw/Source/CustomCode/ID_SCREEN_01_Slots.c **** void ID_SCREEN_01__WM_NOTIFICATION_VALUE_CHANGED__ID_NUM_FPS__APPW_JOB_SETVALUE(APPW_ACTION_ITEM * 
 128                             		.loc 1 119 160 is_stmt 1 view -0
 120:../aw/Source/CustomCode/ID_SCREEN_01_Slots.c ****   GUI_USE_PARA(pAction);
 129                             		.loc 1 120 3 view .LVU46
 121:../aw/Source/CustomCode/ID_SCREEN_01_Slots.c ****   GUI_USE_PARA(hScreen);
 130                             		.loc 1 121 3 view .LVU47
 122:../aw/Source/CustomCode/ID_SCREEN_01_Slots.c ****   GUI_USE_PARA(pMsg);
 131                             		.loc 1 122 3 view .LVU48
 123:../aw/Source/CustomCode/ID_SCREEN_01_Slots.c ****   GUI_USE_PARA(pResult);
 132                             		.loc 1 123 3 view .LVU49
 124:../aw/Source/CustomCode/ID_SCREEN_01_Slots.c **** }
 133                             		.loc 1 124 1 is_stmt 0 view .LVU50
 134 0000 02                      		rts
 135                             	.LFE8:
 137                             		.section	.text.ID_SCREEN_01__WM_NOTIFICATION_VALUE_CHANGED__ID_ROTARY_00__APPW_JOB_SETVALUE,"ax",@
 138                             		.global	_ID_SCREEN_01__WM_NOTIFICATION_VALUE_CHANGED__ID_ROTARY_00__APPW_JOB_SETVALUE
 140                             	_ID_SCREEN_01__WM_NOTIFICATION_VALUE_CHANGED__ID_ROTARY_00__APPW_JOB_SETVALUE:
 141                             	.LVL9:
 142                             	.LFB9:
 125:../aw/Source/CustomCode/ID_SCREEN_01_Slots.c **** 
 126:../aw/Source/CustomCode/ID_SCREEN_01_Slots.c **** /*********************************************************************
 127:../aw/Source/CustomCode/ID_SCREEN_01_Slots.c **** *
 128:../aw/Source/CustomCode/ID_SCREEN_01_Slots.c **** *       ID_SCREEN_01__WM_NOTIFICATION_VALUE_CHANGED__ID_ROTARY_00__APPW_JOB_SETVALUE
 129:../aw/Source/CustomCode/ID_SCREEN_01_Slots.c **** */
 130:../aw/Source/CustomCode/ID_SCREEN_01_Slots.c **** void ID_SCREEN_01__WM_NOTIFICATION_VALUE_CHANGED__ID_ROTARY_00__APPW_JOB_SETVALUE(APPW_ACTION_ITEM 
 143                             		.loc 1 130 162 is_stmt 1 view -0
 131:../aw/Source/CustomCode/ID_SCREEN_01_Slots.c ****   GUI_USE_PARA(pAction);
 144                             		.loc 1 131 3 view .LVU52
 132:../aw/Source/CustomCode/ID_SCREEN_01_Slots.c ****   GUI_USE_PARA(hScreen);
 145                             		.loc 1 132 3 view .LVU53
 133:../aw/Source/CustomCode/ID_SCREEN_01_Slots.c ****   GUI_USE_PARA(pMsg);
 146                             		.loc 1 133 3 view .LVU54
 134:../aw/Source/CustomCode/ID_SCREEN_01_Slots.c ****   GUI_USE_PARA(pResult);
 147                             		.loc 1 134 3 view .LVU55
 135:../aw/Source/CustomCode/ID_SCREEN_01_Slots.c **** }
 148                             		.loc 1 135 1 is_stmt 0 view .LVU56
 149 0000 02                      		rts
 150                             	.LFE9:
 152                             		.section	.text.ID_SCREEN_01__WM_NOTIFICATION_VALUE_CHANGED__ID_GAUGE_00__APPW_JOB_SETVALUE,"ax",@p
 153                             		.global	_ID_SCREEN_01__WM_NOTIFICATION_VALUE_CHANGED__ID_GAUGE_00__APPW_JOB_SETVALUE
 155                             	_ID_SCREEN_01__WM_NOTIFICATION_VALUE_CHANGED__ID_GAUGE_00__APPW_JOB_SETVALUE:
 156                             	.LVL10:
 157                             	.LFB10:
 136:../aw/Source/CustomCode/ID_SCREEN_01_Slots.c **** 
 137:../aw/Source/CustomCode/ID_SCREEN_01_Slots.c **** /*********************************************************************
 138:../aw/Source/CustomCode/ID_SCREEN_01_Slots.c **** *
 139:../aw/Source/CustomCode/ID_SCREEN_01_Slots.c **** *       ID_SCREEN_01__WM_NOTIFICATION_VALUE_CHANGED__ID_GAUGE_00__APPW_JOB_SETVALUE
 140:../aw/Source/CustomCode/ID_SCREEN_01_Slots.c **** */
 141:../aw/Source/CustomCode/ID_SCREEN_01_Slots.c **** void ID_SCREEN_01__WM_NOTIFICATION_VALUE_CHANGED__ID_GAUGE_00__APPW_JOB_SETVALUE(APPW_ACTION_ITEM *
 158                             		.loc 1 141 161 is_stmt 1 view -0
 142:../aw/Source/CustomCode/ID_SCREEN_01_Slots.c ****   GUI_USE_PARA(pAction);
 159                             		.loc 1 142 3 view .LVU58
 143:../aw/Source/CustomCode/ID_SCREEN_01_Slots.c ****   GUI_USE_PARA(hScreen);
 160                             		.loc 1 143 3 view .LVU59
 144:../aw/Source/CustomCode/ID_SCREEN_01_Slots.c ****   GUI_USE_PARA(pMsg);
 161                             		.loc 1 144 3 view .LVU60
 145:../aw/Source/CustomCode/ID_SCREEN_01_Slots.c ****   GUI_USE_PARA(pResult);
 162                             		.loc 1 145 3 view .LVU61
 146:../aw/Source/CustomCode/ID_SCREEN_01_Slots.c **** }
 163                             		.loc 1 146 1 is_stmt 0 view .LVU62
 164 0000 02                      		rts
 165                             	.LFE10:
 167                             		.section	.text.ID_SCREEN_01__WM_NOTIFICATION_VALUE_CHANGED__ID_NUM_01__APPW_JOB_SETVALUE,"ax",@pro
 168                             		.global	_ID_SCREEN_01__WM_NOTIFICATION_VALUE_CHANGED__ID_NUM_01__APPW_JOB_SETVALUE
 170                             	_ID_SCREEN_01__WM_NOTIFICATION_VALUE_CHANGED__ID_NUM_01__APPW_JOB_SETVALUE:
 171                             	.LVL11:
 172                             	.LFB11:
 147:../aw/Source/CustomCode/ID_SCREEN_01_Slots.c **** 
 148:../aw/Source/CustomCode/ID_SCREEN_01_Slots.c **** /*********************************************************************
 149:../aw/Source/CustomCode/ID_SCREEN_01_Slots.c **** *
 150:../aw/Source/CustomCode/ID_SCREEN_01_Slots.c **** *       ID_SCREEN_01__WM_NOTIFICATION_VALUE_CHANGED__ID_NUM_01__APPW_JOB_SETVALUE
 151:../aw/Source/CustomCode/ID_SCREEN_01_Slots.c **** */
 152:../aw/Source/CustomCode/ID_SCREEN_01_Slots.c **** void ID_SCREEN_01__WM_NOTIFICATION_VALUE_CHANGED__ID_NUM_01__APPW_JOB_SETVALUE(APPW_ACTION_ITEM * p
 173                             		.loc 1 152 159 is_stmt 1 view -0
 153:../aw/Source/CustomCode/ID_SCREEN_01_Slots.c ****   GUI_USE_PARA(pAction);
 174                             		.loc 1 153 3 view .LVU64
 154:../aw/Source/CustomCode/ID_SCREEN_01_Slots.c ****   GUI_USE_PARA(hScreen);
 175                             		.loc 1 154 3 view .LVU65
 155:../aw/Source/CustomCode/ID_SCREEN_01_Slots.c ****   GUI_USE_PARA(pMsg);
 176                             		.loc 1 155 3 view .LVU66
 156:../aw/Source/CustomCode/ID_SCREEN_01_Slots.c ****   GUI_USE_PARA(pResult);
 177                             		.loc 1 156 3 view .LVU67
 157:../aw/Source/CustomCode/ID_SCREEN_01_Slots.c **** }
 178                             		.loc 1 157 1 is_stmt 0 view .LVU68
 179 0000 02                      		rts
 180                             	.LFE11:
 182                             		.section	.text.ID_SCREEN_01__WM_NOTIFICATION_VALUE_CHANGED__ID_NUM_02__APPW_JOB_SETVALUE,"ax",@pro
 183                             		.global	_ID_SCREEN_01__WM_NOTIFICATION_VALUE_CHANGED__ID_NUM_02__APPW_JOB_SETVALUE
 185                             	_ID_SCREEN_01__WM_NOTIFICATION_VALUE_CHANGED__ID_NUM_02__APPW_JOB_SETVALUE:
 186                             	.LVL12:
 187                             	.LFB12:
 158:../aw/Source/CustomCode/ID_SCREEN_01_Slots.c **** 
 159:../aw/Source/CustomCode/ID_SCREEN_01_Slots.c **** /*********************************************************************
 160:../aw/Source/CustomCode/ID_SCREEN_01_Slots.c **** *
 161:../aw/Source/CustomCode/ID_SCREEN_01_Slots.c **** *       ID_SCREEN_01__WM_NOTIFICATION_VALUE_CHANGED__ID_NUM_02__APPW_JOB_SETVALUE
 162:../aw/Source/CustomCode/ID_SCREEN_01_Slots.c **** */
 163:../aw/Source/CustomCode/ID_SCREEN_01_Slots.c **** void ID_SCREEN_01__WM_NOTIFICATION_VALUE_CHANGED__ID_NUM_02__APPW_JOB_SETVALUE(APPW_ACTION_ITEM * p
 188                             		.loc 1 163 159 is_stmt 1 view -0
 164:../aw/Source/CustomCode/ID_SCREEN_01_Slots.c ****   GUI_USE_PARA(pAction);
 189                             		.loc 1 164 3 view .LVU70
 165:../aw/Source/CustomCode/ID_SCREEN_01_Slots.c ****   GUI_USE_PARA(hScreen);
 190                             		.loc 1 165 3 view .LVU71
 166:../aw/Source/CustomCode/ID_SCREEN_01_Slots.c ****   GUI_USE_PARA(pMsg);
 191                             		.loc 1 166 3 view .LVU72
 167:../aw/Source/CustomCode/ID_SCREEN_01_Slots.c ****   GUI_USE_PARA(pResult);
 192                             		.loc 1 167 3 view .LVU73
 168:../aw/Source/CustomCode/ID_SCREEN_01_Slots.c **** }
 193                             		.loc 1 168 1 is_stmt 0 view .LVU74
 194 0000 02                      		rts
 195                             	.LFE12:
 197                             		.section	.text.ID_SCREEN_01__WM_NOTIFICATION_VALUE_CHANGED__ID_NUM_03__APPW_JOB_SETVALUE,"ax",@pro
 198                             		.global	_ID_SCREEN_01__WM_NOTIFICATION_VALUE_CHANGED__ID_NUM_03__APPW_JOB_SETVALUE
 200                             	_ID_SCREEN_01__WM_NOTIFICATION_VALUE_CHANGED__ID_NUM_03__APPW_JOB_SETVALUE:
 201                             	.LVL13:
 202                             	.LFB13:
 169:../aw/Source/CustomCode/ID_SCREEN_01_Slots.c **** 
 170:../aw/Source/CustomCode/ID_SCREEN_01_Slots.c **** /*********************************************************************
 171:../aw/Source/CustomCode/ID_SCREEN_01_Slots.c **** *
 172:../aw/Source/CustomCode/ID_SCREEN_01_Slots.c **** *       ID_SCREEN_01__WM_NOTIFICATION_VALUE_CHANGED__ID_NUM_03__APPW_JOB_SETVALUE
 173:../aw/Source/CustomCode/ID_SCREEN_01_Slots.c **** */
 174:../aw/Source/CustomCode/ID_SCREEN_01_Slots.c **** void ID_SCREEN_01__WM_NOTIFICATION_VALUE_CHANGED__ID_NUM_03__APPW_JOB_SETVALUE(APPW_ACTION_ITEM * p
 203                             		.loc 1 174 159 is_stmt 1 view -0
 175:../aw/Source/CustomCode/ID_SCREEN_01_Slots.c ****   GUI_USE_PARA(pAction);
 204                             		.loc 1 175 3 view .LVU76
 176:../aw/Source/CustomCode/ID_SCREEN_01_Slots.c ****   GUI_USE_PARA(hScreen);
 205                             		.loc 1 176 3 view .LVU77
 177:../aw/Source/CustomCode/ID_SCREEN_01_Slots.c ****   GUI_USE_PARA(pMsg);
 206                             		.loc 1 177 3 view .LVU78
 178:../aw/Source/CustomCode/ID_SCREEN_01_Slots.c ****   GUI_USE_PARA(pResult);
 207                             		.loc 1 178 3 view .LVU79
 179:../aw/Source/CustomCode/ID_SCREEN_01_Slots.c **** }
 208                             		.loc 1 179 1 is_stmt 0 view .LVU80
 209 0000 02                      		rts
 210                             	.LFE13:
 212                             		.section	.text.ID_SCREEN_01__WM_NOTIFICATION_VALUE_CHANGED__ID_NUM_04__APPW_JOB_SETVALUE,"ax",@pro
 213                             		.global	_ID_SCREEN_01__WM_NOTIFICATION_VALUE_CHANGED__ID_NUM_04__APPW_JOB_SETVALUE
 215                             	_ID_SCREEN_01__WM_NOTIFICATION_VALUE_CHANGED__ID_NUM_04__APPW_JOB_SETVALUE:
 216                             	.LVL14:
 217                             	.LFB14:
 180:../aw/Source/CustomCode/ID_SCREEN_01_Slots.c **** 
 181:../aw/Source/CustomCode/ID_SCREEN_01_Slots.c **** /*********************************************************************
 182:../aw/Source/CustomCode/ID_SCREEN_01_Slots.c **** *
 183:../aw/Source/CustomCode/ID_SCREEN_01_Slots.c **** *       ID_SCREEN_01__WM_NOTIFICATION_VALUE_CHANGED__ID_NUM_04__APPW_JOB_SETVALUE
 184:../aw/Source/CustomCode/ID_SCREEN_01_Slots.c **** */
 185:../aw/Source/CustomCode/ID_SCREEN_01_Slots.c **** void ID_SCREEN_01__WM_NOTIFICATION_VALUE_CHANGED__ID_NUM_04__APPW_JOB_SETVALUE(APPW_ACTION_ITEM * p
 218                             		.loc 1 185 159 is_stmt 1 view -0
 186:../aw/Source/CustomCode/ID_SCREEN_01_Slots.c ****   GUI_USE_PARA(pAction);
 219                             		.loc 1 186 3 view .LVU82
 187:../aw/Source/CustomCode/ID_SCREEN_01_Slots.c ****   GUI_USE_PARA(hScreen);
 220                             		.loc 1 187 3 view .LVU83
 188:../aw/Source/CustomCode/ID_SCREEN_01_Slots.c ****   GUI_USE_PARA(pMsg);
 221                             		.loc 1 188 3 view .LVU84
 189:../aw/Source/CustomCode/ID_SCREEN_01_Slots.c ****   GUI_USE_PARA(pResult);
 222                             		.loc 1 189 3 view .LVU85
 190:../aw/Source/CustomCode/ID_SCREEN_01_Slots.c **** }
 223                             		.loc 1 190 1 is_stmt 0 view .LVU86
 224 0000 02                      		rts
 225                             	.LFE14:
 227                             		.section	.text.ID_SCREEN_01__WM_NOTIFICATION_VALUE_CHANGED__ID_NUM_05__APPW_JOB_SETVALUE,"ax",@pro
 228                             		.global	_ID_SCREEN_01__WM_NOTIFICATION_VALUE_CHANGED__ID_NUM_05__APPW_JOB_SETVALUE
 230                             	_ID_SCREEN_01__WM_NOTIFICATION_VALUE_CHANGED__ID_NUM_05__APPW_JOB_SETVALUE:
 231                             	.LVL15:
 232                             	.LFB15:
 191:../aw/Source/CustomCode/ID_SCREEN_01_Slots.c **** 
 192:../aw/Source/CustomCode/ID_SCREEN_01_Slots.c **** /*********************************************************************
 193:../aw/Source/CustomCode/ID_SCREEN_01_Slots.c **** *
 194:../aw/Source/CustomCode/ID_SCREEN_01_Slots.c **** *       ID_SCREEN_01__WM_NOTIFICATION_VALUE_CHANGED__ID_NUM_05__APPW_JOB_SETVALUE
 195:../aw/Source/CustomCode/ID_SCREEN_01_Slots.c **** */
 196:../aw/Source/CustomCode/ID_SCREEN_01_Slots.c **** void ID_SCREEN_01__WM_NOTIFICATION_VALUE_CHANGED__ID_NUM_05__APPW_JOB_SETVALUE(APPW_ACTION_ITEM * p
 233                             		.loc 1 196 159 is_stmt 1 view -0
 197:../aw/Source/CustomCode/ID_SCREEN_01_Slots.c ****   GUI_USE_PARA(pAction);
 234                             		.loc 1 197 3 view .LVU88
 198:../aw/Source/CustomCode/ID_SCREEN_01_Slots.c ****   GUI_USE_PARA(hScreen);
 235                             		.loc 1 198 3 view .LVU89
 199:../aw/Source/CustomCode/ID_SCREEN_01_Slots.c ****   GUI_USE_PARA(pMsg);
 236                             		.loc 1 199 3 view .LVU90
 200:../aw/Source/CustomCode/ID_SCREEN_01_Slots.c ****   GUI_USE_PARA(pResult);
 237                             		.loc 1 200 3 view .LVU91
 201:../aw/Source/CustomCode/ID_SCREEN_01_Slots.c **** }
 238                             		.loc 1 201 1 is_stmt 0 view .LVU92
 239 0000 02                      		rts
 240                             	.LFE15:
 242                             		.section	.text.ID_SCREEN_01__WM_NOTIFICATION_VALUE_CHANGED__ID_NUM_06__APPW_JOB_SETVALUE,"ax",@pro
 243                             		.global	_ID_SCREEN_01__WM_NOTIFICATION_VALUE_CHANGED__ID_NUM_06__APPW_JOB_SETVALUE
 245                             	_ID_SCREEN_01__WM_NOTIFICATION_VALUE_CHANGED__ID_NUM_06__APPW_JOB_SETVALUE:
 246                             	.LVL16:
 247                             	.LFB16:
 202:../aw/Source/CustomCode/ID_SCREEN_01_Slots.c **** 
 203:../aw/Source/CustomCode/ID_SCREEN_01_Slots.c **** /*********************************************************************
 204:../aw/Source/CustomCode/ID_SCREEN_01_Slots.c **** *
 205:../aw/Source/CustomCode/ID_SCREEN_01_Slots.c **** *       ID_SCREEN_01__WM_NOTIFICATION_VALUE_CHANGED__ID_NUM_06__APPW_JOB_SETVALUE
 206:../aw/Source/CustomCode/ID_SCREEN_01_Slots.c **** */
 207:../aw/Source/CustomCode/ID_SCREEN_01_Slots.c **** void ID_SCREEN_01__WM_NOTIFICATION_VALUE_CHANGED__ID_NUM_06__APPW_JOB_SETVALUE(APPW_ACTION_ITEM * p
 248                             		.loc 1 207 159 is_stmt 1 view -0
 208:../aw/Source/CustomCode/ID_SCREEN_01_Slots.c ****   GUI_USE_PARA(pAction);
 249                             		.loc 1 208 3 view .LVU94
 209:../aw/Source/CustomCode/ID_SCREEN_01_Slots.c ****   GUI_USE_PARA(hScreen);
 250                             		.loc 1 209 3 view .LVU95
 210:../aw/Source/CustomCode/ID_SCREEN_01_Slots.c ****   GUI_USE_PARA(pMsg);
 251                             		.loc 1 210 3 view .LVU96
 211:../aw/Source/CustomCode/ID_SCREEN_01_Slots.c ****   GUI_USE_PARA(pResult);
 252                             		.loc 1 211 3 view .LVU97
 212:../aw/Source/CustomCode/ID_SCREEN_01_Slots.c **** }
 253                             		.loc 1 212 1 is_stmt 0 view .LVU98
 254 0000 02                      		rts
 255                             	.LFE16:
 257                             		.section	.text.ID_SCREEN_01__WM_NOTIFICATION_VALUE_CHANGED__ID_NUM_AF__APPW_JOB_SETVALUE,"ax",@pro
 258                             		.global	_ID_SCREEN_01__WM_NOTIFICATION_VALUE_CHANGED__ID_NUM_AF__APPW_JOB_SETVALUE
 260                             	_ID_SCREEN_01__WM_NOTIFICATION_VALUE_CHANGED__ID_NUM_AF__APPW_JOB_SETVALUE:
 261                             	.LVL17:
 262                             	.LFB17:
 213:../aw/Source/CustomCode/ID_SCREEN_01_Slots.c **** 
 214:../aw/Source/CustomCode/ID_SCREEN_01_Slots.c **** /*********************************************************************
 215:../aw/Source/CustomCode/ID_SCREEN_01_Slots.c **** *
 216:../aw/Source/CustomCode/ID_SCREEN_01_Slots.c **** *       ID_SCREEN_01__WM_NOTIFICATION_VALUE_CHANGED__ID_NUM_AF__APPW_JOB_SETVALUE
 217:../aw/Source/CustomCode/ID_SCREEN_01_Slots.c **** */
 218:../aw/Source/CustomCode/ID_SCREEN_01_Slots.c **** void ID_SCREEN_01__WM_NOTIFICATION_VALUE_CHANGED__ID_NUM_AF__APPW_JOB_SETVALUE(APPW_ACTION_ITEM * p
 263                             		.loc 1 218 159 is_stmt 1 view -0
 219:../aw/Source/CustomCode/ID_SCREEN_01_Slots.c ****   GUI_USE_PARA(pAction);
 264                             		.loc 1 219 3 view .LVU100
 220:../aw/Source/CustomCode/ID_SCREEN_01_Slots.c ****   GUI_USE_PARA(hScreen);
 265                             		.loc 1 220 3 view .LVU101
 221:../aw/Source/CustomCode/ID_SCREEN_01_Slots.c ****   GUI_USE_PARA(pMsg);
 266                             		.loc 1 221 3 view .LVU102
 222:../aw/Source/CustomCode/ID_SCREEN_01_Slots.c ****   GUI_USE_PARA(pResult);
 267                             		.loc 1 222 3 view .LVU103
 223:../aw/Source/CustomCode/ID_SCREEN_01_Slots.c **** }
 268                             		.loc 1 223 1 is_stmt 0 view .LVU104
 269 0000 02                      		rts
 270                             	.LFE17:
 272                             		.section	.text.ID_SCREEN_01__WM_NOTIFICATION_VALUE_CHANGED__ID_NUM_RV__APPW_JOB_SETVALUE,"ax",@pro
 273                             		.global	_ID_SCREEN_01__WM_NOTIFICATION_VALUE_CHANGED__ID_NUM_RV__APPW_JOB_SETVALUE
 275                             	_ID_SCREEN_01__WM_NOTIFICATION_VALUE_CHANGED__ID_NUM_RV__APPW_JOB_SETVALUE:
 276                             	.LVL18:
 277                             	.LFB18:
 224:../aw/Source/CustomCode/ID_SCREEN_01_Slots.c **** 
 225:../aw/Source/CustomCode/ID_SCREEN_01_Slots.c **** /*********************************************************************
 226:../aw/Source/CustomCode/ID_SCREEN_01_Slots.c **** *
 227:../aw/Source/CustomCode/ID_SCREEN_01_Slots.c **** *       ID_SCREEN_01__WM_NOTIFICATION_VALUE_CHANGED__ID_NUM_RV__APPW_JOB_SETVALUE
 228:../aw/Source/CustomCode/ID_SCREEN_01_Slots.c **** */
 229:../aw/Source/CustomCode/ID_SCREEN_01_Slots.c **** void ID_SCREEN_01__WM_NOTIFICATION_VALUE_CHANGED__ID_NUM_RV__APPW_JOB_SETVALUE(APPW_ACTION_ITEM * p
 278                             		.loc 1 229 159 is_stmt 1 view -0
 230:../aw/Source/CustomCode/ID_SCREEN_01_Slots.c ****   GUI_USE_PARA(pAction);
 279                             		.loc 1 230 3 view .LVU106
 231:../aw/Source/CustomCode/ID_SCREEN_01_Slots.c ****   GUI_USE_PARA(hScreen);
 280                             		.loc 1 231 3 view .LVU107
 232:../aw/Source/CustomCode/ID_SCREEN_01_Slots.c ****   GUI_USE_PARA(pMsg);
 281                             		.loc 1 232 3 view .LVU108
 233:../aw/Source/CustomCode/ID_SCREEN_01_Slots.c ****   GUI_USE_PARA(pResult);
 282                             		.loc 1 233 3 view .LVU109
 234:../aw/Source/CustomCode/ID_SCREEN_01_Slots.c **** }
 283                             		.loc 1 234 1 is_stmt 0 view .LVU110
 284 0000 02                      		rts
 285                             	.LFE18:
 287                             		.section	.text.ID_SCREEN_01__WM_NOTIFICATION_VALUE_CHANGED__ID_NUM_BT_01__APPW_JOB_SETVALUE,"ax",@
 288                             		.global	_ID_SCREEN_01__WM_NOTIFICATION_VALUE_CHANGED__ID_NUM_BT_01__APPW_JOB_SETVALUE
 290                             	_ID_SCREEN_01__WM_NOTIFICATION_VALUE_CHANGED__ID_NUM_BT_01__APPW_JOB_SETVALUE:
 291                             	.LVL19:
 292                             	.LFB19:
 235:../aw/Source/CustomCode/ID_SCREEN_01_Slots.c **** 
 236:../aw/Source/CustomCode/ID_SCREEN_01_Slots.c **** /*********************************************************************
 237:../aw/Source/CustomCode/ID_SCREEN_01_Slots.c **** *
 238:../aw/Source/CustomCode/ID_SCREEN_01_Slots.c **** *       ID_SCREEN_01__WM_NOTIFICATION_VALUE_CHANGED__ID_NUM_BT_01__APPW_JOB_SETVALUE
 239:../aw/Source/CustomCode/ID_SCREEN_01_Slots.c **** */
 240:../aw/Source/CustomCode/ID_SCREEN_01_Slots.c **** void ID_SCREEN_01__WM_NOTIFICATION_VALUE_CHANGED__ID_NUM_BT_01__APPW_JOB_SETVALUE(APPW_ACTION_ITEM 
 293                             		.loc 1 240 162 is_stmt 1 view -0
 241:../aw/Source/CustomCode/ID_SCREEN_01_Slots.c ****   GUI_USE_PARA(pAction);
 294                             		.loc 1 241 3 view .LVU112
 242:../aw/Source/CustomCode/ID_SCREEN_01_Slots.c ****   GUI_USE_PARA(hScreen);
 295                             		.loc 1 242 3 view .LVU113
 243:../aw/Source/CustomCode/ID_SCREEN_01_Slots.c ****   GUI_USE_PARA(pMsg);
 296                             		.loc 1 243 3 view .LVU114
 244:../aw/Source/CustomCode/ID_SCREEN_01_Slots.c ****   GUI_USE_PARA(pResult);
 297                             		.loc 1 244 3 view .LVU115
 245:../aw/Source/CustomCode/ID_SCREEN_01_Slots.c **** }
 298                             		.loc 1 245 1 is_stmt 0 view .LVU116
 299 0000 02                      		rts
 300                             	.LFE19:
 302                             		.section	.text.ID_SCREEN_01__WM_NOTIFICATION_VALUE_CHANGED__ID_NUM_BL_01__APPW_JOB_SETVALUE,"ax",@
 303                             		.global	_ID_SCREEN_01__WM_NOTIFICATION_VALUE_CHANGED__ID_NUM_BL_01__APPW_JOB_SETVALUE
 305                             	_ID_SCREEN_01__WM_NOTIFICATION_VALUE_CHANGED__ID_NUM_BL_01__APPW_JOB_SETVALUE:
 306                             	.LVL20:
 307                             	.LFB20:
 246:../aw/Source/CustomCode/ID_SCREEN_01_Slots.c **** 
 247:../aw/Source/CustomCode/ID_SCREEN_01_Slots.c **** /*********************************************************************
 248:../aw/Source/CustomCode/ID_SCREEN_01_Slots.c **** *
 249:../aw/Source/CustomCode/ID_SCREEN_01_Slots.c **** *       ID_SCREEN_01__WM_NOTIFICATION_VALUE_CHANGED__ID_NUM_BL_01__APPW_JOB_SETVALUE
 250:../aw/Source/CustomCode/ID_SCREEN_01_Slots.c **** */
 251:../aw/Source/CustomCode/ID_SCREEN_01_Slots.c **** void ID_SCREEN_01__WM_NOTIFICATION_VALUE_CHANGED__ID_NUM_BL_01__APPW_JOB_SETVALUE(APPW_ACTION_ITEM 
 308                             		.loc 1 251 162 is_stmt 1 view -0
 252:../aw/Source/CustomCode/ID_SCREEN_01_Slots.c ****   GUI_USE_PARA(pAction);
 309                             		.loc 1 252 3 view .LVU118
 253:../aw/Source/CustomCode/ID_SCREEN_01_Slots.c ****   GUI_USE_PARA(hScreen);
 310                             		.loc 1 253 3 view .LVU119
 254:../aw/Source/CustomCode/ID_SCREEN_01_Slots.c ****   GUI_USE_PARA(pMsg);
 311                             		.loc 1 254 3 view .LVU120
 255:../aw/Source/CustomCode/ID_SCREEN_01_Slots.c ****   GUI_USE_PARA(pResult);
 312                             		.loc 1 255 3 view .LVU121
 256:../aw/Source/CustomCode/ID_SCREEN_01_Slots.c **** }
 313                             		.loc 1 256 1 is_stmt 0 view .LVU122
 314 0000 02                      		rts
 315                             	.LFE20:
 317                             		.section	.text.ID_SCREEN_01__WM_NOTIFICATION_VALUE_CHANGED__ID_NUM_FL_01__APPW_JOB_SETVALUE,"ax",@
 318                             		.global	_ID_SCREEN_01__WM_NOTIFICATION_VALUE_CHANGED__ID_NUM_FL_01__APPW_JOB_SETVALUE
 320                             	_ID_SCREEN_01__WM_NOTIFICATION_VALUE_CHANGED__ID_NUM_FL_01__APPW_JOB_SETVALUE:
 321                             	.LVL21:
 322                             	.LFB21:
 257:../aw/Source/CustomCode/ID_SCREEN_01_Slots.c **** 
 258:../aw/Source/CustomCode/ID_SCREEN_01_Slots.c **** /*********************************************************************
 259:../aw/Source/CustomCode/ID_SCREEN_01_Slots.c **** *
 260:../aw/Source/CustomCode/ID_SCREEN_01_Slots.c **** *       ID_SCREEN_01__WM_NOTIFICATION_VALUE_CHANGED__ID_NUM_FL_01__APPW_JOB_SETVALUE
 261:../aw/Source/CustomCode/ID_SCREEN_01_Slots.c **** */
 262:../aw/Source/CustomCode/ID_SCREEN_01_Slots.c **** void ID_SCREEN_01__WM_NOTIFICATION_VALUE_CHANGED__ID_NUM_FL_01__APPW_JOB_SETVALUE(APPW_ACTION_ITEM 
 323                             		.loc 1 262 162 is_stmt 1 view -0
 263:../aw/Source/CustomCode/ID_SCREEN_01_Slots.c ****   GUI_USE_PARA(pAction);
 324                             		.loc 1 263 3 view .LVU124
 264:../aw/Source/CustomCode/ID_SCREEN_01_Slots.c ****   GUI_USE_PARA(hScreen);
 325                             		.loc 1 264 3 view .LVU125
 265:../aw/Source/CustomCode/ID_SCREEN_01_Slots.c ****   GUI_USE_PARA(pMsg);
 326                             		.loc 1 265 3 view .LVU126
 266:../aw/Source/CustomCode/ID_SCREEN_01_Slots.c ****   GUI_USE_PARA(pResult);
 327                             		.loc 1 266 3 view .LVU127
 267:../aw/Source/CustomCode/ID_SCREEN_01_Slots.c **** }
 328                             		.loc 1 267 1 is_stmt 0 view .LVU128
 329 0000 02                      		rts
 330                             	.LFE21:
 332                             		.section	.text.ID_SCREEN_01__WM_NOTIFICATION_VALUE_CHANGED__ID_NUM_SPEED__APPW_JOB_SETVALUE,"ax",@
 333                             		.global	_ID_SCREEN_01__WM_NOTIFICATION_VALUE_CHANGED__ID_NUM_SPEED__APPW_JOB_SETVALUE
 335                             	_ID_SCREEN_01__WM_NOTIFICATION_VALUE_CHANGED__ID_NUM_SPEED__APPW_JOB_SETVALUE:
 336                             	.LVL22:
 337                             	.LFB22:
 268:../aw/Source/CustomCode/ID_SCREEN_01_Slots.c **** 
 269:../aw/Source/CustomCode/ID_SCREEN_01_Slots.c **** /*********************************************************************
 270:../aw/Source/CustomCode/ID_SCREEN_01_Slots.c **** *
 271:../aw/Source/CustomCode/ID_SCREEN_01_Slots.c **** *       ID_SCREEN_01__WM_NOTIFICATION_VALUE_CHANGED__ID_NUM_SPEED__APPW_JOB_SETVALUE
 272:../aw/Source/CustomCode/ID_SCREEN_01_Slots.c **** */
 273:../aw/Source/CustomCode/ID_SCREEN_01_Slots.c **** void ID_SCREEN_01__WM_NOTIFICATION_VALUE_CHANGED__ID_NUM_SPEED__APPW_JOB_SETVALUE(APPW_ACTION_ITEM 
 338                             		.loc 1 273 162 is_stmt 1 view -0
 274:../aw/Source/CustomCode/ID_SCREEN_01_Slots.c ****   GUI_USE_PARA(pAction);
 339                             		.loc 1 274 3 view .LVU130
 275:../aw/Source/CustomCode/ID_SCREEN_01_Slots.c ****   GUI_USE_PARA(hScreen);
 340                             		.loc 1 275 3 view .LVU131
 276:../aw/Source/CustomCode/ID_SCREEN_01_Slots.c ****   GUI_USE_PARA(pMsg);
 341                             		.loc 1 276 3 view .LVU132
 277:../aw/Source/CustomCode/ID_SCREEN_01_Slots.c ****   GUI_USE_PARA(pResult);
 342                             		.loc 1 277 3 view .LVU133
 278:../aw/Source/CustomCode/ID_SCREEN_01_Slots.c **** }
 343                             		.loc 1 278 1 is_stmt 0 view .LVU134
 344 0000 02                      		rts
 345                             	.LFE22:
 347                             		.section	.text.ID_SCREEN_01__WM_NOTIFICATION_VALUE_CHANGED__ID_NUM_ODO__APPW_JOB_SETVALUE,"ax",@pr
 348                             		.global	_ID_SCREEN_01__WM_NOTIFICATION_VALUE_CHANGED__ID_NUM_ODO__APPW_JOB_SETVALUE
 350                             	_ID_SCREEN_01__WM_NOTIFICATION_VALUE_CHANGED__ID_NUM_ODO__APPW_JOB_SETVALUE:
 351                             	.LVL23:
 352                             	.LFB23:
 279:../aw/Source/CustomCode/ID_SCREEN_01_Slots.c **** 
 280:../aw/Source/CustomCode/ID_SCREEN_01_Slots.c **** /*********************************************************************
 281:../aw/Source/CustomCode/ID_SCREEN_01_Slots.c **** *
 282:../aw/Source/CustomCode/ID_SCREEN_01_Slots.c **** *       ID_SCREEN_01__WM_NOTIFICATION_VALUE_CHANGED__ID_NUM_ODO__APPW_JOB_SETVALUE
 283:../aw/Source/CustomCode/ID_SCREEN_01_Slots.c **** */
 284:../aw/Source/CustomCode/ID_SCREEN_01_Slots.c **** void ID_SCREEN_01__WM_NOTIFICATION_VALUE_CHANGED__ID_NUM_ODO__APPW_JOB_SETVALUE(APPW_ACTION_ITEM * 
 353                             		.loc 1 284 160 is_stmt 1 view -0
 285:../aw/Source/CustomCode/ID_SCREEN_01_Slots.c ****   GUI_USE_PARA(pAction);
 354                             		.loc 1 285 3 view .LVU136
 286:../aw/Source/CustomCode/ID_SCREEN_01_Slots.c ****   GUI_USE_PARA(hScreen);
 355                             		.loc 1 286 3 view .LVU137
 287:../aw/Source/CustomCode/ID_SCREEN_01_Slots.c ****   GUI_USE_PARA(pMsg);
 356                             		.loc 1 287 3 view .LVU138
 288:../aw/Source/CustomCode/ID_SCREEN_01_Slots.c ****   GUI_USE_PARA(pResult);
 357                             		.loc 1 288 3 view .LVU139
 289:../aw/Source/CustomCode/ID_SCREEN_01_Slots.c **** }
 358                             		.loc 1 289 1 is_stmt 0 view .LVU140
 359 0000 02                      		rts
 360                             	.LFE23:
 362                             		.section	.text.ID_SCREEN_01__WM_NOTIFICATION_VALUE_CHANGED__ID_NUM_TRIP__APPW_JOB_SETVALUE,"ax",@p
 363                             		.global	_ID_SCREEN_01__WM_NOTIFICATION_VALUE_CHANGED__ID_NUM_TRIP__APPW_JOB_SETVALUE
 365                             	_ID_SCREEN_01__WM_NOTIFICATION_VALUE_CHANGED__ID_NUM_TRIP__APPW_JOB_SETVALUE:
 366                             	.LVL24:
 367                             	.LFB24:
 290:../aw/Source/CustomCode/ID_SCREEN_01_Slots.c **** 
 291:../aw/Source/CustomCode/ID_SCREEN_01_Slots.c **** /*********************************************************************
 292:../aw/Source/CustomCode/ID_SCREEN_01_Slots.c **** *
 293:../aw/Source/CustomCode/ID_SCREEN_01_Slots.c **** *       ID_SCREEN_01__WM_NOTIFICATION_VALUE_CHANGED__ID_NUM_TRIP__APPW_JOB_SETVALUE
 294:../aw/Source/CustomCode/ID_SCREEN_01_Slots.c **** */
 295:../aw/Source/CustomCode/ID_SCREEN_01_Slots.c **** void ID_SCREEN_01__WM_NOTIFICATION_VALUE_CHANGED__ID_NUM_TRIP__APPW_JOB_SETVALUE(APPW_ACTION_ITEM *
 368                             		.loc 1 295 161 is_stmt 1 view -0
 296:../aw/Source/CustomCode/ID_SCREEN_01_Slots.c ****   GUI_USE_PARA(pAction);
 369                             		.loc 1 296 3 view .LVU142
 297:../aw/Source/CustomCode/ID_SCREEN_01_Slots.c ****   GUI_USE_PARA(hScreen);
 370                             		.loc 1 297 3 view .LVU143
 298:../aw/Source/CustomCode/ID_SCREEN_01_Slots.c ****   GUI_USE_PARA(pMsg);
 371                             		.loc 1 298 3 view .LVU144
 299:../aw/Source/CustomCode/ID_SCREEN_01_Slots.c ****   GUI_USE_PARA(pResult);
 372                             		.loc 1 299 3 view .LVU145
 300:../aw/Source/CustomCode/ID_SCREEN_01_Slots.c **** }
 373                             		.loc 1 300 1 is_stmt 0 view .LVU146
 374 0000 02                      		rts
 375                             	.LFE24:
 377                             		.section	.text.ID_SCREEN_01__WM_NOTIFICATION_VALUE_CHANGED__ID_NUM_GEAR__APPW_JOB_SETTEXT,"ax",@pr
 378                             		.global	_ID_SCREEN_01__WM_NOTIFICATION_VALUE_CHANGED__ID_NUM_GEAR__APPW_JOB_SETTEXT
 380                             	_ID_SCREEN_01__WM_NOTIFICATION_VALUE_CHANGED__ID_NUM_GEAR__APPW_JOB_SETTEXT:
 381                             	.LVL25:
 382                             	.LFB25:
 301:../aw/Source/CustomCode/ID_SCREEN_01_Slots.c **** 
 302:../aw/Source/CustomCode/ID_SCREEN_01_Slots.c **** /*********************************************************************
 303:../aw/Source/CustomCode/ID_SCREEN_01_Slots.c **** *
 304:../aw/Source/CustomCode/ID_SCREEN_01_Slots.c **** *       ID_SCREEN_01__WM_NOTIFICATION_VALUE_CHANGED__ID_NUM_GEAR__APPW_JOB_SETTEXT
 305:../aw/Source/CustomCode/ID_SCREEN_01_Slots.c **** */
 306:../aw/Source/CustomCode/ID_SCREEN_01_Slots.c **** void ID_SCREEN_01__WM_NOTIFICATION_VALUE_CHANGED__ID_NUM_GEAR__APPW_JOB_SETTEXT(APPW_ACTION_ITEM * 
 383                             		.loc 1 306 160 is_stmt 1 view -0
 307:../aw/Source/CustomCode/ID_SCREEN_01_Slots.c ****   GUI_USE_PARA(pAction);
 384                             		.loc 1 307 3 view .LVU148
 308:../aw/Source/CustomCode/ID_SCREEN_01_Slots.c ****   GUI_USE_PARA(hScreen);
 385                             		.loc 1 308 3 view .LVU149
 309:../aw/Source/CustomCode/ID_SCREEN_01_Slots.c ****   GUI_USE_PARA(pMsg);
 386                             		.loc 1 309 3 view .LVU150
 310:../aw/Source/CustomCode/ID_SCREEN_01_Slots.c ****   GUI_USE_PARA(pResult);
 387                             		.loc 1 310 3 view .LVU151
 311:../aw/Source/CustomCode/ID_SCREEN_01_Slots.c **** }
 388                             		.loc 1 311 1 is_stmt 0 view .LVU152
 389 0000 02                      		rts
 390                             	.LFE25:
 392                             		.section	.text.ID_SCREEN_01__WM_NOTIFICATION_VALUE_CHANGED__ID_NUM_GEAR__APPW_JOB_SETTEXT_0,"ax",@
 393                             		.global	_ID_SCREEN_01__WM_NOTIFICATION_VALUE_CHANGED__ID_NUM_GEAR__APPW_JOB_SETTEXT_0
 395                             	_ID_SCREEN_01__WM_NOTIFICATION_VALUE_CHANGED__ID_NUM_GEAR__APPW_JOB_SETTEXT_0:
 396                             	.LVL26:
 397                             	.LFB26:
 312:../aw/Source/CustomCode/ID_SCREEN_01_Slots.c **** 
 313:../aw/Source/CustomCode/ID_SCREEN_01_Slots.c **** /*********************************************************************
 314:../aw/Source/CustomCode/ID_SCREEN_01_Slots.c **** *
 315:../aw/Source/CustomCode/ID_SCREEN_01_Slots.c **** *       ID_SCREEN_01__WM_NOTIFICATION_VALUE_CHANGED__ID_NUM_GEAR__APPW_JOB_SETTEXT_0
 316:../aw/Source/CustomCode/ID_SCREEN_01_Slots.c **** */
 317:../aw/Source/CustomCode/ID_SCREEN_01_Slots.c **** void ID_SCREEN_01__WM_NOTIFICATION_VALUE_CHANGED__ID_NUM_GEAR__APPW_JOB_SETTEXT_0(APPW_ACTION_ITEM 
 398                             		.loc 1 317 162 is_stmt 1 view -0
 318:../aw/Source/CustomCode/ID_SCREEN_01_Slots.c ****   GUI_USE_PARA(pAction);
 399                             		.loc 1 318 3 view .LVU154
 319:../aw/Source/CustomCode/ID_SCREEN_01_Slots.c ****   GUI_USE_PARA(hScreen);
 400                             		.loc 1 319 3 view .LVU155
 320:../aw/Source/CustomCode/ID_SCREEN_01_Slots.c ****   GUI_USE_PARA(pMsg);
 401                             		.loc 1 320 3 view .LVU156
 321:../aw/Source/CustomCode/ID_SCREEN_01_Slots.c ****   GUI_USE_PARA(pResult);
 402                             		.loc 1 321 3 view .LVU157
 322:../aw/Source/CustomCode/ID_SCREEN_01_Slots.c **** }
 403                             		.loc 1 322 1 is_stmt 0 view .LVU158
 404 0000 02                      		rts
 405                             	.LFE26:
 407                             		.section	.text.ID_SCREEN_01__WM_NOTIFICATION_VALUE_CHANGED__ID_NUM_GEAR__APPW_JOB_SETTEXT_1,"ax",@
 408                             		.global	_ID_SCREEN_01__WM_NOTIFICATION_VALUE_CHANGED__ID_NUM_GEAR__APPW_JOB_SETTEXT_1
 410                             	_ID_SCREEN_01__WM_NOTIFICATION_VALUE_CHANGED__ID_NUM_GEAR__APPW_JOB_SETTEXT_1:
 411                             	.LVL27:
 412                             	.LFB27:
 323:../aw/Source/CustomCode/ID_SCREEN_01_Slots.c **** 
 324:../aw/Source/CustomCode/ID_SCREEN_01_Slots.c **** /*********************************************************************
 325:../aw/Source/CustomCode/ID_SCREEN_01_Slots.c **** *
 326:../aw/Source/CustomCode/ID_SCREEN_01_Slots.c **** *       ID_SCREEN_01__WM_NOTIFICATION_VALUE_CHANGED__ID_NUM_GEAR__APPW_JOB_SETTEXT_1
 327:../aw/Source/CustomCode/ID_SCREEN_01_Slots.c **** */
 328:../aw/Source/CustomCode/ID_SCREEN_01_Slots.c **** void ID_SCREEN_01__WM_NOTIFICATION_VALUE_CHANGED__ID_NUM_GEAR__APPW_JOB_SETTEXT_1(APPW_ACTION_ITEM 
 413                             		.loc 1 328 162 is_stmt 1 view -0
 329:../aw/Source/CustomCode/ID_SCREEN_01_Slots.c ****   GUI_USE_PARA(pAction);
 414                             		.loc 1 329 3 view .LVU160
 330:../aw/Source/CustomCode/ID_SCREEN_01_Slots.c ****   GUI_USE_PARA(hScreen);
 415                             		.loc 1 330 3 view .LVU161
 331:../aw/Source/CustomCode/ID_SCREEN_01_Slots.c ****   GUI_USE_PARA(pMsg);
 416                             		.loc 1 331 3 view .LVU162
 332:../aw/Source/CustomCode/ID_SCREEN_01_Slots.c ****   GUI_USE_PARA(pResult);
 417                             		.loc 1 332 3 view .LVU163
 333:../aw/Source/CustomCode/ID_SCREEN_01_Slots.c **** }
 418                             		.loc 1 333 1 is_stmt 0 view .LVU164
 419 0000 02                      		rts
 420                             	.LFE27:
 422                             		.section	.text.ID_SCREEN_01__WM_NOTIFICATION_VALUE_CHANGED__ID_NUM_GEAR__APPW_JOB_SETTEXT_2,"ax",@
 423                             		.global	_ID_SCREEN_01__WM_NOTIFICATION_VALUE_CHANGED__ID_NUM_GEAR__APPW_JOB_SETTEXT_2
 425                             	_ID_SCREEN_01__WM_NOTIFICATION_VALUE_CHANGED__ID_NUM_GEAR__APPW_JOB_SETTEXT_2:
 426                             	.LVL28:
 427                             	.LFB28:
 334:../aw/Source/CustomCode/ID_SCREEN_01_Slots.c **** 
 335:../aw/Source/CustomCode/ID_SCREEN_01_Slots.c **** /*********************************************************************
 336:../aw/Source/CustomCode/ID_SCREEN_01_Slots.c **** *
 337:../aw/Source/CustomCode/ID_SCREEN_01_Slots.c **** *       ID_SCREEN_01__WM_NOTIFICATION_VALUE_CHANGED__ID_NUM_GEAR__APPW_JOB_SETTEXT_2
 338:../aw/Source/CustomCode/ID_SCREEN_01_Slots.c **** */
 339:../aw/Source/CustomCode/ID_SCREEN_01_Slots.c **** void ID_SCREEN_01__WM_NOTIFICATION_VALUE_CHANGED__ID_NUM_GEAR__APPW_JOB_SETTEXT_2(APPW_ACTION_ITEM 
 428                             		.loc 1 339 162 is_stmt 1 view -0
 340:../aw/Source/CustomCode/ID_SCREEN_01_Slots.c ****   GUI_USE_PARA(pAction);
 429                             		.loc 1 340 3 view .LVU166
 341:../aw/Source/CustomCode/ID_SCREEN_01_Slots.c ****   GUI_USE_PARA(hScreen);
 430                             		.loc 1 341 3 view .LVU167
 342:../aw/Source/CustomCode/ID_SCREEN_01_Slots.c ****   GUI_USE_PARA(pMsg);
 431                             		.loc 1 342 3 view .LVU168
 343:../aw/Source/CustomCode/ID_SCREEN_01_Slots.c ****   GUI_USE_PARA(pResult);
 432                             		.loc 1 343 3 view .LVU169
 344:../aw/Source/CustomCode/ID_SCREEN_01_Slots.c **** }
 433                             		.loc 1 344 1 is_stmt 0 view .LVU170
 434 0000 02                      		rts
 435                             	.LFE28:
 437                             		.section	.text.ID_SCREEN_01__WM_NOTIFICATION_VALUE_CHANGED__ID_NUM_GEAR__APPW_JOB_SETTEXT_3,"ax",@
 438                             		.global	_ID_SCREEN_01__WM_NOTIFICATION_VALUE_CHANGED__ID_NUM_GEAR__APPW_JOB_SETTEXT_3
 440                             	_ID_SCREEN_01__WM_NOTIFICATION_VALUE_CHANGED__ID_NUM_GEAR__APPW_JOB_SETTEXT_3:
 441                             	.LVL29:
 442                             	.LFB29:
 345:../aw/Source/CustomCode/ID_SCREEN_01_Slots.c **** 
 346:../aw/Source/CustomCode/ID_SCREEN_01_Slots.c **** /*********************************************************************
 347:../aw/Source/CustomCode/ID_SCREEN_01_Slots.c **** *
 348:../aw/Source/CustomCode/ID_SCREEN_01_Slots.c **** *       ID_SCREEN_01__WM_NOTIFICATION_VALUE_CHANGED__ID_NUM_GEAR__APPW_JOB_SETTEXT_3
 349:../aw/Source/CustomCode/ID_SCREEN_01_Slots.c **** */
 350:../aw/Source/CustomCode/ID_SCREEN_01_Slots.c **** void ID_SCREEN_01__WM_NOTIFICATION_VALUE_CHANGED__ID_NUM_GEAR__APPW_JOB_SETTEXT_3(APPW_ACTION_ITEM 
 443                             		.loc 1 350 162 is_stmt 1 view -0
 351:../aw/Source/CustomCode/ID_SCREEN_01_Slots.c ****   GUI_USE_PARA(pAction);
 444                             		.loc 1 351 3 view .LVU172
 352:../aw/Source/CustomCode/ID_SCREEN_01_Slots.c ****   GUI_USE_PARA(hScreen);
 445                             		.loc 1 352 3 view .LVU173
 353:../aw/Source/CustomCode/ID_SCREEN_01_Slots.c ****   GUI_USE_PARA(pMsg);
 446                             		.loc 1 353 3 view .LVU174
 354:../aw/Source/CustomCode/ID_SCREEN_01_Slots.c ****   GUI_USE_PARA(pResult);
 447                             		.loc 1 354 3 view .LVU175
 355:../aw/Source/CustomCode/ID_SCREEN_01_Slots.c **** }
 448                             		.loc 1 355 1 is_stmt 0 view .LVU176
 449 0000 02                      		rts
 450                             	.LFE29:
 452                             		.section	.text.ID_SCREEN_01__WM_NOTIFICATION_VALUE_CHANGED__ID_NUM_GEAR__APPW_JOB_SETTEXT_4,"ax",@
 453                             		.global	_ID_SCREEN_01__WM_NOTIFICATION_VALUE_CHANGED__ID_NUM_GEAR__APPW_JOB_SETTEXT_4
 455                             	_ID_SCREEN_01__WM_NOTIFICATION_VALUE_CHANGED__ID_NUM_GEAR__APPW_JOB_SETTEXT_4:
 456                             	.LVL30:
 457                             	.LFB30:
 356:../aw/Source/CustomCode/ID_SCREEN_01_Slots.c **** 
 357:../aw/Source/CustomCode/ID_SCREEN_01_Slots.c **** /*********************************************************************
 358:../aw/Source/CustomCode/ID_SCREEN_01_Slots.c **** *
 359:../aw/Source/CustomCode/ID_SCREEN_01_Slots.c **** *       ID_SCREEN_01__WM_NOTIFICATION_VALUE_CHANGED__ID_NUM_GEAR__APPW_JOB_SETTEXT_4
 360:../aw/Source/CustomCode/ID_SCREEN_01_Slots.c **** */
 361:../aw/Source/CustomCode/ID_SCREEN_01_Slots.c **** void ID_SCREEN_01__WM_NOTIFICATION_VALUE_CHANGED__ID_NUM_GEAR__APPW_JOB_SETTEXT_4(APPW_ACTION_ITEM 
 458                             		.loc 1 361 162 is_stmt 1 view -0
 362:../aw/Source/CustomCode/ID_SCREEN_01_Slots.c ****   GUI_USE_PARA(pAction);
 459                             		.loc 1 362 3 view .LVU178
 363:../aw/Source/CustomCode/ID_SCREEN_01_Slots.c ****   GUI_USE_PARA(hScreen);
 460                             		.loc 1 363 3 view .LVU179
 364:../aw/Source/CustomCode/ID_SCREEN_01_Slots.c ****   GUI_USE_PARA(pMsg);
 461                             		.loc 1 364 3 view .LVU180
 365:../aw/Source/CustomCode/ID_SCREEN_01_Slots.c ****   GUI_USE_PARA(pResult);
 462                             		.loc 1 365 3 view .LVU181
 366:../aw/Source/CustomCode/ID_SCREEN_01_Slots.c **** }
 463                             		.loc 1 366 1 is_stmt 0 view .LVU182
 464 0000 02                      		rts
 465                             	.LFE30:
 467                             		.section	.text.ID_SCREEN_01__WM_NOTIFICATION_VALUE_CHANGED__ID_NUM_GEAR__APPW_JOB_SETTEXT_5,"ax",@
 468                             		.global	_ID_SCREEN_01__WM_NOTIFICATION_VALUE_CHANGED__ID_NUM_GEAR__APPW_JOB_SETTEXT_5
 470                             	_ID_SCREEN_01__WM_NOTIFICATION_VALUE_CHANGED__ID_NUM_GEAR__APPW_JOB_SETTEXT_5:
 471                             	.LVL31:
 472                             	.LFB31:
 367:../aw/Source/CustomCode/ID_SCREEN_01_Slots.c **** 
 368:../aw/Source/CustomCode/ID_SCREEN_01_Slots.c **** /*********************************************************************
 369:../aw/Source/CustomCode/ID_SCREEN_01_Slots.c **** *
 370:../aw/Source/CustomCode/ID_SCREEN_01_Slots.c **** *       ID_SCREEN_01__WM_NOTIFICATION_VALUE_CHANGED__ID_NUM_GEAR__APPW_JOB_SETTEXT_5
 371:../aw/Source/CustomCode/ID_SCREEN_01_Slots.c **** */
 372:../aw/Source/CustomCode/ID_SCREEN_01_Slots.c **** void ID_SCREEN_01__WM_NOTIFICATION_VALUE_CHANGED__ID_NUM_GEAR__APPW_JOB_SETTEXT_5(APPW_ACTION_ITEM 
 473                             		.loc 1 372 162 is_stmt 1 view -0
 373:../aw/Source/CustomCode/ID_SCREEN_01_Slots.c ****   GUI_USE_PARA(pAction);
 474                             		.loc 1 373 3 view .LVU184
 374:../aw/Source/CustomCode/ID_SCREEN_01_Slots.c ****   GUI_USE_PARA(hScreen);
 475                             		.loc 1 374 3 view .LVU185
 375:../aw/Source/CustomCode/ID_SCREEN_01_Slots.c ****   GUI_USE_PARA(pMsg);
 476                             		.loc 1 375 3 view .LVU186
 376:../aw/Source/CustomCode/ID_SCREEN_01_Slots.c ****   GUI_USE_PARA(pResult);
 477                             		.loc 1 376 3 view .LVU187
 377:../aw/Source/CustomCode/ID_SCREEN_01_Slots.c **** }
 478                             		.loc 1 377 1 is_stmt 0 view .LVU188
 479 0000 02                      		rts
 480                             	.LFE31:
 482                             		.section	.text.ID_SCREEN_01__APPW_NOTIFICATION_INITDIALOG,"ax",@progbits
 483                             		.global	_ID_SCREEN_01__APPW_NOTIFICATION_INITDIALOG
 485                             	_ID_SCREEN_01__APPW_NOTIFICATION_INITDIALOG:
 486                             	.LVL32:
 487                             	.LFB32:
 378:../aw/Source/CustomCode/ID_SCREEN_01_Slots.c **** 
 379:../aw/Source/CustomCode/ID_SCREEN_01_Slots.c **** /*********************************************************************
 380:../aw/Source/CustomCode/ID_SCREEN_01_Slots.c **** *
 381:../aw/Source/CustomCode/ID_SCREEN_01_Slots.c **** *       ID_SCREEN_01__APPW_NOTIFICATION_INITDIALOG
 382:../aw/Source/CustomCode/ID_SCREEN_01_Slots.c **** */
 383:../aw/Source/CustomCode/ID_SCREEN_01_Slots.c **** void ID_SCREEN_01__APPW_NOTIFICATION_INITDIALOG(APPW_ACTION_ITEM * pAction, WM_HWIN hScreen, WM_MES
 488                             		.loc 1 383 128 is_stmt 1 view -0
 384:../aw/Source/CustomCode/ID_SCREEN_01_Slots.c ****   GUI_USE_PARA(pAction);
 489                             		.loc 1 384 3 view .LVU190
 385:../aw/Source/CustomCode/ID_SCREEN_01_Slots.c ****   GUI_USE_PARA(hScreen);
 490                             		.loc 1 385 3 view .LVU191
 386:../aw/Source/CustomCode/ID_SCREEN_01_Slots.c ****   GUI_USE_PARA(pMsg);
 491                             		.loc 1 386 3 view .LVU192
 387:../aw/Source/CustomCode/ID_SCREEN_01_Slots.c ****   GUI_USE_PARA(pResult);
 492                             		.loc 1 387 3 view .LVU193
 388:../aw/Source/CustomCode/ID_SCREEN_01_Slots.c **** }
 493                             		.loc 1 388 1 is_stmt 0 view .LVU194
 494 0000 02                      		rts
 495                             	.LFE32:
 497                             		.section	.text.ID_SCREEN_01__WM_NOTIFICATION_VALUE_CHANGED__ID_PROGBAR_00__APPW_JOB_SETVALUE,"ax",
 498                             		.global	_ID_SCREEN_01__WM_NOTIFICATION_VALUE_CHANGED__ID_PROGBAR_00__APPW_JOB_SETVALUE
 500                             	_ID_SCREEN_01__WM_NOTIFICATION_VALUE_CHANGED__ID_PROGBAR_00__APPW_JOB_SETVALUE:
 501                             	.LVL33:
 502                             	.LFB33:
 389:../aw/Source/CustomCode/ID_SCREEN_01_Slots.c **** 
 390:../aw/Source/CustomCode/ID_SCREEN_01_Slots.c **** /*********************************************************************
 391:../aw/Source/CustomCode/ID_SCREEN_01_Slots.c **** *
 392:../aw/Source/CustomCode/ID_SCREEN_01_Slots.c **** *       ID_SCREEN_01__WM_NOTIFICATION_VALUE_CHANGED__ID_PROGBAR_00__APPW_JOB_SETVALUE
 393:../aw/Source/CustomCode/ID_SCREEN_01_Slots.c **** */
 394:../aw/Source/CustomCode/ID_SCREEN_01_Slots.c **** void ID_SCREEN_01__WM_NOTIFICATION_VALUE_CHANGED__ID_PROGBAR_00__APPW_JOB_SETVALUE(APPW_ACTION_ITEM
 503                             		.loc 1 394 163 is_stmt 1 view -0
 395:../aw/Source/CustomCode/ID_SCREEN_01_Slots.c ****   GUI_USE_PARA(pAction);
 504                             		.loc 1 395 3 view .LVU196
 396:../aw/Source/CustomCode/ID_SCREEN_01_Slots.c ****   GUI_USE_PARA(hScreen);
 505                             		.loc 1 396 3 view .LVU197
 397:../aw/Source/CustomCode/ID_SCREEN_01_Slots.c ****   GUI_USE_PARA(pMsg);
 506                             		.loc 1 397 3 view .LVU198
 398:../aw/Source/CustomCode/ID_SCREEN_01_Slots.c ****   GUI_USE_PARA(pResult);
 507                             		.loc 1 398 3 view .LVU199
 399:../aw/Source/CustomCode/ID_SCREEN_01_Slots.c **** }
 508                             		.loc 1 399 1 is_stmt 0 view .LVU200
 509 0000 02                      		rts
 510                             	.LFE33:
 512                             		.section	.text.ID_SCREEN_01__WM_NOTIFICATION_VALUE_CHANGED,"ax",@progbits
 513                             		.global	_ID_SCREEN_01__WM_NOTIFICATION_VALUE_CHANGED
 515                             	_ID_SCREEN_01__WM_NOTIFICATION_VALUE_CHANGED:
 516                             	.LVL34:
 517                             	.LFB34:
 400:../aw/Source/CustomCode/ID_SCREEN_01_Slots.c **** 
 401:../aw/Source/CustomCode/ID_SCREEN_01_Slots.c **** /*********************************************************************
 402:../aw/Source/CustomCode/ID_SCREEN_01_Slots.c **** *
 403:../aw/Source/CustomCode/ID_SCREEN_01_Slots.c **** *       ID_SCREEN_01__WM_NOTIFICATION_VALUE_CHANGED
 404:../aw/Source/CustomCode/ID_SCREEN_01_Slots.c **** */
 405:../aw/Source/CustomCode/ID_SCREEN_01_Slots.c **** void ID_SCREEN_01__WM_NOTIFICATION_VALUE_CHANGED(APPW_ACTION_ITEM * pAction, WM_HWIN hScreen, WM_ME
 518                             		.loc 1 405 129 is_stmt 1 view -0
 406:../aw/Source/CustomCode/ID_SCREEN_01_Slots.c ****   GUI_USE_PARA(pAction);
 519                             		.loc 1 406 3 view .LVU202
 407:../aw/Source/CustomCode/ID_SCREEN_01_Slots.c ****   GUI_USE_PARA(hScreen);
 520                             		.loc 1 407 3 view .LVU203
 408:../aw/Source/CustomCode/ID_SCREEN_01_Slots.c ****   GUI_USE_PARA(pMsg);
 521                             		.loc 1 408 3 view .LVU204
 409:../aw/Source/CustomCode/ID_SCREEN_01_Slots.c ****   GUI_USE_PARA(pResult);
 522                             		.loc 1 409 3 view .LVU205
 410:../aw/Source/CustomCode/ID_SCREEN_01_Slots.c **** }
 523                             		.loc 1 410 1 is_stmt 0 view .LVU206
 524 0000 02                      		rts
 525                             	.LFE34:
 527                             		.section	.text.ID_SCREEN_01__WM_NOTIFICATION_VALUE_CHANGED__ID_NUM_AD_02__APPW_JOB_SETVALUE,"ax",@
 528                             		.global	_ID_SCREEN_01__WM_NOTIFICATION_VALUE_CHANGED__ID_NUM_AD_02__APPW_JOB_SETVALUE
 530                             	_ID_SCREEN_01__WM_NOTIFICATION_VALUE_CHANGED__ID_NUM_AD_02__APPW_JOB_SETVALUE:
 531                             	.LVL35:
 532                             	.LFB35:
 411:../aw/Source/CustomCode/ID_SCREEN_01_Slots.c **** 
 412:../aw/Source/CustomCode/ID_SCREEN_01_Slots.c **** /*********************************************************************
 413:../aw/Source/CustomCode/ID_SCREEN_01_Slots.c **** *
 414:../aw/Source/CustomCode/ID_SCREEN_01_Slots.c **** *       ID_SCREEN_01__WM_NOTIFICATION_VALUE_CHANGED__ID_NUM_AD_02__APPW_JOB_SETVALUE
 415:../aw/Source/CustomCode/ID_SCREEN_01_Slots.c **** */
 416:../aw/Source/CustomCode/ID_SCREEN_01_Slots.c **** void ID_SCREEN_01__WM_NOTIFICATION_VALUE_CHANGED__ID_NUM_AD_02__APPW_JOB_SETVALUE(APPW_ACTION_ITEM 
 533                             		.loc 1 416 162 is_stmt 1 view -0
 417:../aw/Source/CustomCode/ID_SCREEN_01_Slots.c ****   GUI_USE_PARA(pAction);
 534                             		.loc 1 417 3 view .LVU208
 418:../aw/Source/CustomCode/ID_SCREEN_01_Slots.c ****   GUI_USE_PARA(hScreen);
 535                             		.loc 1 418 3 view .LVU209
 419:../aw/Source/CustomCode/ID_SCREEN_01_Slots.c ****   GUI_USE_PARA(pMsg);
 536                             		.loc 1 419 3 view .LVU210
 420:../aw/Source/CustomCode/ID_SCREEN_01_Slots.c ****   GUI_USE_PARA(pResult);
 537                             		.loc 1 420 3 view .LVU211
 421:../aw/Source/CustomCode/ID_SCREEN_01_Slots.c **** }
 538                             		.loc 1 421 1 is_stmt 0 view .LVU212
 539 0000 02                      		rts
 540                             	.LFE35:
 542                             		.section	.text.ID_SCREEN_01__WM_NOTIFICATION_VALUE_CHANGED__ID_NUM_AD_03__APPW_JOB_SETVALUE,"ax",@
 543                             		.global	_ID_SCREEN_01__WM_NOTIFICATION_VALUE_CHANGED__ID_NUM_AD_03__APPW_JOB_SETVALUE
 545                             	_ID_SCREEN_01__WM_NOTIFICATION_VALUE_CHANGED__ID_NUM_AD_03__APPW_JOB_SETVALUE:
 546                             	.LVL36:
 547                             	.LFB36:
 422:../aw/Source/CustomCode/ID_SCREEN_01_Slots.c **** 
 423:../aw/Source/CustomCode/ID_SCREEN_01_Slots.c **** /*********************************************************************
 424:../aw/Source/CustomCode/ID_SCREEN_01_Slots.c **** *
 425:../aw/Source/CustomCode/ID_SCREEN_01_Slots.c **** *       ID_SCREEN_01__WM_NOTIFICATION_VALUE_CHANGED__ID_NUM_AD_03__APPW_JOB_SETVALUE
 426:../aw/Source/CustomCode/ID_SCREEN_01_Slots.c **** */
 427:../aw/Source/CustomCode/ID_SCREEN_01_Slots.c **** void ID_SCREEN_01__WM_NOTIFICATION_VALUE_CHANGED__ID_NUM_AD_03__APPW_JOB_SETVALUE(APPW_ACTION_ITEM 
 548                             		.loc 1 427 162 is_stmt 1 view -0
 428:../aw/Source/CustomCode/ID_SCREEN_01_Slots.c ****   GUI_USE_PARA(pAction);
 549                             		.loc 1 428 3 view .LVU214
 429:../aw/Source/CustomCode/ID_SCREEN_01_Slots.c ****   GUI_USE_PARA(hScreen);
 550                             		.loc 1 429 3 view .LVU215
 430:../aw/Source/CustomCode/ID_SCREEN_01_Slots.c ****   GUI_USE_PARA(pMsg);
 551                             		.loc 1 430 3 view .LVU216
 431:../aw/Source/CustomCode/ID_SCREEN_01_Slots.c ****   GUI_USE_PARA(pResult);
 552                             		.loc 1 431 3 view .LVU217
 432:../aw/Source/CustomCode/ID_SCREEN_01_Slots.c **** }
 553                             		.loc 1 432 1 is_stmt 0 view .LVU218
 554 0000 02                      		rts
 555                             	.LFE36:
 557                             		.section	.text.ID_SCREEN_01__WM_NOTIFICATION_VALUE_CHANGED__ID_NUM_AD_04__APPW_JOB_SETVALUE,"ax",@
 558                             		.global	_ID_SCREEN_01__WM_NOTIFICATION_VALUE_CHANGED__ID_NUM_AD_04__APPW_JOB_SETVALUE
 560                             	_ID_SCREEN_01__WM_NOTIFICATION_VALUE_CHANGED__ID_NUM_AD_04__APPW_JOB_SETVALUE:
 561                             	.LVL37:
 562                             	.LFB37:
 433:../aw/Source/CustomCode/ID_SCREEN_01_Slots.c **** 
 434:../aw/Source/CustomCode/ID_SCREEN_01_Slots.c **** /*********************************************************************
 435:../aw/Source/CustomCode/ID_SCREEN_01_Slots.c **** *
 436:../aw/Source/CustomCode/ID_SCREEN_01_Slots.c **** *       ID_SCREEN_01__WM_NOTIFICATION_VALUE_CHANGED__ID_NUM_AD_04__APPW_JOB_SETVALUE
 437:../aw/Source/CustomCode/ID_SCREEN_01_Slots.c **** */
 438:../aw/Source/CustomCode/ID_SCREEN_01_Slots.c **** void ID_SCREEN_01__WM_NOTIFICATION_VALUE_CHANGED__ID_NUM_AD_04__APPW_JOB_SETVALUE(APPW_ACTION_ITEM 
 563                             		.loc 1 438 162 is_stmt 1 view -0
 439:../aw/Source/CustomCode/ID_SCREEN_01_Slots.c ****   GUI_USE_PARA(pAction);
 564                             		.loc 1 439 3 view .LVU220
 440:../aw/Source/CustomCode/ID_SCREEN_01_Slots.c ****   GUI_USE_PARA(hScreen);
 565                             		.loc 1 440 3 view .LVU221
 441:../aw/Source/CustomCode/ID_SCREEN_01_Slots.c ****   GUI_USE_PARA(pMsg);
 566                             		.loc 1 441 3 view .LVU222
 442:../aw/Source/CustomCode/ID_SCREEN_01_Slots.c ****   GUI_USE_PARA(pResult);
 567                             		.loc 1 442 3 view .LVU223
 443:../aw/Source/CustomCode/ID_SCREEN_01_Slots.c **** }
 568                             		.loc 1 443 1 is_stmt 0 view .LVU224
 569 0000 02                      		rts
 570                             	.LFE37:
 894                             	.Letext0:
 895                             		.file 2 "c:\\programdata\\gcc for renesas rx 8.3.0.202311-gnurx-elf\\rx-elf\\rx-elf\\lib\\gcc\\rx-
 896                             		.file 3 "D:\\e2_studio\\workspace\\FULLMONI_WIDE\\Firmware\\src\\smc_gen\\r_emwin_rx\\lib\\GUI/LCD
 897                             		.file 4 "D:\\e2_studio\\workspace\\FULLMONI_WIDE\\Firmware\\src\\smc_gen\\r_emwin_rx\\lib\\GUI/GUI
 898                             		.file 5 "D:\\e2_studio\\workspace\\FULLMONI_WIDE\\Firmware\\src\\smc_gen\\r_emwin_rx\\lib\\GUI/GUI
 899                             		.file 6 "D:\\e2_studio\\workspace\\FULLMONI_WIDE\\Firmware\\src\\smc_gen\\r_emwin_rx\\lib\\GUI/WM.
 900                             		.file 7 "D:\\e2_studio\\workspace\\FULLMONI_WIDE\\Firmware\\src\\smc_gen\\r_emwin_rx\\lib\\GUI/WID
 901                             		.file 8 "D:\\e2_studio\\workspace\\FULLMONI_WIDE\\Firmware\\src\\smc_gen\\r_emwin_rx\\lib\\GUI/KEY
 902                             		.file 9 "D:\\e2_studio\\workspace\\FULLMONI_WIDE\\Firmware\\src\\smc_gen\\r_emwin_rx\\lib\\GUI/LCD
 903                             		.file 10 "D:\\e2_studio\\workspace\\FULLMONI_WIDE\\Firmware\\src\\smc_gen\\r_emwin_rx\\lib\\GUI/GU
 904                             		.file 11 "D:\\e2_studio\\workspace\\FULLMONI_WIDE\\Firmware\\src\\smc_gen\\r_emwin_rx\\lib\\GUI/WM
 905                             		.file 12 "D:\\e2_studio\\workspace\\FULLMONI_WIDE\\Firmware\\src\\smc_gen\\r_emwin_rx\\lib\\GUI/BU
 906                             		.file 13 "D:\\e2_studio\\workspace\\FULLMONI_WIDE\\Firmware\\src\\smc_gen\\r_emwin_rx\\lib\\GUI/WI
 907                             		.file 14 "D:\\e2_studio\\workspace\\FULLMONI_WIDE\\Firmware\\src\\smc_gen\\r_emwin_rx\\lib\\GUI/IM
 908                             		.file 15 "D:\\e2_studio\\workspace\\FULLMONI_WIDE\\Firmware\\src\\smc_gen\\r_emwin_rx\\lib\\GUI/TE
 909                             		.file 16 "D:\\e2_studio\\workspace\\FULLMONI_WIDE\\Firmware\\src\\smc_gen\\r_emwin_rx\\lib\\GUI/SL
 910                             		.file 17 "D:\\e2_studio\\workspace\\FULLMONI_WIDE\\Firmware\\src\\smc_gen\\r_emwin_rx\\lib\\GUI/RO
 911                             		.file 18 "D:\\e2_studio\\workspace\\FULLMONI_WIDE\\Firmware\\src\\smc_gen\\r_emwin_rx\\lib\\GUI/SW
 912                             		.file 19 "D:\\e2_studio\\workspace\\FULLMONI_WIDE\\Firmware\\src\\smc_gen\\r_emwin_rx\\lib\\GUI/ED
 913                             		.file 20 "D:\\e2_studio\\workspace\\FULLMONI_WIDE\\Firmware\\src\\smc_gen\\r_emwin_rx\\lib\\GUI/QR
 914                             		.file 21 "D:\\e2_studio\\workspace\\FULLMONI_WIDE\\Firmware\\src\\smc_gen\\r_emwin_rx\\lib\\GUI/GA
 915                             		.file 22 "D:\\e2_studio\\workspace\\FULLMONI_WIDE\\Firmware\\src\\smc_gen\\r_emwin_rx\\lib\\GUI/KE
 916                             		.file 23 "D:\\e2_studio\\workspace\\FULLMONI_WIDE\\Firmware\\src\\smc_gen\\r_emwin_rx\\lib\\GUI/MU
 917                             		.file 24 "D:\\e2_studio\\workspace\\FULLMONI_WIDE\\Firmware\\src\\smc_gen\\r_emwin_rx\\lib\\GUI/SC
 918                             		.file 25 "D:\\e2_studio\\workspace\\FULLMONI_WIDE\\Firmware\\src\\smc_gen\\r_emwin_rx\\lib\\GUI/DR
 919                             		.file 26 "D:\\e2_studio\\workspace\\FULLMONI_WIDE\\Firmware\\src\\smc_gen\\r_emwin_rx\\lib\\GUI/LI
 920                             		.file 27 "D:\\e2_studio\\workspace\\FULLMONI_WIDE\\Firmware\\src\\smc_gen\\r_emwin_rx\\lib\\GUI/LI
 921                             		.file 28 "D:\\e2_studio\\workspace\\FULLMONI_WIDE\\Firmware\\src\\smc_gen\\r_emwin_rx\\lib\\GUI/WH
 922                             		.file 29 "D:\\e2_studio\\workspace\\FULLMONI_WIDE\\Firmware\\src\\smc_gen\\r_emwin_rx\\lib\\GUI/Ap
 923                             		.file 30 "../aw/Source/CustomCode/../Generated/Resource.h"
