   1                             		.file	"ID_SCREEN_00_Slots.c"
   2                             		.section P,"ax"
   3                             	.Ltext0:
   4                             		.section	.text.cbID_SCREEN_00,"ax",@progbits
   5                             		.global	_cbID_SCREEN_00
   7                             	_cbID_SCREEN_00:
   8                             	.LVL0:
   9                             	.LFB0:
  10                             		.file 1 "../aw/Source/CustomCode/ID_SCREEN_00_Slots.c"
   1:../aw/Source/CustomCode/ID_SCREEN_00_Slots.c **** /*********************************************************************
   2:../aw/Source/CustomCode/ID_SCREEN_00_Slots.c **** *                     SEGGER Microcontroller GmbH                    *
   3:../aw/Source/CustomCode/ID_SCREEN_00_Slots.c **** *        Solutions for real time microcontroller applications        *
   4:../aw/Source/CustomCode/ID_SCREEN_00_Slots.c **** **********************************************************************
   5:../aw/Source/CustomCode/ID_SCREEN_00_Slots.c **** *                                                                    *
   6:../aw/Source/CustomCode/ID_SCREEN_00_Slots.c **** *        (c) 1996 - 2025  SEGGER Microcontroller GmbH                *
   7:../aw/Source/CustomCode/ID_SCREEN_00_Slots.c **** *                                                                    *
   8:../aw/Source/CustomCode/ID_SCREEN_00_Slots.c **** *        Internet: www.segger.com    Support:  support@segger.com    *
   9:../aw/Source/CustomCode/ID_SCREEN_00_Slots.c **** *                                                                    *
  10:../aw/Source/CustomCode/ID_SCREEN_00_Slots.c **** **********************************************************************
  11:../aw/Source/CustomCode/ID_SCREEN_00_Slots.c **** ----------------------------------------------------------------------
  12:../aw/Source/CustomCode/ID_SCREEN_00_Slots.c **** File        : ID_SCREEN_00_Slots.c
  13:../aw/Source/CustomCode/ID_SCREEN_00_Slots.c **** Purpose     : AppWizard managed file, function content could be changed
  14:../aw/Source/CustomCode/ID_SCREEN_00_Slots.c **** ---------------------------END-OF-HEADER------------------------------
  15:../aw/Source/CustomCode/ID_SCREEN_00_Slots.c **** */
  16:../aw/Source/CustomCode/ID_SCREEN_00_Slots.c **** 
  17:../aw/Source/CustomCode/ID_SCREEN_00_Slots.c **** #include "Application.h"
  18:../aw/Source/CustomCode/ID_SCREEN_00_Slots.c **** #include "../Generated/Resource.h"
  19:../aw/Source/CustomCode/ID_SCREEN_00_Slots.c **** #include "../Generated/ID_SCREEN_00.h"
  20:../aw/Source/CustomCode/ID_SCREEN_00_Slots.c **** 
  21:../aw/Source/CustomCode/ID_SCREEN_00_Slots.c **** /*** Begin of user code area ***/
  22:../aw/Source/CustomCode/ID_SCREEN_00_Slots.c **** /*** End of user code area ***/
  23:../aw/Source/CustomCode/ID_SCREEN_00_Slots.c **** 
  24:../aw/Source/CustomCode/ID_SCREEN_00_Slots.c **** /*********************************************************************
  25:../aw/Source/CustomCode/ID_SCREEN_00_Slots.c **** *
  26:../aw/Source/CustomCode/ID_SCREEN_00_Slots.c **** *       Public code
  27:../aw/Source/CustomCode/ID_SCREEN_00_Slots.c **** *
  28:../aw/Source/CustomCode/ID_SCREEN_00_Slots.c **** **********************************************************************
  29:../aw/Source/CustomCode/ID_SCREEN_00_Slots.c **** */
  30:../aw/Source/CustomCode/ID_SCREEN_00_Slots.c **** /*********************************************************************
  31:../aw/Source/CustomCode/ID_SCREEN_00_Slots.c **** *
  32:../aw/Source/CustomCode/ID_SCREEN_00_Slots.c **** *       cbID_SCREEN_00
  33:../aw/Source/CustomCode/ID_SCREEN_00_Slots.c **** */
  34:../aw/Source/CustomCode/ID_SCREEN_00_Slots.c **** void cbID_SCREEN_00(WM_MESSAGE * pMsg) {
  11                             		.loc 1 34 40 view -0
  35:../aw/Source/CustomCode/ID_SCREEN_00_Slots.c ****   GUI_USE_PARA(pMsg);
  12                             		.loc 1 35 3 view .LVU1
  36:../aw/Source/CustomCode/ID_SCREEN_00_Slots.c **** }
  13                             		.loc 1 36 1 is_stmt 0 view .LVU2
  14 0000 02                      		rts
  15                             	.LFE0:
  17                             		.section	.text.ID_SCREEN_00__APPW_NOTIFICATION_INITDIALOG__ID_TIMER_00__APPW_JOB_START,"ax",@progb
  18                             		.global	_ID_SCREEN_00__APPW_NOTIFICATION_INITDIALOG__ID_TIMER_00__APPW_JOB_START
  20                             	_ID_SCREEN_00__APPW_NOTIFICATION_INITDIALOG__ID_TIMER_00__APPW_JOB_START:
  21                             	.LVL1:
  22                             	.LFB1:
  37:../aw/Source/CustomCode/ID_SCREEN_00_Slots.c **** 
  38:../aw/Source/CustomCode/ID_SCREEN_00_Slots.c **** /*********************************************************************
  39:../aw/Source/CustomCode/ID_SCREEN_00_Slots.c **** *
  40:../aw/Source/CustomCode/ID_SCREEN_00_Slots.c **** *       ID_SCREEN_00__APPW_NOTIFICATION_INITDIALOG__ID_TIMER_00__APPW_JOB_START
  41:../aw/Source/CustomCode/ID_SCREEN_00_Slots.c **** */
  42:../aw/Source/CustomCode/ID_SCREEN_00_Slots.c **** void ID_SCREEN_00__APPW_NOTIFICATION_INITDIALOG__ID_TIMER_00__APPW_JOB_START(APPW_ACTION_ITEM * pAc
  23                             		.loc 1 42 157 is_stmt 1 view -0
  43:../aw/Source/CustomCode/ID_SCREEN_00_Slots.c ****   GUI_USE_PARA(pAction);
  24                             		.loc 1 43 3 view .LVU4
  44:../aw/Source/CustomCode/ID_SCREEN_00_Slots.c ****   GUI_USE_PARA(hScreen);
  25                             		.loc 1 44 3 view .LVU5
  45:../aw/Source/CustomCode/ID_SCREEN_00_Slots.c ****   GUI_USE_PARA(pMsg);
  26                             		.loc 1 45 3 view .LVU6
  46:../aw/Source/CustomCode/ID_SCREEN_00_Slots.c ****   GUI_USE_PARA(pResult);
  27                             		.loc 1 46 3 view .LVU7
  47:../aw/Source/CustomCode/ID_SCREEN_00_Slots.c **** }
  28                             		.loc 1 47 1 is_stmt 0 view .LVU8
  29 0000 02                      		rts
  30                             	.LFE1:
  32                             		.section	.text.ID_SCREEN_00__APPW_NOTIFICATION_INITDIALOG,"ax",@progbits
  33                             		.global	_ID_SCREEN_00__APPW_NOTIFICATION_INITDIALOG
  35                             	_ID_SCREEN_00__APPW_NOTIFICATION_INITDIALOG:
  36                             	.LVL2:
  37                             	.LFB2:
  48:../aw/Source/CustomCode/ID_SCREEN_00_Slots.c **** 
  49:../aw/Source/CustomCode/ID_SCREEN_00_Slots.c **** /*********************************************************************
  50:../aw/Source/CustomCode/ID_SCREEN_00_Slots.c **** *
  51:../aw/Source/CustomCode/ID_SCREEN_00_Slots.c **** *       ID_SCREEN_00__APPW_NOTIFICATION_INITDIALOG
  52:../aw/Source/CustomCode/ID_SCREEN_00_Slots.c **** */
  53:../aw/Source/CustomCode/ID_SCREEN_00_Slots.c **** void ID_SCREEN_00__APPW_NOTIFICATION_INITDIALOG(APPW_ACTION_ITEM * pAction, WM_HWIN hScreen, WM_MES
  38                             		.loc 1 53 128 is_stmt 1 view -0
  54:../aw/Source/CustomCode/ID_SCREEN_00_Slots.c ****   GUI_USE_PARA(pAction);
  39                             		.loc 1 54 3 view .LVU10
  55:../aw/Source/CustomCode/ID_SCREEN_00_Slots.c ****   GUI_USE_PARA(hScreen);
  40                             		.loc 1 55 3 view .LVU11
  56:../aw/Source/CustomCode/ID_SCREEN_00_Slots.c ****   GUI_USE_PARA(pMsg);
  41                             		.loc 1 56 3 view .LVU12
  57:../aw/Source/CustomCode/ID_SCREEN_00_Slots.c ****   GUI_USE_PARA(pResult);
  42                             		.loc 1 57 3 view .LVU13
  58:../aw/Source/CustomCode/ID_SCREEN_00_Slots.c **** }
  43                             		.loc 1 58 1 is_stmt 0 view .LVU14
  44 0000 02                      		rts
  45                             	.LFE2:
  47                             		.section	.text.ID_SCREEN_00__ID_TIMER_00__APPW_NOTIFICATION_TIMER,"ax",@progbits
  48                             		.global	_ID_SCREEN_00__ID_TIMER_00__APPW_NOTIFICATION_TIMER
  50                             	_ID_SCREEN_00__ID_TIMER_00__APPW_NOTIFICATION_TIMER:
  51                             	.LVL3:
  52                             	.LFB3:
  59:../aw/Source/CustomCode/ID_SCREEN_00_Slots.c **** 
  60:../aw/Source/CustomCode/ID_SCREEN_00_Slots.c **** /*********************************************************************
  61:../aw/Source/CustomCode/ID_SCREEN_00_Slots.c **** *
  62:../aw/Source/CustomCode/ID_SCREEN_00_Slots.c **** *       ID_SCREEN_00__ID_TIMER_00__APPW_NOTIFICATION_TIMER
  63:../aw/Source/CustomCode/ID_SCREEN_00_Slots.c **** */
  64:../aw/Source/CustomCode/ID_SCREEN_00_Slots.c **** void ID_SCREEN_00__ID_TIMER_00__APPW_NOTIFICATION_TIMER(APPW_ACTION_ITEM * pAction, WM_HWIN hScreen
  53                             		.loc 1 64 136 is_stmt 1 view -0
  65:../aw/Source/CustomCode/ID_SCREEN_00_Slots.c ****   GUI_USE_PARA(pAction);
  54                             		.loc 1 65 3 view .LVU16
  66:../aw/Source/CustomCode/ID_SCREEN_00_Slots.c ****   GUI_USE_PARA(hScreen);
  55                             		.loc 1 66 3 view .LVU17
  67:../aw/Source/CustomCode/ID_SCREEN_00_Slots.c ****   GUI_USE_PARA(pMsg);
  56                             		.loc 1 67 3 view .LVU18
  68:../aw/Source/CustomCode/ID_SCREEN_00_Slots.c ****   GUI_USE_PARA(pResult);
  57                             		.loc 1 68 3 view .LVU19
  69:../aw/Source/CustomCode/ID_SCREEN_00_Slots.c **** }
  58                             		.loc 1 69 1 is_stmt 0 view .LVU20
  59 0000 02                      		rts
  60                             	.LFE3:
 112                             	.Letext0:
 113                             		.file 2 "c:\\programdata\\gcc for renesas rx 8.3.0.202311-gnurx-elf\\rx-elf\\rx-elf\\lib\\gcc\\rx-
 114                             		.file 3 "D:\\e2_studio\\workspace\\FULLMONI_WIDE\\Firmware\\src\\smc_gen\\r_emwin_rx\\lib\\GUI/LCD
 115                             		.file 4 "D:\\e2_studio\\workspace\\FULLMONI_WIDE\\Firmware\\src\\smc_gen\\r_emwin_rx\\lib\\GUI/GUI
 116                             		.file 5 "D:\\e2_studio\\workspace\\FULLMONI_WIDE\\Firmware\\src\\smc_gen\\r_emwin_rx\\lib\\GUI/GUI
 117                             		.file 6 "D:\\e2_studio\\workspace\\FULLMONI_WIDE\\Firmware\\src\\smc_gen\\r_emwin_rx\\lib\\GUI/WM.
 118                             		.file 7 "D:\\e2_studio\\workspace\\FULLMONI_WIDE\\Firmware\\src\\smc_gen\\r_emwin_rx\\lib\\GUI/WID
 119                             		.file 8 "D:\\e2_studio\\workspace\\FULLMONI_WIDE\\Firmware\\src\\smc_gen\\r_emwin_rx\\lib\\GUI/KEY
 120                             		.file 9 "D:\\e2_studio\\workspace\\FULLMONI_WIDE\\Firmware\\src\\smc_gen\\r_emwin_rx\\lib\\GUI/LCD
 121                             		.file 10 "D:\\e2_studio\\workspace\\FULLMONI_WIDE\\Firmware\\src\\smc_gen\\r_emwin_rx\\lib\\GUI/GU
 122                             		.file 11 "D:\\e2_studio\\workspace\\FULLMONI_WIDE\\Firmware\\src\\smc_gen\\r_emwin_rx\\lib\\GUI/WM
 123                             		.file 12 "D:\\e2_studio\\workspace\\FULLMONI_WIDE\\Firmware\\src\\smc_gen\\r_emwin_rx\\lib\\GUI/BU
 124                             		.file 13 "D:\\e2_studio\\workspace\\FULLMONI_WIDE\\Firmware\\src\\smc_gen\\r_emwin_rx\\lib\\GUI/WI
 125                             		.file 14 "D:\\e2_studio\\workspace\\FULLMONI_WIDE\\Firmware\\src\\smc_gen\\r_emwin_rx\\lib\\GUI/IM
 126                             		.file 15 "D:\\e2_studio\\workspace\\FULLMONI_WIDE\\Firmware\\src\\smc_gen\\r_emwin_rx\\lib\\GUI/TE
 127                             		.file 16 "D:\\e2_studio\\workspace\\FULLMONI_WIDE\\Firmware\\src\\smc_gen\\r_emwin_rx\\lib\\GUI/SL
 128                             		.file 17 "D:\\e2_studio\\workspace\\FULLMONI_WIDE\\Firmware\\src\\smc_gen\\r_emwin_rx\\lib\\GUI/RO
 129                             		.file 18 "D:\\e2_studio\\workspace\\FULLMONI_WIDE\\Firmware\\src\\smc_gen\\r_emwin_rx\\lib\\GUI/SW
 130                             		.file 19 "D:\\e2_studio\\workspace\\FULLMONI_WIDE\\Firmware\\src\\smc_gen\\r_emwin_rx\\lib\\GUI/ED
 131                             		.file 20 "D:\\e2_studio\\workspace\\FULLMONI_WIDE\\Firmware\\src\\smc_gen\\r_emwin_rx\\lib\\GUI/QR
 132                             		.file 21 "D:\\e2_studio\\workspace\\FULLMONI_WIDE\\Firmware\\src\\smc_gen\\r_emwin_rx\\lib\\GUI/GA
 133                             		.file 22 "D:\\e2_studio\\workspace\\FULLMONI_WIDE\\Firmware\\src\\smc_gen\\r_emwin_rx\\lib\\GUI/KE
 134                             		.file 23 "D:\\e2_studio\\workspace\\FULLMONI_WIDE\\Firmware\\src\\smc_gen\\r_emwin_rx\\lib\\GUI/MU
 135                             		.file 24 "D:\\e2_studio\\workspace\\FULLMONI_WIDE\\Firmware\\src\\smc_gen\\r_emwin_rx\\lib\\GUI/SC
 136                             		.file 25 "D:\\e2_studio\\workspace\\FULLMONI_WIDE\\Firmware\\src\\smc_gen\\r_emwin_rx\\lib\\GUI/DR
 137                             		.file 26 "D:\\e2_studio\\workspace\\FULLMONI_WIDE\\Firmware\\src\\smc_gen\\r_emwin_rx\\lib\\GUI/LI
 138                             		.file 27 "D:\\e2_studio\\workspace\\FULLMONI_WIDE\\Firmware\\src\\smc_gen\\r_emwin_rx\\lib\\GUI/LI
 139                             		.file 28 "D:\\e2_studio\\workspace\\FULLMONI_WIDE\\Firmware\\src\\smc_gen\\r_emwin_rx\\lib\\GUI/WH
 140                             		.file 29 "D:\\e2_studio\\workspace\\FULLMONI_WIDE\\Firmware\\src\\smc_gen\\r_emwin_rx\\lib\\GUI/Ap
 141                             		.file 30 "../aw/Source/CustomCode/../Generated/Resource.h"
