   1                             		.file	"ID_SCREEN_00.c"
   2                             		.section P,"ax"
   3                             	.Ltext0:
   4                             		.global	_ID_SCREEN_00_RootInfo
   5                             		.section	.data.ID_SCREEN_00_RootInfo,"aw"
   6                             		.balign 4
   9                             	_ID_SCREEN_00_RootInfo:
  10 0000 00 18                   		.short	0x1800
  11 0002 00 00                   		.zero	2
  12 0004 00 00 00 00             		.long	__aCreate
  13 0008 03 00 00 00             		.long	3
  14 000c 00 00 00 00             		.long	__aSetup
  15 0010 03 00 00 00             		.long	3
  16 0014 00 00 00 00             		.long	__aAction
  17 0018 03 00 00 00             		.long	3
  18 001c 00 00 00 00             		.long	_cbID_SCREEN_00
  19 0020 00 00 00 00             		.long	0
  20                             		.section	.rodata._aAction,"a"
  21                             		.balign 4
  24                             	__aAction:
  25 0000 00 18 00 00             		.long	0x1800
  26 0004 1E 00 00 00             		.long	30
  27 0008 01 08 00 00             		.long	0x801
  28 000c 17 00 00 00             		.long	23
  29 0010 00 00 00 00             		.long	_ID_SCREEN_00__APPW_NOTIFICATION_INITDIALOG__ID_TIMER_00__APPW_JOB_START
  30 0014 00 00 00 00 00 00 00 00 		.zero	80
  30      00 00 00 00 00 00 00 00 
  30      00 00 00 00 00 00 00 00 
  30      00 00 00 00 00 00 00 00 
  30      00 00 00 00 00 00 00 00 
  31 0064 00 18 00 00             		.long	0x1800
  32 0068 1E 00 00 00             		.long	30
  33 006c 00 00 00 00             		.long	0
  34 0070 23 00 00 00             		.long	35
  35 0074 00 00 00 00             		.long	_ID_SCREEN_00__APPW_NOTIFICATION_INITDIALOG
  36 0078 03 18 00 00             		.long	0x1803
  37 007c 00 00 00 00             		.long	0
  38 0080 00 00 00 00             		.long	0
  39 0084 00 00 00 00 00 00 00 00 		.zero	60
  39      00 00 00 00 00 00 00 00 
  39      00 00 00 00 00 00 00 00 
  39      00 00 00 00 00 00 00 00 
  39      00 00 00 00 00 00 00 00 
  40 00c0 00 00 00 00             		.long	0
  41 00c4 00 00 00 00             		.long	0
  42 00c8 01 08 00 00             		.long	0x801
  43 00cc 24 00 00 00             		.long	36
  44 00d0 00 00 00 00             		.long	0
  45 00d4 07 00 00 00             		.long	7
  46 00d8 00 00 00 00             		.long	_ID_SCREEN_00__ID_TIMER_00__APPW_NOTIFICATION_TIMER
  47 00dc 02 18 00 00             		.long	0x1802
  48 00e0 00 00 00 00             		.long	0
  49 00e4 00 00 00 00             		.long	0
  50 00e8 00 00 00 00 00 00 00 00 		.zero	60
  50      00 00 00 00 00 00 00 00 
  50      00 00 00 00 00 00 00 00 
  50      00 00 00 00 00 00 00 00 
  50      00 00 00 00 00 00 00 00 
  51 0124 00 00 00 00             		.long	0
  52 0128 00 00 00 00             		.long	0
  53                             		.section	.rodata._aSetup,"a"
  54                             		.balign 4
  57                             	__aSetup:
  58 0000 02 08 00 00             		.long	0x802
  59 0004 0B 00 00 00             		.long	11
  60 0008 00 00 00 00             		.long	0
  61 000c 00 00 00 00             		.long	_acmotec
  62 0010 00 00 00 00             		.long	0
  63 0014 36 F8 08 00             		.long	0x8f836
  64 0018 00 00 00 00             		.long	0
  65 001c 00 00 00 00             		.long	0
  66 0020 00 00 00 00 00 00 00 00 		.zero	48
  66      00 00 00 00 00 00 00 00 
  66      00 00 00 00 00 00 00 00 
  66      00 00 00 00 00 00 00 00 
  66      00 00 00 00 00 00 00 00 
  67 0050 02 08 00 00             		.long	0x802
  68 0054 51 00 00 00             		.long	0x51
  69 0058 00 00 00 00             		.long	0
  70 005c 00 00 00 00             		.long	0
  71 0060 00 00 00 00             		.long	0
  72 0064 00 00 00 00 00 00 00 00 		.zero	60
  72      00 00 00 00 00 00 00 00 
  72      00 00 00 00 00 00 00 00 
  72      00 00 00 00 00 00 00 00 
  72      00 00 00 00 00 00 00 00 
  73 00a0 01 08 00 00             		.long	0x801
  74 00a4 30 00 00 00             		.long	48
  75 00a8 DC 05 00 00             		.long	0x5dc
  76 00ac 00 00 00 00             		.long	0
  77 00b0 00 00 00 00             		.long	0
  78 00b4 00 00 00 00 00 00 00 00 		.zero	60
  78      00 00 00 00 00 00 00 00 
  78      00 00 00 00 00 00 00 00 
  78      00 00 00 00 00 00 00 00 
  78      00 00 00 00 00 00 00 00 
  79                             		.section	.data._aCreate,"aw"
  80                             		.balign 4
  83                             	__aCreate:
  84 0000 00 00 00 00             		.long	_WM_OBJECT_WINDOW_Create
  85 0004 00 18 00 00             		.long	0x1800
  86 0008 00 00 00 00             		.long	0
  87 000c 02 00 00 00             		.long	2
  88 0010 23 00 00 00             		.long	35
  89 0014 00 00 00 00             		.long	0
  90 0018 00 00 00 00             		.long	0
  91 001c 02 00 00 00             		.long	2
  92 0020 00 00 00 00             		.long	0
  93 0024 00 00 00 00             		.long	0
  94 0028 00 00 00 00             		.long	0
  95 002c 02 00 00 00             		.long	2
  96 0030 00 00 00 00             		.long	0
  97 0034 00 00 00 00             		.long	0
  98 0038 00 00 00 00             		.long	0
  99 003c 02 00 00 00             		.long	2
 100 0040 00 00 00 00             		.long	0
 101 0044 00 00 00 00             		.long	0
 102 0048 00 00 00 00             		.long	0
 103 004c 00 00 00 00             		.long	0
 104 0050 00 00 00 00             		.long	0
 105 0054 00 00 00 00             		.long	0
 106 0058 00 00 00 00             		.long	0
 107 005c 00                      		.byte	0
 108 005d 00 00 00                		.zero	3
 109 0060 00 00 00 00             		.long	0
 110 0064 00 00                   		.short	0
 111 0066 00 00                   		.short	0
 112 0068 00 00 00 00             		.long	_WM_OBJECT_IMAGE_Create
 113 006c 02 08 00 00             		.long	0x802
 114 0070 00 18 00 00             		.long	0x1800
 115 0074 02 00 00 00             		.long	2
 116 0078 00 00 00 00             		.long	0
 117 007c 00 00 00 00             		.long	0
 118 0080 00 00 00 00             		.long	0
 119 0084 02 00 00 00             		.long	2
 120 0088 00 00 00 00             		.long	0
 121 008c 00 00 00 00             		.long	0
 122 0090 00 00 00 00             		.long	0
 123 0094 00 00 00 00             		.long	0
 124 0098 00 00 00 00             		.long	0
 125 009c 00 00 00 00             		.long	0
 126 00a0 00 00 00 00             		.long	0
 127 00a4 00 00 00 00             		.long	0
 128 00a8 00 00 00 00             		.long	0
 129 00ac 00 00 00 00             		.long	0
 130 00b0 00 00 00 00             		.long	0
 131 00b4 FD 02 00 00             		.long	0x2fd
 132 00b8 00 01 00 00             		.long	0x100
 133 00bc 00 00 00 00             		.long	0
 134 00c0 00 00 00 00             		.long	0
 135 00c4 00                      		.byte	0
 136 00c5 00 00 00                		.zero	3
 137 00c8 00 00 00 00             		.long	0
 138 00cc 00 00                   		.short	0
 139 00ce 00 00                   		.short	0
 140 00d0 00 00 00 00             		.long	_WM_OBJECT_TIMER_Create
 141 00d4 01 08 00 00             		.long	0x801
 142 00d8 00 18 00 00             		.long	0x1800
 143 00dc 00 00 00 00             		.long	0
 144 00e0 00 00 00 00             		.long	0
 145 00e4 00 00 00 00             		.long	0
 146 00e8 00 00 00 00             		.long	0
 147 00ec 00 00 00 00             		.long	0
 148 00f0 00 00 00 00             		.long	0
 149 00f4 00 00 00 00             		.long	0
 150 00f8 00 00 00 00             		.long	0
 151 00fc 00 00 00 00             		.long	0
 152 0100 00 00 00 00             		.long	0
 153 0104 00 00 00 00             		.long	0
 154 0108 00 00 00 00             		.long	0
 155 010c 00 00 00 00             		.long	0
 156 0110 00 00 00 00             		.long	0
 157 0114 00 00 00 00             		.long	0
 158 0118 00 00 00 00             		.long	0
 159 011c 00 00 00 00             		.long	0
 160 0120 00 00 00 00             		.long	0
 161 0124 00 00 00 00             		.long	0
 162 0128 00 00 00 00             		.long	0
 163 012c 00                      		.byte	0
 164 012d 00 00 00                		.zero	3
 165 0130 00 00 00 00             		.long	0
 166 0134 00 00                   		.short	0
 167 0136 00 00                   		.short	0
 168                             		.section P,"ax"
 169                             	.Letext0:
 170                             		.file 1 "c:\\programdata\\gcc for renesas rx 8.3.0.202311-gnurx-elf\\rx-elf\\rx-elf\\lib\\gcc\\rx-
 171                             		.file 2 "D:\\e2_studio\\workspace\\FULLMONI_WIDE\\Firmware\\src\\smc_gen\\r_emwin_rx\\lib\\GUI/LCD
 172                             		.file 3 "D:\\e2_studio\\workspace\\FULLMONI_WIDE\\Firmware\\src\\smc_gen\\r_emwin_rx\\lib\\GUI/GUI
 173                             		.file 4 "D:\\e2_studio\\workspace\\FULLMONI_WIDE\\Firmware\\src\\smc_gen\\r_emwin_rx\\lib\\GUI/GUI
 174                             		.file 5 "D:\\e2_studio\\workspace\\FULLMONI_WIDE\\Firmware\\src\\smc_gen\\r_emwin_rx\\lib\\GUI/WM.
 175                             		.file 6 "D:\\e2_studio\\workspace\\FULLMONI_WIDE\\Firmware\\src\\smc_gen\\r_emwin_rx\\lib\\GUI/WID
 176                             		.file 7 "D:\\e2_studio\\workspace\\FULLMONI_WIDE\\Firmware\\src\\smc_gen\\r_emwin_rx\\lib\\GUI/KEY
 177                             		.file 8 "D:\\e2_studio\\workspace\\FULLMONI_WIDE\\Firmware\\src\\smc_gen\\r_emwin_rx\\lib\\GUI/LCD
 178                             		.file 9 "D:\\e2_studio\\workspace\\FULLMONI_WIDE\\Firmware\\src\\smc_gen\\r_emwin_rx\\lib\\GUI/GUI
 179                             		.file 10 "D:\\e2_studio\\workspace\\FULLMONI_WIDE\\Firmware\\src\\smc_gen\\r_emwin_rx\\lib\\GUI/WM
 180                             		.file 11 "D:\\e2_studio\\workspace\\FULLMONI_WIDE\\Firmware\\src\\smc_gen\\r_emwin_rx\\lib\\GUI/BU
 181                             		.file 12 "D:\\e2_studio\\workspace\\FULLMONI_WIDE\\Firmware\\src\\smc_gen\\r_emwin_rx\\lib\\GUI/WI
 182                             		.file 13 "D:\\e2_studio\\workspace\\FULLMONI_WIDE\\Firmware\\src\\smc_gen\\r_emwin_rx\\lib\\GUI/IM
 183                             		.file 14 "D:\\e2_studio\\workspace\\FULLMONI_WIDE\\Firmware\\src\\smc_gen\\r_emwin_rx\\lib\\GUI/TE
 184                             		.file 15 "D:\\e2_studio\\workspace\\FULLMONI_WIDE\\Firmware\\src\\smc_gen\\r_emwin_rx\\lib\\GUI/SL
 185                             		.file 16 "D:\\e2_studio\\workspace\\FULLMONI_WIDE\\Firmware\\src\\smc_gen\\r_emwin_rx\\lib\\GUI/RO
 186                             		.file 17 "D:\\e2_studio\\workspace\\FULLMONI_WIDE\\Firmware\\src\\smc_gen\\r_emwin_rx\\lib\\GUI/SW
 187                             		.file 18 "D:\\e2_studio\\workspace\\FULLMONI_WIDE\\Firmware\\src\\smc_gen\\r_emwin_rx\\lib\\GUI/ED
 188                             		.file 19 "D:\\e2_studio\\workspace\\FULLMONI_WIDE\\Firmware\\src\\smc_gen\\r_emwin_rx\\lib\\GUI/QR
 189                             		.file 20 "D:\\e2_studio\\workspace\\FULLMONI_WIDE\\Firmware\\src\\smc_gen\\r_emwin_rx\\lib\\GUI/GA
 190                             		.file 21 "D:\\e2_studio\\workspace\\FULLMONI_WIDE\\Firmware\\src\\smc_gen\\r_emwin_rx\\lib\\GUI/KE
 191                             		.file 22 "D:\\e2_studio\\workspace\\FULLMONI_WIDE\\Firmware\\src\\smc_gen\\r_emwin_rx\\lib\\GUI/MU
 192                             		.file 23 "D:\\e2_studio\\workspace\\FULLMONI_WIDE\\Firmware\\src\\smc_gen\\r_emwin_rx\\lib\\GUI/SC
 193                             		.file 24 "D:\\e2_studio\\workspace\\FULLMONI_WIDE\\Firmware\\src\\smc_gen\\r_emwin_rx\\lib\\GUI/DR
 194                             		.file 25 "D:\\e2_studio\\workspace\\FULLMONI_WIDE\\Firmware\\src\\smc_gen\\r_emwin_rx\\lib\\GUI/LI
 195                             		.file 26 "D:\\e2_studio\\workspace\\FULLMONI_WIDE\\Firmware\\src\\smc_gen\\r_emwin_rx\\lib\\GUI/LI
 196                             		.file 27 "D:\\e2_studio\\workspace\\FULLMONI_WIDE\\Firmware\\src\\smc_gen\\r_emwin_rx\\lib\\GUI/WH
 197                             		.file 28 "D:\\e2_studio\\workspace\\FULLMONI_WIDE\\Firmware\\src\\smc_gen\\r_emwin_rx\\lib\\GUI/Ap
 198                             		.file 29 "../aw/Source/Generated/Resource.h"
 199                             		.file 30 "../aw/Source/Generated/ID_SCREEN_00.c"
