   1                             		.file	"LCDConf_spi_if.c"
   2                             		.section P,"ax"
   3                             	.Ltext0:
   4                             	.Letext0:
   5                             		.file 1 "c:\\programdata\\gcc for renesas rx 8.3.0.202311-gnurx-elf\\rx-elf\\rx-elf\\rx-elf\\inclu
   6                             		.file 2 "c:\\programdata\\gcc for renesas rx 8.3.0.202311-gnurx-elf\\rx-elf\\rx-elf\\rx-elf\\inclu
   7                             		.file 3 "c:\\programdata\\gcc for renesas rx 8.3.0.202311-gnurx-elf\\rx-elf\\rx-elf\\lib\\gcc\\rx-
   8                             		.file 4 "c:\\programdata\\gcc for renesas rx 8.3.0.202311-gnurx-elf\\rx-elf\\rx-elf\\rx-elf\\inclu
   9                             		.file 5 "c:\\programdata\\gcc for renesas rx 8.3.0.202311-gnurx-elf\\rx-elf\\rx-elf\\rx-elf\\inclu
  10                             		.file 6 "c:\\programdata\\gcc for renesas rx 8.3.0.202311-gnurx-elf\\rx-elf\\rx-elf\\rx-elf\\inclu
  11                             		.file 7 "D:\\e2_studio\\workspace\\FULLMONI_WIDE\\Firmware\\src\\smc_gen\\r_bsp/mcu/all/r_rx_compi
  12                             		.file 8 "D:\\e2_studio\\workspace\\FULLMONI_WIDE\\Firmware\\src\\smc_gen\\r_bsp/mcu/rx72n/mcu_lock
