   1                             		.file	"r_emwin_rx_if.c"
   2                             		.section P,"ax"
   3                             	.Ltext0:
   4                             		.section	.text.R_EMWIN_GetVersion,"ax",@progbits
   5                             		.global	_R_EMWIN_GetVersion
   7                             	_R_EMWIN_GetVersion:
   8                             	.LVL0:
   9                             	.LFB3:
  10                             		.file 1 "../src/smc_gen/r_emwin_rx/src/r_emwin_rx_if.c"
   1:../src/smc_gen/r_emwin_rx/src/r_emwin_rx_if.c **** /**************************************************************************************************
   2:../src/smc_gen/r_emwin_rx/src/r_emwin_rx_if.c ****  * DISCLAIMER
   3:../src/smc_gen/r_emwin_rx/src/r_emwin_rx_if.c ****  * This software is supplied by Renesas Electronics Corporation and is only intended for use with R
   4:../src/smc_gen/r_emwin_rx/src/r_emwin_rx_if.c ****  * other uses are authorized. This software is owned by Renesas Electronics Corporation and is prot
   5:../src/smc_gen/r_emwin_rx/src/r_emwin_rx_if.c ****  * applicable laws, including copyright laws.
   6:../src/smc_gen/r_emwin_rx/src/r_emwin_rx_if.c ****  * THIS SOFTWARE IS PROVIDED "AS IS" AND RENESAS MAKES NO WARRANTIES REGARDING
   7:../src/smc_gen/r_emwin_rx/src/r_emwin_rx_if.c ****  * THIS SOFTWARE, WHETHER EXPRESS, IMPLIED OR STATUTORY, INCLUDING BUT NOT LIMITED TO WARRANTIES OF
   8:../src/smc_gen/r_emwin_rx/src/r_emwin_rx_if.c ****  * FITNESS FOR A PARTICULAR PURPOSE AND NON-INFRINGEMENT. ALL SUCH WARRANTIES ARE EXPRESSLY DISCLAI
   9:../src/smc_gen/r_emwin_rx/src/r_emwin_rx_if.c ****  * EXTENT PERMITTED NOT PROHIBITED BY LAW, NEITHER RENESAS ELECTRONICS CORPORATION NOR ANY OF ITS A
  10:../src/smc_gen/r_emwin_rx/src/r_emwin_rx_if.c ****  * SHALL BE LIABLE FOR ANY DIRECT, INDIRECT, SPECIAL, INCIDENTAL OR CONSEQUENTIAL DAMAGES FOR ANY R
  11:../src/smc_gen/r_emwin_rx/src/r_emwin_rx_if.c ****  * THIS SOFTWARE, EVEN IF RENESAS OR ITS AFFILIATES HAVE BEEN ADVISED OF THE POSSIBILITY OF SUCH DA
  12:../src/smc_gen/r_emwin_rx/src/r_emwin_rx_if.c ****  * Renesas reserves the right, without notice, to make changes to this software and to discontinue 
  13:../src/smc_gen/r_emwin_rx/src/r_emwin_rx_if.c ****  * this software. By using this software, you agree to the additional terms and conditions found by
  14:../src/smc_gen/r_emwin_rx/src/r_emwin_rx_if.c ****  * following link:
  15:../src/smc_gen/r_emwin_rx/src/r_emwin_rx_if.c ****  * http://www.renesas.com/disclaimer
  16:../src/smc_gen/r_emwin_rx/src/r_emwin_rx_if.c ****  *
  17:../src/smc_gen/r_emwin_rx/src/r_emwin_rx_if.c ****  * Copyright (C) 2023 Renesas Electronics Corporation. All rights reserved.
  18:../src/smc_gen/r_emwin_rx/src/r_emwin_rx_if.c ****  **************************************************************************************************
  19:../src/smc_gen/r_emwin_rx/src/r_emwin_rx_if.c **** /**************************************************************************************************
  20:../src/smc_gen/r_emwin_rx/src/r_emwin_rx_if.c ****  * File Name    : r_emwin_rx_if.c
  21:../src/smc_gen/r_emwin_rx/src/r_emwin_rx_if.c ****  * Version      : 1.00
  22:../src/smc_gen/r_emwin_rx/src/r_emwin_rx_if.c ****  * Description  : Functions to use emWin on RX devices.
  23:../src/smc_gen/r_emwin_rx/src/r_emwin_rx_if.c ****  **************************************************************************************************
  24:../src/smc_gen/r_emwin_rx/src/r_emwin_rx_if.c **** /**************************************************************************************************
  25:../src/smc_gen/r_emwin_rx/src/r_emwin_rx_if.c ****  * History : DD.MM.YYYY Version        Description
  26:../src/smc_gen/r_emwin_rx/src/r_emwin_rx_if.c ****  *         : 31.07.2020 6.14.a.1.00    First Release
  27:../src/smc_gen/r_emwin_rx/src/r_emwin_rx_if.c ****  *         : 04.09.2020 6.14.a.1.10    Update to adjust r_emwin_rx_config.h file.
  28:../src/smc_gen/r_emwin_rx/src/r_emwin_rx_if.c ****  *         : 11.12.2020 6.14.g.1.20    Update to adjust emWin v6.14g. Modify multi-touch and timer 
  29:../src/smc_gen/r_emwin_rx/src/r_emwin_rx_if.c ****  *                                     Adjust GCC and IAR compilers.
  30:../src/smc_gen/r_emwin_rx/src/r_emwin_rx_if.c ****  *         : 31.03.2021 6.14.g.1.30    Update to adjust the spec of Smart Configurator and QE for D
  31:../src/smc_gen/r_emwin_rx/src/r_emwin_rx_if.c ****  *         : 29.12.2021 6.22.  1.00    Update emWin library to v6.22.
  32:../src/smc_gen/r_emwin_rx/src/r_emwin_rx_if.c ****  *                                     Adjust configuration option with Smart Configurator.
  33:../src/smc_gen/r_emwin_rx/src/r_emwin_rx_if.c ****  *         : 31.08.2022 6.26.c.1.00    Update emWin library to v6.26c.
  34:../src/smc_gen/r_emwin_rx/src/r_emwin_rx_if.c ****  *         : 31.03.2023 6.32.a.1.00    Update emWin library to v6.32a.
  35:../src/smc_gen/r_emwin_rx/src/r_emwin_rx_if.c ****  **************************************************************************************************
  36:../src/smc_gen/r_emwin_rx/src/r_emwin_rx_if.c **** 
  37:../src/smc_gen/r_emwin_rx/src/r_emwin_rx_if.c **** /**************************************************************************************************
  38:../src/smc_gen/r_emwin_rx/src/r_emwin_rx_if.c ****  Includes   <System Includes> , "Project Includes"
  39:../src/smc_gen/r_emwin_rx/src/r_emwin_rx_if.c ****  **************************************************************************************************
  40:../src/smc_gen/r_emwin_rx/src/r_emwin_rx_if.c **** #include "r_emwin_rx_if.h"
  41:../src/smc_gen/r_emwin_rx/src/r_emwin_rx_if.c **** 
  42:../src/smc_gen/r_emwin_rx/src/r_emwin_rx_if.c **** /**************************************************************************************************
  43:../src/smc_gen/r_emwin_rx/src/r_emwin_rx_if.c ****  Macro definitions
  44:../src/smc_gen/r_emwin_rx/src/r_emwin_rx_if.c ****  **************************************************************************************************
  45:../src/smc_gen/r_emwin_rx/src/r_emwin_rx_if.c **** 
  46:../src/smc_gen/r_emwin_rx/src/r_emwin_rx_if.c **** /**************************************************************************************************
  47:../src/smc_gen/r_emwin_rx/src/r_emwin_rx_if.c ****  Local Typedef definitions
  48:../src/smc_gen/r_emwin_rx/src/r_emwin_rx_if.c ****  **************************************************************************************************
  49:../src/smc_gen/r_emwin_rx/src/r_emwin_rx_if.c **** 
  50:../src/smc_gen/r_emwin_rx/src/r_emwin_rx_if.c **** /**************************************************************************************************
  51:../src/smc_gen/r_emwin_rx/src/r_emwin_rx_if.c ****  Exported global variables
  52:../src/smc_gen/r_emwin_rx/src/r_emwin_rx_if.c ****  **************************************************************************************************
  53:../src/smc_gen/r_emwin_rx/src/r_emwin_rx_if.c **** 
  54:../src/smc_gen/r_emwin_rx/src/r_emwin_rx_if.c **** /**************************************************************************************************
  55:../src/smc_gen/r_emwin_rx/src/r_emwin_rx_if.c ****  Private (static) variables and functions
  56:../src/smc_gen/r_emwin_rx/src/r_emwin_rx_if.c ****  **************************************************************************************************
  57:../src/smc_gen/r_emwin_rx/src/r_emwin_rx_if.c **** 
  58:../src/smc_gen/r_emwin_rx/src/r_emwin_rx_if.c **** /**************************************************************************************************
  59:../src/smc_gen/r_emwin_rx/src/r_emwin_rx_if.c ****  * Function Name: R_EMWIN_GetVersion
  60:../src/smc_gen/r_emwin_rx/src/r_emwin_rx_if.c ****  * Description  : This function will return the version of the currently installed emWin FIT module
  61:../src/smc_gen/r_emwin_rx/src/r_emwin_rx_if.c ****  * Arguments    : .
  62:../src/smc_gen/r_emwin_rx/src/r_emwin_rx_if.c ****  * Return Value : .
  63:../src/smc_gen/r_emwin_rx/src/r_emwin_rx_if.c ****  **************************************************************************************************
  64:../src/smc_gen/r_emwin_rx/src/r_emwin_rx_if.c **** void R_EMWIN_GetVersion(st_emwin_version_t * version)
  65:../src/smc_gen/r_emwin_rx/src/r_emwin_rx_if.c **** {
  11                             		.loc 1 65 1 view -0
  66:../src/smc_gen/r_emwin_rx/src/r_emwin_rx_if.c ****     version->emwin_major = EMWIN_VERSION_EMWIN_MAJOR;
  12                             		.loc 1 66 5 view .LVU1
  13                             		.loc 1 66 26 is_stmt 0 view .LVU2
  14 0000 F8 14 06                		mov.B	#6, [r1]
  67:../src/smc_gen/r_emwin_rx/src/r_emwin_rx_if.c ****     version->emwin_minor = EMWIN_VERSION_EMWIN_MINOR;
  15                             		.loc 1 67 5 is_stmt 1 view .LVU3
  16                             		.loc 1 67 26 is_stmt 0 view .LVU4
  17 0003 3C 11 20                		mov.B	#32, 1[r1]
  68:../src/smc_gen/r_emwin_rx/src/r_emwin_rx_if.c ****     version->emwin_char  = EMWIN_VERSION_EMWIN_CHAR;
  18                             		.loc 1 68 5 is_stmt 1 view .LVU5
  19                             		.loc 1 68 26 is_stmt 0 view .LVU6
  20 0006 3C 12 61                		mov.B	#0x61, 2[r1]
  69:../src/smc_gen/r_emwin_rx/src/r_emwin_rx_if.c ****     version->fit_major   = EMWIN_VERSION_FIT_MAJOR;
  21                             		.loc 1 69 5 is_stmt 1 view .LVU7
  22                             		.loc 1 69 26 is_stmt 0 view .LVU8
  23 0009 3C 13 01                		mov.B	#1, 3[r1]
  70:../src/smc_gen/r_emwin_rx/src/r_emwin_rx_if.c ****     version->fit_minor   = EMWIN_VERSION_FIT_MINOR;
  24                             		.loc 1 70 5 is_stmt 1 view .LVU9
  25                             		.loc 1 70 26 is_stmt 0 view .LVU10
  26 000c 3C 14 00                		mov.B	#0, 4[r1]
  71:../src/smc_gen/r_emwin_rx/src/r_emwin_rx_if.c **** }
  27                             		.loc 1 71 1 view .LVU11
  28 000f 02                      		rts
  29                             	.LFE3:
  57                             	.Letext0:
  58                             		.file 2 "c:\\programdata\\gcc for renesas rx 8.3.0.202311-gnurx-elf\\rx-elf\\rx-elf\\rx-elf\\inclu
  59                             		.file 3 "c:\\programdata\\gcc for renesas rx 8.3.0.202311-gnurx-elf\\rx-elf\\rx-elf\\rx-elf\\inclu
  60                             		.file 4 "c:\\programdata\\gcc for renesas rx 8.3.0.202311-gnurx-elf\\rx-elf\\rx-elf\\lib\\gcc\\rx-
  61                             		.file 5 "c:\\programdata\\gcc for renesas rx 8.3.0.202311-gnurx-elf\\rx-elf\\rx-elf\\rx-elf\\inclu
  62                             		.file 6 "c:\\programdata\\gcc for renesas rx 8.3.0.202311-gnurx-elf\\rx-elf\\rx-elf\\rx-elf\\inclu
  63                             		.file 7 "c:\\programdata\\gcc for renesas rx 8.3.0.202311-gnurx-elf\\rx-elf\\rx-elf\\rx-elf\\inclu
  64                             		.file 8 "D:\\e2_studio\\workspace\\FULLMONI_WIDE\\Firmware\\src\\smc_gen\\r_bsp/mcu/all/r_rx_compi
  65                             		.file 9 "D:\\e2_studio\\workspace\\FULLMONI_WIDE\\Firmware\\src\\smc_gen\\r_bsp/mcu/rx72n/mcu_lock
  66                             		.file 10 "D:\\e2_studio\\workspace\\FULLMONI_WIDE\\Firmware\\src\\smc_gen\\r_emwin_rx/r_emwin_rx_i
