   1                             		.file	"w_watarcool.c"
   2                             		.section P,"ax"
   3                             	.Ltext0:
   4                             		.global	_acw_watarcool
   5                             		.section	.rodata.acw_watarcool,"a"
   8                             	_acw_watarcool:
   9 0000 42                      		.byte	0x42
  10 0001 4D                      		.byte	0x4d
  11 0002 64                      		.byte	0x64
  12 0003 00                      		.byte	0
  13 0004 1E                      		.byte	30
  14 0005 00                      		.byte	0
  15 0006 1E                      		.byte	30
  16 0007 00                      		.byte	0
  17 0008 1E                      		.byte	30
  18 0009 00                      		.byte	0
  19 000a 08                      		.byte	8
  20 000b 00                      		.byte	0
  21 000c D4                      		.byte	-44
  22 000d 00                      		.byte	0
  23 000e 00                      		.byte	0
  24 000f 00                      		.byte	0
  25 0010 00                      		.byte	0
  26 0011 00                      		.byte	0
  27 0012 00                      		.byte	0
  28 0013 FF                      		.byte	-1
  29 0014 06                      		.byte	6
  30 0015 00                      		.byte	0
  31 0016 00                      		.byte	0
  32 0017 FF                      		.byte	-1
  33 0018 FE                      		.byte	-2
  34 0019 B7                      		.byte	-73
  35 001a 00                      		.byte	0
  36 001b FF                      		.byte	-1
  37 001c FE                      		.byte	-2
  38 001d AE                      		.byte	-82
  39 001e 00                      		.byte	0
  40 001f FF                      		.byte	-1
  41 0020 FE                      		.byte	-2
  42 0021 A6                      		.byte	-90
  43 0022 00                      		.byte	0
  44 0023 FF                      		.byte	-1
  45 0024 FE                      		.byte	-2
  46 0025 AA                      		.byte	-86
  47 0026 00                      		.byte	0
  48 0027 FF                      		.byte	-1
  49 0028 04                      		.byte	4
  50 0029 00                      		.byte	0
  51 002a 00                      		.byte	0
  52 002b FF                      		.byte	-1
  53 002c FE                      		.byte	-2
  54 002d 9D                      		.byte	-99
  55 002e 00                      		.byte	0
  56 002f FF                      		.byte	-1
  57 0030 FE                      		.byte	-2
  58 0031 B2                      		.byte	-78
  59 0032 00                      		.byte	0
  60 0033 FF                      		.byte	-1
  61 0034 FE                      		.byte	-2
  62 0035 BF                      		.byte	-65
  63 0036 00                      		.byte	0
  64 0037 FF                      		.byte	-1
  65 0038 98                      		.byte	-104
  66 0039 3F                      		.byte	63
  67 003a 00                      		.byte	0
  68 003b FF                      		.byte	-1
  69 003c FE                      		.byte	-2
  70 003d 8C                      		.byte	-116
  71 003e 00                      		.byte	0
  72 003f FF                      		.byte	-1
  73 0040 FE                      		.byte	-2
  74 0041 99                      		.byte	-103
  75 0042 00                      		.byte	0
  76 0043 FF                      		.byte	-1
  77 0044 01                      		.byte	1
  78 0045 00                      		.byte	0
  79 0046 00                      		.byte	0
  80 0047 FF                      		.byte	-1
  81 0048 05                      		.byte	5
  82 0049 00                      		.byte	0
  83 004a 00                      		.byte	0
  84 004b FF                      		.byte	-1
  85 004c 98                      		.byte	-104
  86 004d 42                      		.byte	0x42
  87 004e 00                      		.byte	0
  88 004f FF                      		.byte	-1
  89 0050 DF                      		.byte	-33
  90 0051 74                      		.byte	0x74
  91 0052 00                      		.byte	0
  92 0053 FF                      		.byte	-1
  93 0054 FE                      		.byte	-2
  94 0055 95                      		.byte	-107
  95 0056 00                      		.byte	0
  96 0057 FF                      		.byte	-1
  97 0058 FE                      		.byte	-2
  98 0059 BB                      		.byte	-69
  99 005a 00                      		.byte	0
 100 005b FF                      		.byte	-1
 101 005c 03                      		.byte	3
 102 005d 00                      		.byte	0
 103 005e 00                      		.byte	0
 104 005f FF                      		.byte	-1
 105 0060 0B                      		.byte	11
 106 0061 00                      		.byte	0
 107 0062 01                      		.byte	1
 108 0063 FF                      		.byte	-1
 109 0064 19                      		.byte	25
 110 0065 00                      		.byte	0
 111 0066 00                      		.byte	0
 112 0067 FF                      		.byte	-1
 113 0068 23                      		.byte	35
 114 0069 00                      		.byte	0
 115 006a 01                      		.byte	1
 116 006b FF                      		.byte	-1
 117 006c 23                      		.byte	35
 118 006d 0F                      		.byte	15
 119 006e 00                      		.byte	0
 120 006f FF                      		.byte	-1
 121 0070 34                      		.byte	52
 122 0071 08                      		.byte	8
 123 0072 00                      		.byte	0
 124 0073 FF                      		.byte	-1
 125 0074 BB                      		.byte	-69
 126 0075 52                      		.byte	0x52
 127 0076 00                      		.byte	0
 128 0077 FF                      		.byte	-1
 129 0078 B2                      		.byte	-78
 130 0079 65                      		.byte	0x65
 131 007a 00                      		.byte	0
 132 007b FF                      		.byte	-1
 133 007c D4                      		.byte	-44
 134 007d 6E                      		.byte	0x6e
 135 007e 00                      		.byte	0
 136 007f FF                      		.byte	-1
 137 0080 F7                      		.byte	-9
 138 0081 78                      		.byte	0x78
 139 0082 00                      		.byte	0
 140 0083 FF                      		.byte	-1
 141 0084 EB                      		.byte	-21
 142 0085 91                      		.byte	-111
 143 0086 00                      		.byte	0
 144 0087 FF                      		.byte	-1
 145 0088 F6                      		.byte	-10
 146 0089 88                      		.byte	-120
 147 008a 00                      		.byte	0
 148 008b FF                      		.byte	-1
 149 008c FE                      		.byte	-2
 150 008d A1                      		.byte	-95
 151 008e 00                      		.byte	0
 152 008f FF                      		.byte	-1
 153 0090 02                      		.byte	2
 154 0091 00                      		.byte	0
 155 0092 00                      		.byte	0
 156 0093 FF                      		.byte	-1
 157 0094 07                      		.byte	7
 158 0095 00                      		.byte	0
 159 0096 00                      		.byte	0
 160 0097 FF                      		.byte	-1
 161 0098 07                      		.byte	7
 162 0099 00                      		.byte	0
 163 009a 01                      		.byte	1
 164 009b FF                      		.byte	-1
 165 009c 08                      		.byte	8
 166 009d 00                      		.byte	0
 167 009e 01                      		.byte	1
 168 009f FF                      		.byte	-1
 169 00a0 0A                      		.byte	10
 170 00a1 00                      		.byte	0
 171 00a2 00                      		.byte	0
 172 00a3 FF                      		.byte	-1
 173 00a4 0A                      		.byte	10
 174 00a5 00                      		.byte	0
 175 00a6 01                      		.byte	1
 176 00a7 FF                      		.byte	-1
 177 00a8 0B                      		.byte	11
 178 00a9 04                      		.byte	4
 179 00aa 00                      		.byte	0
 180 00ab FF                      		.byte	-1
 181 00ac 0E                      		.byte	14
 182 00ad 00                      		.byte	0
 183 00ae 00                      		.byte	0
 184 00af FF                      		.byte	-1
 185 00b0 0F                      		.byte	15
 186 00b1 01                      		.byte	1
 187 00b2 00                      		.byte	0
 188 00b3 FF                      		.byte	-1
 189 00b4 0E                      		.byte	14
 190 00b5 04                      		.byte	4
 191 00b6 00                      		.byte	0
 192 00b7 FF                      		.byte	-1
 193 00b8 10                      		.byte	16
 194 00b9 00                      		.byte	0
 195 00ba 00                      		.byte	0
 196 00bb FF                      		.byte	-1
 197 00bc 11                      		.byte	17
 198 00bd 00                      		.byte	0
 199 00be 00                      		.byte	0
 200 00bf FF                      		.byte	-1
 201 00c0 11                      		.byte	17
 202 00c1 01                      		.byte	1
 203 00c2 00                      		.byte	0
 204 00c3 FF                      		.byte	-1
 205 00c4 10                      		.byte	16
 206 00c5 00                      		.byte	0
 207 00c6 02                      		.byte	2
 208 00c7 FF                      		.byte	-1
 209 00c8 11                      		.byte	17
 210 00c9 06                      		.byte	6
 211 00ca 00                      		.byte	0
 212 00cb FF                      		.byte	-1
 213 00cc 13                      		.byte	19
 214 00cd 07                      		.byte	7
 215 00ce 00                      		.byte	0
 216 00cf FF                      		.byte	-1
 217 00d0 12                      		.byte	18
 218 00d1 08                      		.byte	8
 219 00d2 00                      		.byte	0
 220 00d3 FF                      		.byte	-1
 221 00d4 13                      		.byte	19
 222 00d5 08                      		.byte	8
 223 00d6 00                      		.byte	0
 224 00d7 FF                      		.byte	-1
 225 00d8 18                      		.byte	24
 226 00d9 00                      		.byte	0
 227 00da 02                      		.byte	2
 228 00db FF                      		.byte	-1
 229 00dc 1A                      		.byte	26
 230 00dd 00                      		.byte	0
 231 00de 00                      		.byte	0
 232 00df FF                      		.byte	-1
 233 00e0 1A                      		.byte	26
 234 00e1 00                      		.byte	0
 235 00e2 03                      		.byte	3
 236 00e3 FF                      		.byte	-1
 237 00e4 1A                      		.byte	26
 238 00e5 03                      		.byte	3
 239 00e6 00                      		.byte	0
 240 00e7 FF                      		.byte	-1
 241 00e8 1A                      		.byte	26
 242 00e9 04                      		.byte	4
 243 00ea 00                      		.byte	0
 244 00eb FF                      		.byte	-1
 245 00ec 1D                      		.byte	29
 246 00ed 04                      		.byte	4
 247 00ee 00                      		.byte	0
 248 00ef FF                      		.byte	-1
 249 00f0 1D                      		.byte	29
 250 00f1 07                      		.byte	7
 251 00f2 00                      		.byte	0
 252 00f3 FF                      		.byte	-1
 253 00f4 23                      		.byte	35
 254 00f5 00                      		.byte	0
 255 00f6 00                      		.byte	0
 256 00f7 FF                      		.byte	-1
 257 00f8 22                      		.byte	34
 258 00f9 04                      		.byte	4
 259 00fa 00                      		.byte	0
 260 00fb FF                      		.byte	-1
 261 00fc 25                      		.byte	37
 262 00fd 05                      		.byte	5
 263 00fe 00                      		.byte	0
 264 00ff FF                      		.byte	-1
 265 0100 26                      		.byte	38
 266 0101 04                      		.byte	4
 267 0102 00                      		.byte	0
 268 0103 FF                      		.byte	-1
 269 0104 21                      		.byte	33
 270 0105 09                      		.byte	9
 271 0106 00                      		.byte	0
 272 0107 FF                      		.byte	-1
 273 0108 23                      		.byte	35
 274 0109 08                      		.byte	8
 275 010a 00                      		.byte	0
 276 010b FF                      		.byte	-1
 277 010c 27                      		.byte	39
 278 010d 0B                      		.byte	11
 279 010e 00                      		.byte	0
 280 010f FF                      		.byte	-1
 281 0110 2A                      		.byte	42
 282 0111 07                      		.byte	7
 283 0112 00                      		.byte	0
 284 0113 FF                      		.byte	-1
 285 0114 2C                      		.byte	44
 286 0115 05                      		.byte	5
 287 0116 00                      		.byte	0
 288 0117 FF                      		.byte	-1
 289 0118 28                      		.byte	40
 290 0119 0F                      		.byte	15
 291 011a 00                      		.byte	0
 292 011b FF                      		.byte	-1
 293 011c 2F                      		.byte	47
 294 011d 09                      		.byte	9
 295 011e 00                      		.byte	0
 296 011f FF                      		.byte	-1
 297 0120 33                      		.byte	51
 298 0121 06                      		.byte	6
 299 0122 00                      		.byte	0
 300 0123 FF                      		.byte	-1
 301 0124 34                      		.byte	52
 302 0125 05                      		.byte	5
 303 0126 00                      		.byte	0
 304 0127 FF                      		.byte	-1
 305 0128 31                      		.byte	49
 306 0129 0E                      		.byte	14
 307 012a 00                      		.byte	0
 308 012b FF                      		.byte	-1
 309 012c 34                      		.byte	52
 310 012d 09                      		.byte	9
 311 012e 00                      		.byte	0
 312 012f FF                      		.byte	-1
 313 0130 35                      		.byte	53
 314 0131 0A                      		.byte	10
 315 0132 00                      		.byte	0
 316 0133 FF                      		.byte	-1
 317 0134 36                      		.byte	54
 318 0135 0B                      		.byte	11
 319 0136 00                      		.byte	0
 320 0137 FF                      		.byte	-1
 321 0138 35                      		.byte	53
 322 0139 0D                      		.byte	13
 323 013a 00                      		.byte	0
 324 013b FF                      		.byte	-1
 325 013c 3B                      		.byte	59
 326 013d 06                      		.byte	6
 327 013e 00                      		.byte	0
 328 013f FF                      		.byte	-1
 329 0140 39                      		.byte	57
 330 0141 0D                      		.byte	13
 331 0142 00                      		.byte	0
 332 0143 FF                      		.byte	-1
 333 0144 3E                      		.byte	62
 334 0145 0C                      		.byte	12
 335 0146 00                      		.byte	0
 336 0147 FF                      		.byte	-1
 337 0148 3E                      		.byte	62
 338 0149 0D                      		.byte	13
 339 014a 00                      		.byte	0
 340 014b FF                      		.byte	-1
 341 014c 33                      		.byte	51
 342 014d 13                      		.byte	19
 343 014e 00                      		.byte	0
 344 014f FF                      		.byte	-1
 345 0150 46                      		.byte	0x46
 346 0151 04                      		.byte	4
 347 0152 00                      		.byte	0
 348 0153 FF                      		.byte	-1
 349 0154 48                      		.byte	0x48
 350 0155 01                      		.byte	1
 351 0156 00                      		.byte	0
 352 0157 FF                      		.byte	-1
 353 0158 4A                      		.byte	0x4a
 354 0159 01                      		.byte	1
 355 015a 00                      		.byte	0
 356 015b FF                      		.byte	-1
 357 015c 48                      		.byte	0x48
 358 015d 09                      		.byte	9
 359 015e 00                      		.byte	0
 360 015f FF                      		.byte	-1
 361 0160 47                      		.byte	0x47
 362 0161 16                      		.byte	22
 363 0162 00                      		.byte	0
 364 0163 FF                      		.byte	-1
 365 0164 41                      		.byte	0x41
 366 0165 1A                      		.byte	26
 367 0166 00                      		.byte	0
 368 0167 FF                      		.byte	-1
 369 0168 45                      		.byte	0x45
 370 0169 1A                      		.byte	26
 371 016a 00                      		.byte	0
 372 016b FF                      		.byte	-1
 373 016c 48                      		.byte	0x48
 374 016d 1A                      		.byte	26
 375 016e 00                      		.byte	0
 376 016f FF                      		.byte	-1
 377 0170 4D                      		.byte	0x4d
 378 0171 1B                      		.byte	27
 379 0172 00                      		.byte	0
 380 0173 FF                      		.byte	-1
 381 0174 5D                      		.byte	0x5d
 382 0175 05                      		.byte	5
 383 0176 00                      		.byte	0
 384 0177 FF                      		.byte	-1
 385 0178 58                      		.byte	0x58
 386 0179 10                      		.byte	16
 387 017a 00                      		.byte	0
 388 017b FF                      		.byte	-1
 389 017c 59                      		.byte	0x59
 390 017d 1C                      		.byte	28
 391 017e 00                      		.byte	0
 392 017f FF                      		.byte	-1
 393 0180 4D                      		.byte	0x4d
 394 0181 23                      		.byte	35
 395 0182 00                      		.byte	0
 396 0183 FF                      		.byte	-1
 397 0184 4D                      		.byte	0x4d
 398 0185 24                      		.byte	36
 399 0186 00                      		.byte	0
 400 0187 FF                      		.byte	-1
 401 0188 4D                      		.byte	0x4d
 402 0189 26                      		.byte	38
 403 018a 00                      		.byte	0
 404 018b FF                      		.byte	-1
 405 018c 63                      		.byte	0x63
 406 018d 0F                      		.byte	15
 407 018e 00                      		.byte	0
 408 018f FF                      		.byte	-1
 409 0190 60                      		.byte	0x60
 410 0191 15                      		.byte	21
 411 0192 00                      		.byte	0
 412 0193 FF                      		.byte	-1
 413 0194 63                      		.byte	0x63
 414 0195 14                      		.byte	20
 415 0196 00                      		.byte	0
 416 0197 FF                      		.byte	-1
 417 0198 64                      		.byte	0x64
 418 0199 17                      		.byte	23
 419 019a 00                      		.byte	0
 420 019b FF                      		.byte	-1
 421 019c 62                      		.byte	0x62
 422 019d 1F                      		.byte	31
 423 019e 00                      		.byte	0
 424 019f FF                      		.byte	-1
 425 01a0 68                      		.byte	0x68
 426 01a1 17                      		.byte	23
 427 01a2 00                      		.byte	0
 428 01a3 FF                      		.byte	-1
 429 01a4 6D                      		.byte	0x6d
 430 01a5 16                      		.byte	22
 431 01a6 00                      		.byte	0
 432 01a7 FF                      		.byte	-1
 433 01a8 69                      		.byte	0x69
 434 01a9 1C                      		.byte	28
 435 01aa 00                      		.byte	0
 436 01ab FF                      		.byte	-1
 437 01ac 6D                      		.byte	0x6d
 438 01ad 1D                      		.byte	29
 439 01ae 00                      		.byte	0
 440 01af FF                      		.byte	-1
 441 01b0 6F                      		.byte	0x6f
 442 01b1 1E                      		.byte	30
 443 01b2 00                      		.byte	0
 444 01b3 FF                      		.byte	-1
 445 01b4 7E                      		.byte	0x7e
 446 01b5 13                      		.byte	19
 447 01b6 00                      		.byte	0
 448 01b7 FF                      		.byte	-1
 449 01b8 7E                      		.byte	0x7e
 450 01b9 17                      		.byte	23
 451 01ba 00                      		.byte	0
 452 01bb FF                      		.byte	-1
 453 01bc 7A                      		.byte	0x7a
 454 01bd 1F                      		.byte	31
 455 01be 00                      		.byte	0
 456 01bf FF                      		.byte	-1
 457 01c0 62                      		.byte	0x62
 458 01c1 22                      		.byte	34
 459 01c2 00                      		.byte	0
 460 01c3 FF                      		.byte	-1
 461 01c4 66                      		.byte	0x66
 462 01c5 26                      		.byte	38
 463 01c6 00                      		.byte	0
 464 01c7 FF                      		.byte	-1
 465 01c8 64                      		.byte	0x64
 466 01c9 28                      		.byte	40
 467 01ca 00                      		.byte	0
 468 01cb FF                      		.byte	-1
 469 01cc 6A                      		.byte	0x6a
 470 01cd 20                      		.byte	32
 471 01ce 00                      		.byte	0
 472 01cf FF                      		.byte	-1
 473 01d0 68                      		.byte	0x68
 474 01d1 24                      		.byte	36
 475 01d2 00                      		.byte	0
 476 01d3 FF                      		.byte	-1
 477 01d4 6B                      		.byte	0x6b
 478 01d5 25                      		.byte	37
 479 01d6 00                      		.byte	0
 480 01d7 FF                      		.byte	-1
 481 01d8 69                      		.byte	0x69
 482 01d9 38                      		.byte	56
 483 01da 00                      		.byte	0
 484 01db FF                      		.byte	-1
 485 01dc 76                      		.byte	0x76
 486 01dd 21                      		.byte	33
 487 01de 00                      		.byte	0
 488 01df FF                      		.byte	-1
 489 01e0 79                      		.byte	0x79
 490 01e1 20                      		.byte	32
 491 01e2 00                      		.byte	0
 492 01e3 FF                      		.byte	-1
 493 01e4 7E                      		.byte	0x7e
 494 01e5 22                      		.byte	34
 495 01e6 00                      		.byte	0
 496 01e7 FF                      		.byte	-1
 497 01e8 7C                      		.byte	0x7c
 498 01e9 25                      		.byte	37
 499 01ea 00                      		.byte	0
 500 01eb FF                      		.byte	-1
 501 01ec 79                      		.byte	0x79
 502 01ed 28                      		.byte	40
 503 01ee 00                      		.byte	0
 504 01ef FF                      		.byte	-1
 505 01f0 7E                      		.byte	0x7e
 506 01f1 2E                      		.byte	46
 507 01f2 00                      		.byte	0
 508 01f3 FF                      		.byte	-1
 509 01f4 71                      		.byte	0x71
 510 01f5 31                      		.byte	49
 511 01f6 00                      		.byte	0
 512 01f7 FF                      		.byte	-1
 513 01f8 76                      		.byte	0x76
 514 01f9 31                      		.byte	49
 515 01fa 00                      		.byte	0
 516 01fb FF                      		.byte	-1
 517 01fc 7C                      		.byte	0x7c
 518 01fd 32                      		.byte	50
 519 01fe 00                      		.byte	0
 520 01ff FF                      		.byte	-1
 521 0200 7F                      		.byte	0x7f
 522 0201 39                      		.byte	57
 523 0202 00                      		.byte	0
 524 0203 FF                      		.byte	-1
 525 0204 7F                      		.byte	0x7f
 526 0205 3B                      		.byte	59
 527 0206 00                      		.byte	0
 528 0207 FF                      		.byte	-1
 529 0208 7F                      		.byte	0x7f
 530 0209 44                      		.byte	0x44
 531 020a 00                      		.byte	0
 532 020b FF                      		.byte	-1
 533 020c 81                      		.byte	-127
 534 020d 1E                      		.byte	30
 535 020e 00                      		.byte	0
 536 020f FF                      		.byte	-1
 537 0210 87                      		.byte	-121
 538 0211 24                      		.byte	36
 539 0212 00                      		.byte	0
 540 0213 FF                      		.byte	-1
 541 0214 87                      		.byte	-121
 542 0215 2D                      		.byte	45
 543 0216 00                      		.byte	0
 544 0217 FF                      		.byte	-1
 545 0218 8D                      		.byte	-115
 546 0219 31                      		.byte	49
 547 021a 00                      		.byte	0
 548 021b FF                      		.byte	-1
 549 021c 91                      		.byte	-111
 550 021d 33                      		.byte	51
 551 021e 00                      		.byte	0
 552 021f FF                      		.byte	-1
 553 0220 93                      		.byte	-109
 554 0221 3D                      		.byte	61
 555 0222 00                      		.byte	0
 556 0223 FF                      		.byte	-1
 557 0224 96                      		.byte	-106
 558 0225 3A                      		.byte	58
 559 0226 00                      		.byte	0
 560 0227 FF                      		.byte	-1
 561 0228 96                      		.byte	-106
 562 0229 3C                      		.byte	60
 563 022a 00                      		.byte	0
 564 022b FF                      		.byte	-1
 565 022c 9B                      		.byte	-101
 566 022d 3C                      		.byte	60
 567 022e 00                      		.byte	0
 568 022f FF                      		.byte	-1
 569 0230 BD                      		.byte	-67
 570 0231 3C                      		.byte	60
 571 0232 00                      		.byte	0
 572 0233 FF                      		.byte	-1
 573 0234 8E                      		.byte	-114
 574 0235 4A                      		.byte	0x4a
 575 0236 00                      		.byte	0
 576 0237 FF                      		.byte	-1
 577 0238 93                      		.byte	-109
 578 0239 42                      		.byte	0x42
 579 023a 00                      		.byte	0
 580 023b FF                      		.byte	-1
 581 023c 97                      		.byte	-105
 582 023d 42                      		.byte	0x42
 583 023e 00                      		.byte	0
 584 023f FF                      		.byte	-1
 585 0240 92                      		.byte	-110
 586 0241 4C                      		.byte	0x4c
 587 0242 00                      		.byte	0
 588 0243 FF                      		.byte	-1
 589 0244 9A                      		.byte	-102
 590 0245 46                      		.byte	0x46
 591 0246 00                      		.byte	0
 592 0247 FF                      		.byte	-1
 593 0248 9B                      		.byte	-101
 594 0249 46                      		.byte	0x46
 595 024a 00                      		.byte	0
 596 024b FF                      		.byte	-1
 597 024c 9B                      		.byte	-101
 598 024d 4B                      		.byte	0x4b
 599 024e 00                      		.byte	0
 600 024f FF                      		.byte	-1
 601 0250 A1                      		.byte	-95
 602 0251 41                      		.byte	0x41
 603 0252 00                      		.byte	0
 604 0253 FF                      		.byte	-1
 605 0254 A6                      		.byte	-90
 606 0255 43                      		.byte	0x43
 607 0256 00                      		.byte	0
 608 0257 FF                      		.byte	-1
 609 0258 A6                      		.byte	-90
 610 0259 48                      		.byte	0x48
 611 025a 00                      		.byte	0
 612 025b FF                      		.byte	-1
 613 025c AB                      		.byte	-85
 614 025d 42                      		.byte	0x42
 615 025e 00                      		.byte	0
 616 025f FF                      		.byte	-1
 617 0260 AF                      		.byte	-81
 618 0261 43                      		.byte	0x43
 619 0262 00                      		.byte	0
 620 0263 FF                      		.byte	-1
 621 0264 A0                      		.byte	-96
 622 0265 50                      		.byte	0x50
 623 0266 00                      		.byte	0
 624 0267 FF                      		.byte	-1
 625 0268 B5                      		.byte	-75
 626 0269 43                      		.byte	0x43
 627 026a 00                      		.byte	0
 628 026b FF                      		.byte	-1
 629 026c B0                      		.byte	-80
 630 026d 49                      		.byte	0x49
 631 026e 00                      		.byte	0
 632 026f FF                      		.byte	-1
 633 0270 B8                      		.byte	-72
 634 0271 47                      		.byte	0x47
 635 0272 00                      		.byte	0
 636 0273 FF                      		.byte	-1
 637 0274 B2                      		.byte	-78
 638 0275 62                      		.byte	0x62
 639 0276 00                      		.byte	0
 640 0277 FF                      		.byte	-1
 641 0278 BD                      		.byte	-67
 642 0279 65                      		.byte	0x65
 643 027a 00                      		.byte	0
 644 027b FF                      		.byte	-1
 645 027c C7                      		.byte	-57
 646 027d 5A                      		.byte	0x5a
 647 027e 00                      		.byte	0
 648 027f FF                      		.byte	-1
 649 0280 CD                      		.byte	-51
 650 0281 5A                      		.byte	0x5a
 651 0282 00                      		.byte	0
 652 0283 FF                      		.byte	-1
 653 0284 D1                      		.byte	-47
 654 0285 57                      		.byte	0x57
 655 0286 00                      		.byte	0
 656 0287 FF                      		.byte	-1
 657 0288 D8                      		.byte	-40
 658 0289 5A                      		.byte	0x5a
 659 028a 00                      		.byte	0
 660 028b FF                      		.byte	-1
 661 028c DA                      		.byte	-38
 662 028d 5F                      		.byte	0x5f
 663 028e 00                      		.byte	0
 664 028f FF                      		.byte	-1
 665 0290 D2                      		.byte	-46
 666 0291 62                      		.byte	0x62
 667 0292 00                      		.byte	0
 668 0293 FF                      		.byte	-1
 669 0294 DA                      		.byte	-38
 670 0295 6D                      		.byte	0x6d
 671 0296 00                      		.byte	0
 672 0297 FF                      		.byte	-1
 673 0298 D1                      		.byte	-47
 674 0299 7A                      		.byte	0x7a
 675 029a 00                      		.byte	0
 676 029b FF                      		.byte	-1
 677 029c D0                      		.byte	-48
 678 029d 7D                      		.byte	0x7d
 679 029e 00                      		.byte	0
 680 029f FF                      		.byte	-1
 681 02a0 D6                      		.byte	-42
 682 02a1 79                      		.byte	0x79
 683 02a2 00                      		.byte	0
 684 02a3 FF                      		.byte	-1
 685 02a4 DA                      		.byte	-38
 686 02a5 71                      		.byte	0x71
 687 02a6 00                      		.byte	0
 688 02a7 FF                      		.byte	-1
 689 02a8 DB                      		.byte	-37
 690 02a9 72                      		.byte	0x72
 691 02aa 00                      		.byte	0
 692 02ab FF                      		.byte	-1
 693 02ac DD                      		.byte	-35
 694 02ad 73                      		.byte	0x73
 695 02ae 00                      		.byte	0
 696 02af FF                      		.byte	-1
 697 02b0 DD                      		.byte	-35
 698 02b1 7A                      		.byte	0x7a
 699 02b2 00                      		.byte	0
 700 02b3 FF                      		.byte	-1
 701 02b4 DF                      		.byte	-33
 702 02b5 7B                      		.byte	0x7b
 703 02b6 00                      		.byte	0
 704 02b7 FF                      		.byte	-1
 705 02b8 DF                      		.byte	-33
 706 02b9 7E                      		.byte	0x7e
 707 02ba 00                      		.byte	0
 708 02bb FF                      		.byte	-1
 709 02bc E5                      		.byte	-27
 710 02bd 68                      		.byte	0x68
 711 02be 00                      		.byte	0
 712 02bf FF                      		.byte	-1
 713 02c0 E2                      		.byte	-30
 714 02c1 79                      		.byte	0x79
 715 02c2 00                      		.byte	0
 716 02c3 FF                      		.byte	-1
 717 02c4 E7                      		.byte	-25
 718 02c5 7C                      		.byte	0x7c
 719 02c6 00                      		.byte	0
 720 02c7 FF                      		.byte	-1
 721 02c8 F7                      		.byte	-9
 722 02c9 7B                      		.byte	0x7b
 723 02ca 00                      		.byte	0
 724 02cb FF                      		.byte	-1
 725 02cc D8                      		.byte	-40
 726 02cd 82                      		.byte	-126
 727 02ce 00                      		.byte	0
 728 02cf FF                      		.byte	-1
 729 02d0 DF                      		.byte	-33
 730 02d1 83                      		.byte	-125
 731 02d2 00                      		.byte	0
 732 02d3 FF                      		.byte	-1
 733 02d4 DC                      		.byte	-36
 734 02d5 84                      		.byte	-124
 735 02d6 00                      		.byte	0
 736 02d7 FF                      		.byte	-1
 737 02d8 DD                      		.byte	-35
 738 02d9 88                      		.byte	-120
 739 02da 00                      		.byte	0
 740 02db FF                      		.byte	-1
 741 02dc E1                      		.byte	-31
 742 02dd 84                      		.byte	-124
 743 02de 00                      		.byte	0
 744 02df FF                      		.byte	-1
 745 02e0 E6                      		.byte	-26
 746 02e1 82                      		.byte	-126
 747 02e2 00                      		.byte	0
 748 02e3 FF                      		.byte	-1
 749 02e4 E5                      		.byte	-27
 750 02e5 86                      		.byte	-122
 751 02e6 00                      		.byte	0
 752 02e7 FF                      		.byte	-1
 753 02e8 E9                      		.byte	-23
 754 02e9 84                      		.byte	-124
 755 02ea 00                      		.byte	0
 756 02eb FF                      		.byte	-1
 757 02ec EB                      		.byte	-21
 758 02ed 85                      		.byte	-123
 759 02ee 00                      		.byte	0
 760 02ef FF                      		.byte	-1
 761 02f0 E9                      		.byte	-23
 762 02f1 89                      		.byte	-119
 763 02f2 00                      		.byte	0
 764 02f3 FF                      		.byte	-1
 765 02f4 E8                      		.byte	-24
 766 02f5 8F                      		.byte	-113
 767 02f6 00                      		.byte	0
 768 02f7 FF                      		.byte	-1
 769 02f8 EC                      		.byte	-20
 770 02f9 8E                      		.byte	-114
 771 02fa 00                      		.byte	0
 772 02fb FF                      		.byte	-1
 773 02fc EF                      		.byte	-17
 774 02fd 90                      		.byte	-112
 775 02fe 00                      		.byte	0
 776 02ff FF                      		.byte	-1
 777 0300 EB                      		.byte	-21
 778 0301 9D                      		.byte	-99
 779 0302 00                      		.byte	0
 780 0303 FF                      		.byte	-1
 781 0304 F1                      		.byte	-15
 782 0305 85                      		.byte	-123
 783 0306 00                      		.byte	0
 784 0307 FF                      		.byte	-1
 785 0308 F4                      		.byte	-12
 786 0309 86                      		.byte	-122
 787 030a 00                      		.byte	0
 788 030b FF                      		.byte	-1
 789 030c F1                      		.byte	-15
 790 030d 89                      		.byte	-119
 791 030e 00                      		.byte	0
 792 030f FF                      		.byte	-1
 793 0310 F1                      		.byte	-15
 794 0311 8D                      		.byte	-115
 795 0312 00                      		.byte	0
 796 0313 FF                      		.byte	-1
 797 0314 F7                      		.byte	-9
 798 0315 8C                      		.byte	-116
 799 0316 00                      		.byte	0
 800 0317 FF                      		.byte	-1
 801 0318 F9                      		.byte	-7
 802 0319 81                      		.byte	-127
 803 031a 00                      		.byte	0
 804 031b FF                      		.byte	-1
 805 031c FE                      		.byte	-2
 806 031d 84                      		.byte	-124
 807 031e 00                      		.byte	0
 808 031f FF                      		.byte	-1
 809 0320 F8                      		.byte	-8
 810 0321 8D                      		.byte	-115
 811 0322 00                      		.byte	0
 812 0323 FF                      		.byte	-1
 813 0324 FA                      		.byte	-6
 814 0325 8E                      		.byte	-114
 815 0326 00                      		.byte	0
 816 0327 FF                      		.byte	-1
 817 0328 FB                      		.byte	-5
 818 0329 8E                      		.byte	-114
 819 032a 00                      		.byte	0
 820 032b FF                      		.byte	-1
 821 032c FE                      		.byte	-2
 822 032d 88                      		.byte	-120
 823 032e 00                      		.byte	0
 824 032f FF                      		.byte	-1
 825 0330 FC                      		.byte	-4
 826 0331 8F                      		.byte	-113
 827 0332 00                      		.byte	0
 828 0333 FF                      		.byte	-1
 829 0334 F5                      		.byte	-11
 830 0335 90                      		.byte	-112
 831 0336 00                      		.byte	0
 832 0337 FF                      		.byte	-1
 833 0338 F6                      		.byte	-10
 834 0339 94                      		.byte	-108
 835 033a 00                      		.byte	0
 836 033b FF                      		.byte	-1
 837 033c F1                      		.byte	-15
 838 033d 99                      		.byte	-103
 839 033e 00                      		.byte	0
 840 033f FF                      		.byte	-1
 841 0340 F8                      		.byte	-8
 842 0341 95                      		.byte	-107
 843 0342 00                      		.byte	0
 844 0343 FF                      		.byte	-1
 845 0344 FE                      		.byte	-2
 846 0345 90                      		.byte	-112
 847 0346 00                      		.byte	0
 848 0347 FF                      		.byte	-1
 849 0348 FC                      		.byte	-4
 850 0349 94                      		.byte	-108
 851 034a 00                      		.byte	0
 852 034b FF                      		.byte	-1
 853 034c F9                      		.byte	-7
 854 034d 9E                      		.byte	-98
 855 034e 00                      		.byte	0
 856 034f FF                      		.byte	-1
 857 0350 FC                      		.byte	-4
 858 0351 9C                      		.byte	-100
 859 0352 00                      		.byte	0
 860 0353 FF                      		.byte	-1
 861 0354 FA                      		.byte	-6
 862 0355 A3                      		.byte	-93
 863 0356 00                      		.byte	0
 864 0357 FF                      		.byte	-1
 865 0358 FB                      		.byte	-5
 866 0359 AC                      		.byte	-84
 867 035a 00                      		.byte	0
 868 035b FF                      		.byte	-1
 869 035c FE                      		.byte	-2
 870 035d C3                      		.byte	-61
 871 035e 00                      		.byte	0
 872 035f FF                      		.byte	-1
 873 0360 00                      		.byte	0
 874 0361 00                      		.byte	0
 875 0362 00                      		.byte	0
 876 0363 00                      		.byte	0
 877 0364 00                      		.byte	0
 878 0365 00                      		.byte	0
 879 0366 00                      		.byte	0
 880 0367 00                      		.byte	0
 881 0368 00                      		.byte	0
 882 0369 00                      		.byte	0
 883 036a 00                      		.byte	0
 884 036b 00                      		.byte	0
 885 036c 00                      		.byte	0
 886 036d 00                      		.byte	0
 887 036e 00                      		.byte	0
 888 036f 00                      		.byte	0
 889 0370 00                      		.byte	0
 890 0371 00                      		.byte	0
 891 0372 00                      		.byte	0
 892 0373 00                      		.byte	0
 893 0374 00                      		.byte	0
 894 0375 00                      		.byte	0
 895 0376 00                      		.byte	0
 896 0377 00                      		.byte	0
 897 0378 00                      		.byte	0
 898 0379 00                      		.byte	0
 899 037a 00                      		.byte	0
 900 037b 00                      		.byte	0
 901 037c 00                      		.byte	0
 902 037d 00                      		.byte	0
 903 037e 00                      		.byte	0
 904 037f 00                      		.byte	0
 905 0380 00                      		.byte	0
 906 0381 00                      		.byte	0
 907 0382 00                      		.byte	0
 908 0383 00                      		.byte	0
 909 0384 00                      		.byte	0
 910 0385 00                      		.byte	0
 911 0386 00                      		.byte	0
 912 0387 00                      		.byte	0
 913 0388 00                      		.byte	0
 914 0389 00                      		.byte	0
 915 038a 00                      		.byte	0
 916 038b 0E                      		.byte	14
 917 038c 4A                      		.byte	0x4a
 918 038d 2A                      		.byte	42
 919 038e 00                      		.byte	0
 920 038f 00                      		.byte	0
 921 0390 00                      		.byte	0
 922 0391 00                      		.byte	0
 923 0392 00                      		.byte	0
 924 0393 00                      		.byte	0
 925 0394 00                      		.byte	0
 926 0395 00                      		.byte	0
 927 0396 00                      		.byte	0
 928 0397 00                      		.byte	0
 929 0398 00                      		.byte	0
 930 0399 00                      		.byte	0
 931 039a 00                      		.byte	0
 932 039b 00                      		.byte	0
 933 039c 00                      		.byte	0
 934 039d 00                      		.byte	0
 935 039e 00                      		.byte	0
 936 039f 00                      		.byte	0
 937 03a0 00                      		.byte	0
 938 03a1 00                      		.byte	0
 939 03a2 00                      		.byte	0
 940 03a3 00                      		.byte	0
 941 03a4 00                      		.byte	0
 942 03a5 00                      		.byte	0
 943 03a6 00                      		.byte	0
 944 03a7 00                      		.byte	0
 945 03a8 00                      		.byte	0
 946 03a9 73                      		.byte	0x73
 947 03aa 0B                      		.byte	11
 948 03ab 19                      		.byte	25
 949 03ac 13                      		.byte	19
 950 03ad 00                      		.byte	0
 951 03ae 00                      		.byte	0
 952 03af 00                      		.byte	0
 953 03b0 00                      		.byte	0
 954 03b1 00                      		.byte	0
 955 03b2 00                      		.byte	0
 956 03b3 00                      		.byte	0
 957 03b4 00                      		.byte	0
 958 03b5 00                      		.byte	0
 959 03b6 00                      		.byte	0
 960 03b7 00                      		.byte	0
 961 03b8 00                      		.byte	0
 962 03b9 00                      		.byte	0
 963 03ba 00                      		.byte	0
 964 03bb 00                      		.byte	0
 965 03bc 00                      		.byte	0
 966 03bd 00                      		.byte	0
 967 03be 00                      		.byte	0
 968 03bf 00                      		.byte	0
 969 03c0 00                      		.byte	0
 970 03c1 00                      		.byte	0
 971 03c2 00                      		.byte	0
 972 03c3 00                      		.byte	0
 973 03c4 00                      		.byte	0
 974 03c5 00                      		.byte	0
 975 03c6 00                      		.byte	0
 976 03c7 95                      		.byte	-107
 977 03c8 09                      		.byte	9
 978 03c9 A8                      		.byte	-88
 979 03ca 06                      		.byte	6
 980 03cb 00                      		.byte	0
 981 03cc 00                      		.byte	0
 982 03cd 00                      		.byte	0
 983 03ce 00                      		.byte	0
 984 03cf 00                      		.byte	0
 985 03d0 00                      		.byte	0
 986 03d1 00                      		.byte	0
 987 03d2 00                      		.byte	0
 988 03d3 00                      		.byte	0
 989 03d4 00                      		.byte	0
 990 03d5 00                      		.byte	0
 991 03d6 00                      		.byte	0
 992 03d7 00                      		.byte	0
 993 03d8 00                      		.byte	0
 994 03d9 00                      		.byte	0
 995 03da 00                      		.byte	0
 996 03db 00                      		.byte	0
 997 03dc 00                      		.byte	0
 998 03dd 00                      		.byte	0
 999 03de 00                      		.byte	0
 1000 03df 00                      		.byte	0
 1001 03e0 00                      		.byte	0
 1002 03e1 00                      		.byte	0
 1003 03e2 00                      		.byte	0
 1004 03e3 00                      		.byte	0
 1005 03e4 00                      		.byte	0
 1006 03e5 90                      		.byte	-112
 1007 03e6 08                      		.byte	8
 1008 03e7 AB                      		.byte	-85
 1009 03e8 32                      		.byte	50
 1010 03e9 01                      		.byte	1
 1011 03ea 01                      		.byte	1
 1012 03eb 01                      		.byte	1
 1013 03ec 00                      		.byte	0
 1014 03ed 00                      		.byte	0
 1015 03ee 00                      		.byte	0
 1016 03ef 00                      		.byte	0
 1017 03f0 00                      		.byte	0
 1018 03f1 00                      		.byte	0
 1019 03f2 00                      		.byte	0
 1020 03f3 00                      		.byte	0
 1021 03f4 00                      		.byte	0
 1022 03f5 00                      		.byte	0
 1023 03f6 00                      		.byte	0
 1024 03f7 00                      		.byte	0
 1025 03f8 00                      		.byte	0
 1026 03f9 00                      		.byte	0
 1027 03fa 00                      		.byte	0
 1028 03fb 00                      		.byte	0
 1029 03fc 00                      		.byte	0
 1030 03fd 00                      		.byte	0
 1031 03fe 00                      		.byte	0
 1032 03ff 00                      		.byte	0
 1033 0400 00                      		.byte	0
 1034 0401 00                      		.byte	0
 1035 0402 00                      		.byte	0
 1036 0403 0F                      		.byte	15
 1037 0404 04                      		.byte	4
 1038 0405 07                      		.byte	7
 1039 0406 B5                      		.byte	-75
 1040 0407 AA                      		.byte	-86
 1041 0408 10                      		.byte	16
 1042 0409 10                      		.byte	16
 1043 040a 7F                      		.byte	0x7f
 1044 040b 00                      		.byte	0
 1045 040c 00                      		.byte	0
 1046 040d 00                      		.byte	0
 1047 040e 00                      		.byte	0
 1048 040f 00                      		.byte	0
 1049 0410 00                      		.byte	0
 1050 0411 00                      		.byte	0
 1051 0412 00                      		.byte	0
 1052 0413 00                      		.byte	0
 1053 0414 00                      		.byte	0
 1054 0415 00                      		.byte	0
 1055 0416 00                      		.byte	0
 1056 0417 00                      		.byte	0
 1057 0418 00                      		.byte	0
 1058 0419 00                      		.byte	0
 1059 041a 00                      		.byte	0
 1060 041b 00                      		.byte	0
 1061 041c 00                      		.byte	0
 1062 041d 00                      		.byte	0
 1063 041e 00                      		.byte	0
 1064 041f 00                      		.byte	0
 1065 0420 00                      		.byte	0
 1066 0421 0F                      		.byte	15
 1067 0422 05                      		.byte	5
 1068 0423 D2                      		.byte	-46
 1069 0424 B3                      		.byte	-77
 1070 0425 B0                      		.byte	-80
 1071 0426 A9                      		.byte	-87
 1072 0427 A7                      		.byte	-89
 1073 0428 74                      		.byte	0x74
 1074 0429 00                      		.byte	0
 1075 042a 00                      		.byte	0
 1076 042b 00                      		.byte	0
 1077 042c 00                      		.byte	0
 1078 042d 00                      		.byte	0
 1079 042e 00                      		.byte	0
 1080 042f 00                      		.byte	0
 1081 0430 00                      		.byte	0
 1082 0431 00                      		.byte	0
 1083 0432 00                      		.byte	0
 1084 0433 00                      		.byte	0
 1085 0434 00                      		.byte	0
 1086 0435 00                      		.byte	0
 1087 0436 00                      		.byte	0
 1088 0437 00                      		.byte	0
 1089 0438 00                      		.byte	0
 1090 0439 00                      		.byte	0
 1091 043a 00                      		.byte	0
 1092 043b 00                      		.byte	0
 1093 043c 00                      		.byte	0
 1094 043d 00                      		.byte	0
 1095 043e 00                      		.byte	0
 1096 043f 0A                      		.byte	10
 1097 0440 02                      		.byte	2
 1098 0441 B2                      		.byte	-78
 1099 0442 28                      		.byte	40
 1100 0443 01                      		.byte	1
 1101 0444 01                      		.byte	1
 1102 0445 0E                      		.byte	14
 1103 0446 00                      		.byte	0
 1104 0447 00                      		.byte	0
 1105 0448 00                      		.byte	0
 1106 0449 00                      		.byte	0
 1107 044a 00                      		.byte	0
 1108 044b 00                      		.byte	0
 1109 044c 00                      		.byte	0
 1110 044d 00                      		.byte	0
 1111 044e 00                      		.byte	0
 1112 044f 00                      		.byte	0
 1113 0450 00                      		.byte	0
 1114 0451 00                      		.byte	0
 1115 0452 00                      		.byte	0
 1116 0453 00                      		.byte	0
 1117 0454 00                      		.byte	0
 1118 0455 00                      		.byte	0
 1119 0456 00                      		.byte	0
 1120 0457 00                      		.byte	0
 1121 0458 00                      		.byte	0
 1122 0459 00                      		.byte	0
 1123 045a 00                      		.byte	0
 1124 045b 00                      		.byte	0
 1125 045c 00                      		.byte	0
 1126 045d 0F                      		.byte	15
 1127 045e 03                      		.byte	3
 1128 045f B1                      		.byte	-79
 1129 0460 0D                      		.byte	13
 1130 0461 00                      		.byte	0
 1131 0462 00                      		.byte	0
 1132 0463 00                      		.byte	0
 1133 0464 00                      		.byte	0
 1134 0465 00                      		.byte	0
 1135 0466 00                      		.byte	0
 1136 0467 00                      		.byte	0
 1137 0468 00                      		.byte	0
 1138 0469 00                      		.byte	0
 1139 046a 00                      		.byte	0
 1140 046b 00                      		.byte	0
 1141 046c 00                      		.byte	0
 1142 046d 00                      		.byte	0
 1143 046e 00                      		.byte	0
 1144 046f 00                      		.byte	0
 1145 0470 00                      		.byte	0
 1146 0471 00                      		.byte	0
 1147 0472 00                      		.byte	0
 1148 0473 00                      		.byte	0
 1149 0474 00                      		.byte	0
 1150 0475 00                      		.byte	0
 1151 0476 00                      		.byte	0
 1152 0477 00                      		.byte	0
 1153 0478 00                      		.byte	0
 1154 0479 00                      		.byte	0
 1155 047a 00                      		.byte	0
 1156 047b 0A                      		.byte	10
 1157 047c 05                      		.byte	5
 1158 047d D1                      		.byte	-47
 1159 047e 9A                      		.byte	-102
 1160 047f 99                      		.byte	-103
 1161 0480 1A                      		.byte	26
 1162 0481 1A                      		.byte	26
 1163 0482 5B                      		.byte	0x5b
 1164 0483 00                      		.byte	0
 1165 0484 00                      		.byte	0
 1166 0485 00                      		.byte	0
 1167 0486 00                      		.byte	0
 1168 0487 00                      		.byte	0
 1169 0488 00                      		.byte	0
 1170 0489 00                      		.byte	0
 1171 048a 00                      		.byte	0
 1172 048b 00                      		.byte	0
 1173 048c 00                      		.byte	0
 1174 048d 00                      		.byte	0
 1175 048e 00                      		.byte	0
 1176 048f 00                      		.byte	0
 1177 0490 00                      		.byte	0
 1178 0491 00                      		.byte	0
 1179 0492 00                      		.byte	0
 1180 0493 00                      		.byte	0
 1181 0494 00                      		.byte	0
 1182 0495 00                      		.byte	0
 1183 0496 00                      		.byte	0
 1184 0497 00                      		.byte	0
 1185 0498 00                      		.byte	0
 1186 0499 0A                      		.byte	10
 1187 049a 04                      		.byte	4
 1188 049b 05                      		.byte	5
 1189 049c 11                      		.byte	17
 1190 049d 0B                      		.byte	11
 1191 049e CD                      		.byte	-51
 1192 049f 0B                      		.byte	11
 1193 04a0 81                      		.byte	-127
 1194 04a1 00                      		.byte	0
 1195 04a2 00                      		.byte	0
 1196 04a3 00                      		.byte	0
 1197 04a4 00                      		.byte	0
 1198 04a5 00                      		.byte	0
 1199 04a6 00                      		.byte	0
 1200 04a7 00                      		.byte	0
 1201 04a8 00                      		.byte	0
 1202 04a9 00                      		.byte	0
 1203 04aa 00                      		.byte	0
 1204 04ab 00                      		.byte	0
 1205 04ac 00                      		.byte	0
 1206 04ad 00                      		.byte	0
 1207 04ae 00                      		.byte	0
 1208 04af 00                      		.byte	0
 1209 04b0 00                      		.byte	0
 1210 04b1 00                      		.byte	0
 1211 04b2 00                      		.byte	0
 1212 04b3 00                      		.byte	0
 1213 04b4 00                      		.byte	0
 1214 04b5 00                      		.byte	0
 1215 04b6 00                      		.byte	0
 1216 04b7 0A                      		.byte	10
 1217 04b8 05                      		.byte	5
 1218 04b9 B6                      		.byte	-74
 1219 04ba 47                      		.byte	0x47
 1220 04bb 17                      		.byte	23
 1221 04bc 17                      		.byte	23
 1222 04bd 3E                      		.byte	62
 1223 04be 06                      		.byte	6
 1224 04bf 00                      		.byte	0
 1225 04c0 00                      		.byte	0
 1226 04c1 00                      		.byte	0
 1227 04c2 00                      		.byte	0
 1228 04c3 00                      		.byte	0
 1229 04c4 00                      		.byte	0
 1230 04c5 00                      		.byte	0
 1231 04c6 00                      		.byte	0
 1232 04c7 00                      		.byte	0
 1233 04c8 00                      		.byte	0
 1234 04c9 00                      		.byte	0
 1235 04ca 00                      		.byte	0
 1236 04cb 00                      		.byte	0
 1237 04cc 00                      		.byte	0
 1238 04cd 00                      		.byte	0
 1239 04ce 00                      		.byte	0
 1240 04cf 00                      		.byte	0
 1241 04d0 00                      		.byte	0
 1242 04d1 00                      		.byte	0
 1243 04d2 00                      		.byte	0
 1244 04d3 00                      		.byte	0
 1245 04d4 00                      		.byte	0
 1246 04d5 8B                      		.byte	-117
 1247 04d6 03                      		.byte	3
 1248 04d7 AF                      		.byte	-81
 1249 04d8 00                      		.byte	0
 1250 04d9 00                      		.byte	0
 1251 04da 00                      		.byte	0
 1252 04db 00                      		.byte	0
 1253 04dc 00                      		.byte	0
 1254 04dd 00                      		.byte	0
 1255 04de 00                      		.byte	0
 1256 04df 00                      		.byte	0
 1257 04e0 00                      		.byte	0
 1258 04e1 00                      		.byte	0
 1259 04e2 00                      		.byte	0
 1260 04e3 00                      		.byte	0
 1261 04e4 00                      		.byte	0
 1262 04e5 00                      		.byte	0
 1263 04e6 00                      		.byte	0
 1264 04e7 00                      		.byte	0
 1265 04e8 00                      		.byte	0
 1266 04e9 00                      		.byte	0
 1267 04ea 00                      		.byte	0
 1268 04eb 00                      		.byte	0
 1269 04ec 00                      		.byte	0
 1270 04ed 00                      		.byte	0
 1271 04ee 00                      		.byte	0
 1272 04ef 00                      		.byte	0
 1273 04f0 00                      		.byte	0
 1274 04f1 00                      		.byte	0
 1275 04f2 00                      		.byte	0
 1276 04f3 8A                      		.byte	-118
 1277 04f4 08                      		.byte	8
 1278 04f5 CA                      		.byte	-54
 1279 04f6 87                      		.byte	-121
 1280 04f7 7C                      		.byte	0x7c
 1281 04f8 7D                      		.byte	0x7d
 1282 04f9 7E                      		.byte	0x7e
 1283 04fa 4D                      		.byte	0x4d
 1284 04fb 00                      		.byte	0
 1285 04fc 00                      		.byte	0
 1286 04fd 00                      		.byte	0
 1287 04fe 00                      		.byte	0
 1288 04ff 00                      		.byte	0
 1289 0500 00                      		.byte	0
 1290 0501 00                      		.byte	0
 1291 0502 00                      		.byte	0
 1292 0503 00                      		.byte	0
 1293 0504 00                      		.byte	0
 1294 0505 00                      		.byte	0
 1295 0506 00                      		.byte	0
 1296 0507 00                      		.byte	0
 1297 0508 00                      		.byte	0
 1298 0509 00                      		.byte	0
 1299 050a 00                      		.byte	0
 1300 050b 00                      		.byte	0
 1301 050c 00                      		.byte	0
 1302 050d 00                      		.byte	0
 1303 050e 00                      		.byte	0
 1304 050f 00                      		.byte	0
 1305 0510 00                      		.byte	0
 1306 0511 8C                      		.byte	-116
 1307 0512 02                      		.byte	2
 1308 0513 07                      		.byte	7
 1309 0514 0C                      		.byte	12
 1310 0515 C3                      		.byte	-61
 1311 0516 0B                      		.byte	11
 1312 0517 07                      		.byte	7
 1313 0518 82                      		.byte	-126
 1314 0519 00                      		.byte	0
 1315 051a 00                      		.byte	0
 1316 051b 00                      		.byte	0
 1317 051c 00                      		.byte	0
 1318 051d 00                      		.byte	0
 1319 051e 00                      		.byte	0
 1320 051f 00                      		.byte	0
 1321 0520 00                      		.byte	0
 1322 0521 00                      		.byte	0
 1323 0522 00                      		.byte	0
 1324 0523 00                      		.byte	0
 1325 0524 00                      		.byte	0
 1326 0525 00                      		.byte	0
 1327 0526 00                      		.byte	0
 1328 0527 00                      		.byte	0
 1329 0528 00                      		.byte	0
 1330 0529 00                      		.byte	0
 1331 052a 00                      		.byte	0
 1332 052b 00                      		.byte	0
 1333 052c 00                      		.byte	0
 1334 052d 00                      		.byte	0
 1335 052e 00                      		.byte	0
 1336 052f 89                      		.byte	-119
 1337 0530 D3                      		.byte	-45
 1338 0531 1E                      		.byte	30
 1339 0532 59                      		.byte	0x59
 1340 0533 51                      		.byte	0x51
 1341 0534 52                      		.byte	0x52
 1342 0535 4B                      		.byte	0x4b
 1343 0536 21                      		.byte	33
 1344 0537 00                      		.byte	0
 1345 0538 00                      		.byte	0
 1346 0539 00                      		.byte	0
 1347 053a 00                      		.byte	0
 1348 053b 00                      		.byte	0
 1349 053c 00                      		.byte	0
 1350 053d 00                      		.byte	0
 1351 053e 00                      		.byte	0
 1352 053f 00                      		.byte	0
 1353 0540 00                      		.byte	0
 1354 0541 00                      		.byte	0
 1355 0542 00                      		.byte	0
 1356 0543 00                      		.byte	0
 1357 0544 00                      		.byte	0
 1358 0545 00                      		.byte	0
 1359 0546 00                      		.byte	0
 1360 0547 00                      		.byte	0
 1361 0548 00                      		.byte	0
 1362 0549 00                      		.byte	0
 1363 054a 00                      		.byte	0
 1364 054b 00                      		.byte	0
 1365 054c 00                      		.byte	0
 1366 054d 85                      		.byte	-123
 1367 054e 03                      		.byte	3
 1368 054f AD                      		.byte	-83
 1369 0550 25                      		.byte	37
 1370 0551 00                      		.byte	0
 1371 0552 00                      		.byte	0
 1372 0553 00                      		.byte	0
 1373 0554 00                      		.byte	0
 1374 0555 00                      		.byte	0
 1375 0556 00                      		.byte	0
 1376 0557 00                      		.byte	0
 1377 0558 00                      		.byte	0
 1378 0559 00                      		.byte	0
 1379 055a 00                      		.byte	0
 1380 055b 00                      		.byte	0
 1381 055c 00                      		.byte	0
 1382 055d 00                      		.byte	0
 1383 055e 00                      		.byte	0
 1384 055f 00                      		.byte	0
 1385 0560 00                      		.byte	0
 1386 0561 00                      		.byte	0
 1387 0562 00                      		.byte	0
 1388 0563 00                      		.byte	0
 1389 0564 00                      		.byte	0
 1390 0565 00                      		.byte	0
 1391 0566 00                      		.byte	0
 1392 0567 00                      		.byte	0
 1393 0568 00                      		.byte	0
 1394 0569 00                      		.byte	0
 1395 056a 33                      		.byte	51
 1396 056b 9F                      		.byte	-97
 1397 056c 05                      		.byte	5
 1398 056d C4                      		.byte	-60
 1399 056e 5A                      		.byte	0x5a
 1400 056f 00                      		.byte	0
 1401 0570 00                      		.byte	0
 1402 0571 00                      		.byte	0
 1403 0572 00                      		.byte	0
 1404 0573 00                      		.byte	0
 1405 0574 00                      		.byte	0
 1406 0575 00                      		.byte	0
 1407 0576 00                      		.byte	0
 1408 0577 00                      		.byte	0
 1409 0578 00                      		.byte	0
 1410 0579 00                      		.byte	0
 1411 057a 00                      		.byte	0
 1412 057b 00                      		.byte	0
 1413 057c 00                      		.byte	0
 1414 057d 01                      		.byte	1
 1415 057e 3F                      		.byte	63
 1416 057f 4F                      		.byte	0x4f
 1417 0580 3D                      		.byte	61
 1418 0581 06                      		.byte	6
 1419 0582 00                      		.byte	0
 1420 0583 00                      		.byte	0
 1421 0584 00                      		.byte	0
 1422 0585 00                      		.byte	0
 1423 0586 00                      		.byte	0
 1424 0587 22                      		.byte	34
 1425 0588 98                      		.byte	-104
 1426 0589 02                      		.byte	2
 1427 058a 03                      		.byte	3
 1428 058b 05                      		.byte	5
 1429 058c BD                      		.byte	-67
 1430 058d 45                      		.byte	0x45
 1431 058e 00                      		.byte	0
 1432 058f 20                      		.byte	32
 1433 0590 42                      		.byte	0x42
 1434 0591 53                      		.byte	0x53
 1435 0592 3C                      		.byte	60
 1436 0593 01                      		.byte	1
 1437 0594 00                      		.byte	0
 1438 0595 00                      		.byte	0
 1439 0596 00                      		.byte	0
 1440 0597 00                      		.byte	0
 1441 0598 00                      		.byte	0
 1442 0599 00                      		.byte	0
 1443 059a 00                      		.byte	0
 1444 059b 79                      		.byte	0x79
 1445 059c CF                      		.byte	-49
 1446 059d 1F                      		.byte	31
 1447 059e C9                      		.byte	-55
 1448 059f A2                      		.byte	-94
 1449 05a0 97                      		.byte	-105
 1450 05a1 78                      		.byte	0x78
 1451 05a2 6A                      		.byte	0x6a
 1452 05a3 6F                      		.byte	0x6f
 1453 05a4 01                      		.byte	1
 1454 05a5 31                      		.byte	49
 1455 05a6 CB                      		.byte	-53
 1456 05a7 12                      		.byte	18
 1457 05a8 03                      		.byte	3
 1458 05a9 04                      		.byte	4
 1459 05aa 02                      		.byte	2
 1460 05ab 72                      		.byte	0x72
 1461 05ac 00                      		.byte	0
 1462 05ad 71                      		.byte	0x71
 1463 05ae CC                      		.byte	-52
 1464 05af 0C                      		.byte	12
 1465 05b0 C2                      		.byte	-62
 1466 05b1 1B                      		.byte	27
 1467 05b2 96                      		.byte	-106
 1468 05b3 75                      		.byte	0x75
 1469 05b4 69                      		.byte	0x69
 1470 05b5 68                      		.byte	0x68
 1471 05b6 23                      		.byte	35
 1472 05b7 00                      		.byte	0
 1473 05b8 00                      		.byte	0
 1474 05b9 66                      		.byte	0x66
 1475 05ba BF                      		.byte	-65
 1476 05bb BB                      		.byte	-69
 1477 05bc C7                      		.byte	-57
 1478 05bd 04                      		.byte	4
 1479 05be 02                      		.byte	2
 1480 05bf 09                      		.byte	9
 1481 05c0 02                      		.byte	2
 1482 05c1 11                      		.byte	17
 1483 05c2 44                      		.byte	0x44
 1484 05c3 26                      		.byte	38
 1485 05c4 B7                      		.byte	-73
 1486 05c5 12                      		.byte	18
 1487 05c6 05                      		.byte	5
 1488 05c7 04                      		.byte	4
 1489 05c8 0C                      		.byte	12
 1490 05c9 63                      		.byte	0x63
 1491 05ca 00                      		.byte	0
 1492 05cb 64                      		.byte	0x64
 1493 05cc BE                      		.byte	-66
 1494 05cd BA                      		.byte	-70
 1495 05ce 07                      		.byte	7
 1496 05cf 02                      		.byte	2
 1497 05d0 09                      		.byte	9
 1498 05d1 03                      		.byte	3
 1499 05d2 04                      		.byte	4
 1500 05d3 07                      		.byte	7
 1501 05d4 49                      		.byte	0x49
 1502 05d5 00                      		.byte	0
 1503 05d6 00                      		.byte	0
 1504 05d7 06                      		.byte	6
 1505 05d8 37                      		.byte	55
 1506 05d9 35                      		.byte	53
 1507 05da 50                      		.byte	0x50
 1508 05db 6D                      		.byte	0x6d
 1509 05dc 8F                      		.byte	-113
 1510 05dd 9D                      		.byte	-99
 1511 05de A1                      		.byte	-95
 1512 05df 88                      		.byte	-120
 1513 05e0 36                      		.byte	54
 1514 05e1 00                      		.byte	0
 1515 05e2 80                      		.byte	-128
 1516 05e3 05                      		.byte	5
 1517 05e4 02                      		.byte	2
 1518 05e5 08                      		.byte	8
 1519 05e6 9E                      		.byte	-98
 1520 05e7 15                      		.byte	21
 1521 05e8 00                      		.byte	0
 1522 05e9 06                      		.byte	6
 1523 05ea 3A                      		.byte	58
 1524 05eb 2F                      		.byte	47
 1525 05ec 4E                      		.byte	0x4e
 1526 05ed 70                      		.byte	0x70
 1527 05ee 8D                      		.byte	-115
 1528 05ef 9C                      		.byte	-100
 1529 05f0 A5                      		.byte	-91
 1530 05f1 19                      		.byte	25
 1531 05f2 38                      		.byte	56
 1532 05f3 00                      		.byte	0
 1533 05f4 00                      		.byte	0
 1534 05f5 00                      		.byte	0
 1535 05f6 00                      		.byte	0
 1536 05f7 00                      		.byte	0
 1537 05f8 00                      		.byte	0
 1538 05f9 00                      		.byte	0
 1539 05fa 00                      		.byte	0
 1540 05fb 13                      		.byte	19
 1541 05fc 06                      		.byte	6
 1542 05fd 00                      		.byte	0
 1543 05fe 00                      		.byte	0
 1544 05ff 00                      		.byte	0
 1545 0600 06                      		.byte	6
 1546 0601 62                      		.byte	0x62
 1547 0602 86                      		.byte	-122
 1548 0603 7B                      		.byte	0x7b
 1549 0604 15                      		.byte	21
 1550 0605 00                      		.byte	0
 1551 0606 00                      		.byte	0
 1552 0607 00                      		.byte	0
 1553 0608 00                      		.byte	0
 1554 0609 00                      		.byte	0
 1555 060a 00                      		.byte	0
 1556 060b 00                      		.byte	0
 1557 060c 00                      		.byte	0
 1558 060d 0D                      		.byte	13
 1559 060e 01                      		.byte	1
 1560 060f 00                      		.byte	0
 1561 0610 00                      		.byte	0
 1562 0611 00                      		.byte	0
 1563 0612 00                      		.byte	0
 1564 0613 00                      		.byte	0
 1565 0614 00                      		.byte	0
 1566 0615 0E                      		.byte	14
 1567 0616 00                      		.byte	0
 1568 0617 00                      		.byte	0
 1569 0618 00                      		.byte	0
 1570 0619 00                      		.byte	0
 1571 061a 01                      		.byte	1
 1572 061b 2E                      		.byte	46
 1573 061c 27                      		.byte	39
 1574 061d 00                      		.byte	0
 1575 061e 00                      		.byte	0
 1576 061f 00                      		.byte	0
 1577 0620 00                      		.byte	0
 1578 0621 00                      		.byte	0
 1579 0622 29                      		.byte	41
 1580 0623 2B                      		.byte	43
 1581 0624 00                      		.byte	0
 1582 0625 00                      		.byte	0
 1583 0626 00                      		.byte	0
 1584 0627 00                      		.byte	0
 1585 0628 0D                      		.byte	13
 1586 0629 30                      		.byte	48
 1587 062a 2C                      		.byte	44
 1588 062b 00                      		.byte	0
 1589 062c 00                      		.byte	0
 1590 062d 00                      		.byte	0
 1591 062e 00                      		.byte	0
 1592 062f 00                      		.byte	0
 1593 0630 00                      		.byte	0
 1594 0631 00                      		.byte	0
 1595 0632 56                      		.byte	0x56
 1596 0633 A3                      		.byte	-93
 1597 0634 84                      		.byte	-124
 1598 0635 41                      		.byte	0x41
 1599 0636 39                      		.byte	57
 1600 0637 67                      		.byte	0x67
 1601 0638 1B                      		.byte	27
 1602 0639 1D                      		.byte	29
 1603 063a AC                      		.byte	-84
 1604 063b 83                      		.byte	-125
 1605 063c 43                      		.byte	0x43
 1606 063d 16                      		.byte	22
 1607 063e 6E                      		.byte	0x6e
 1608 063f A0                      		.byte	-96
 1609 0640 BC                      		.byte	-68
 1610 0641 B9                      		.byte	-71
 1611 0642 91                      		.byte	-111
 1612 0643 46                      		.byte	0x46
 1613 0644 16                      		.byte	22
 1614 0645 65                      		.byte	0x65
 1615 0646 9B                      		.byte	-101
 1616 0647 1D                      		.byte	29
 1617 0648 B8                      		.byte	-72
 1618 0649 92                      		.byte	-110
 1619 064a 18                      		.byte	24
 1620 064b 00                      		.byte	0
 1621 064c 00                      		.byte	0
 1622 064d 00                      		.byte	0
 1623 064e 00                      		.byte	0
 1624 064f 00                      		.byte	0
 1625 0650 6C                      		.byte	0x6c
 1626 0651 09                      		.byte	9
 1627 0652 09                      		.byte	9
 1628 0653 C5                      		.byte	-59
 1629 0654 AE                      		.byte	-82
 1630 0655 0C                      		.byte	12
 1631 0656 02                      		.byte	2
 1632 0657 04                      		.byte	4
 1633 0658 03                      		.byte	3
 1634 0659 02                      		.byte	2
 1635 065a C6                      		.byte	-58
 1636 065b 1C                      		.byte	28
 1637 065c 03                      		.byte	3
 1638 065d D3                      		.byte	-45
 1639 065e 08                      		.byte	8
 1640 065f 12                      		.byte	18
 1641 0660 08                      		.byte	8
 1642 0661 CE                      		.byte	-50
 1643 0662 1C                      		.byte	28
 1644 0663 11                      		.byte	17
 1645 0664 03                      		.byte	3
 1646 0665 03                      		.byte	3
 1647 0666 02                      		.byte	2
 1648 0667 D3                      		.byte	-45
 1649 0668 C1                      		.byte	-63
 1650 0669 4C                      		.byte	0x4c
 1651 066a 00                      		.byte	0
 1652 066b 00                      		.byte	0
 1653 066c 00                      		.byte	0
 1654 066d 00                      		.byte	0
 1655 066e 24                      		.byte	36
 1656 066f 7A                      		.byte	0x7a
 1657 0670 B4                      		.byte	-76
 1658 0671 07                      		.byte	7
 1659 0672 1F                      		.byte	31
 1660 0673 C0                      		.byte	-64
 1661 0674 8E                      		.byte	-114
 1662 0675 5F                      		.byte	0x5f
 1663 0676 76                      		.byte	0x76
 1664 0677 10                      		.byte	16
 1665 0678 04                      		.byte	4
 1666 0679 04                      		.byte	4
 1667 067a 1E                      		.byte	30
 1668 067b 93                      		.byte	-109
 1669 067c 61                      		.byte	0x61
 1670 067d 77                      		.byte	0x77
 1671 067e A6                      		.byte	-90
 1672 067f 07                      		.byte	7
 1673 0680 08                      		.byte	8
 1674 0681 C8                      		.byte	-56
 1675 0682 94                      		.byte	-108
 1676 0683 60                      		.byte	0x60
 1677 0684 6B                      		.byte	0x6b
 1678 0685 A4                      		.byte	-92
 1679 0686 D0                      		.byte	-48
 1680 0687 54                      		.byte	0x54
 1681 0688 00                      		.byte	0
 1682 0689 00                      		.byte	0
 1683 068a 00                      		.byte	0
 1684 068b 00                      		.byte	0
 1685 068c 00                      		.byte	0
 1686 068d 00                      		.byte	0
 1687 068e 34                      		.byte	52
 1688 068f 58                      		.byte	0x58
 1689 0690 5C                      		.byte	0x5c
 1690 0691 3B                      		.byte	59
 1691 0692 00                      		.byte	0
 1692 0693 00                      		.byte	0
 1693 0694 00                      		.byte	0
 1694 0695 2D                      		.byte	45
 1695 0696 57                      		.byte	0x57
 1696 0697 5D                      		.byte	0x5d
 1697 0698 40                      		.byte	0x40
 1698 0699 00                      		.byte	0
 1699 069a 00                      		.byte	0
 1700 069b 00                      		.byte	0
 1701 069c 14                      		.byte	20
 1702 069d 55                      		.byte	0x55
 1703 069e 5E                      		.byte	0x5e
 1704 069f 48                      		.byte	0x48
 1705 06a0 00                      		.byte	0
 1706 06a1 00                      		.byte	0
 1707 06a2 00                      		.byte	0
 1708 06a3 14                      		.byte	20
 1709 06a4 18                      		.byte	24
 1710 06a5 01                      		.byte	1
 1711 06a6 00                      		.byte	0
 1712 06a7 00                      		.byte	0
 1713 06a8 00                      		.byte	0
 1714 06a9 00                      		.byte	0
 1715 06aa 00                      		.byte	0
 1716 06ab 00                      		.byte	0
 1717 06ac 00                      		.byte	0
 1718 06ad 00                      		.byte	0
 1719 06ae 00                      		.byte	0
 1720 06af 00                      		.byte	0
 1721 06b0 00                      		.byte	0
 1722 06b1 00                      		.byte	0
 1723 06b2 00                      		.byte	0
 1724 06b3 00                      		.byte	0
 1725 06b4 00                      		.byte	0
 1726 06b5 00                      		.byte	0
 1727 06b6 00                      		.byte	0
 1728 06b7 00                      		.byte	0
 1729 06b8 00                      		.byte	0
 1730 06b9 00                      		.byte	0
 1731 06ba 00                      		.byte	0
 1732 06bb 00                      		.byte	0
 1733 06bc 00                      		.byte	0
 1734 06bd 00                      		.byte	0
 1735 06be 00                      		.byte	0
 1736 06bf 00                      		.byte	0
 1737 06c0 00                      		.byte	0
 1738 06c1 00                      		.byte	0
 1739 06c2 00                      		.byte	0
 1740 06c3 00                      		.byte	0
 1741 06c4 00                      		.byte	0
 1742 06c5 00                      		.byte	0
 1743 06c6 00                      		.byte	0
 1744 06c7 00                      		.byte	0
 1745 06c8 00                      		.byte	0
 1746 06c9 00                      		.byte	0
 1747 06ca 00                      		.byte	0
 1748 06cb 00                      		.byte	0
 1749 06cc 00                      		.byte	0
 1750 06cd 00                      		.byte	0
 1751 06ce 00                      		.byte	0
 1752 06cf 00                      		.byte	0
 1753 06d0 00                      		.byte	0
 1754 06d1 00                      		.byte	0
 1755 06d2 00                      		.byte	0
 1756 06d3 00                      		.byte	0
 1757 06d4 00                      		.byte	0
 1758 06d5 00                      		.byte	0
 1759 06d6 00                      		.byte	0
 1760 06d7 00                      		.byte	0
 1761 06d8 00                      		.byte	0
 1762 06d9 00                      		.byte	0
 1763 06da 00                      		.byte	0
 1764 06db 00                      		.byte	0
 1765 06dc 00                      		.byte	0
 1766 06dd 00                      		.byte	0
 1767 06de 00                      		.byte	0
 1768 06df 00                      		.byte	0
 1769 06e0 00                      		.byte	0
 1770 06e1 00                      		.byte	0
 1771 06e2 00                      		.byte	0
 1772 06e3 00                      		.byte	0
 1773 06e4 00                      		.zero	1
 1774                             		.section P,"ax"
 1775                             	.Letext0:
 1776                             		.file 1 "c:\\programdata\\gcc for renesas rx 8.3.0.202311-gnurx-elf\\rx-elf\\rx-elf\\lib\\gcc\\rx-
 1777                             		.file 2 "D:\\e2_studio\\workspace\\FULLMONI_WIDE_official\\src\\smc_gen\\r_emwin_rx\\lib\\GUI/LCD.
 1778                             		.file 3 "D:\\e2_studio\\workspace\\FULLMONI_WIDE_official\\src\\smc_gen\\r_emwin_rx\\lib\\GUI/GUI.
 1779                             		.file 4 "D:\\e2_studio\\workspace\\FULLMONI_WIDE_official\\src\\smc_gen\\r_emwin_rx\\lib\\GUI/GUI_
 1780                             		.file 5 "D:\\e2_studio\\workspace\\FULLMONI_WIDE_official\\src\\smc_gen\\r_emwin_rx\\lib\\GUI/WM.h
 1781                             		.file 6 "D:\\e2_studio\\workspace\\FULLMONI_WIDE_official\\src\\smc_gen\\r_emwin_rx\\lib\\GUI/WIDG
 1782                             		.file 7 "D:\\e2_studio\\workspace\\FULLMONI_WIDE_official\\src\\smc_gen\\r_emwin_rx\\lib\\GUI/KEYB
 1783                             		.file 8 "D:\\e2_studio\\workspace\\FULLMONI_WIDE_official\\src\\smc_gen\\r_emwin_rx\\lib\\GUI/LCD_
 1784                             		.file 9 "D:\\e2_studio\\workspace\\FULLMONI_WIDE_official\\src\\smc_gen\\r_emwin_rx\\lib\\GUI/GUI_
 1785                             		.file 10 "D:\\e2_studio\\workspace\\FULLMONI_WIDE_official\\src\\smc_gen\\r_emwin_rx\\lib\\GUI/WM_
 1786                             		.file 11 "D:\\e2_studio\\workspace\\FULLMONI_WIDE_official\\src\\smc_gen\\r_emwin_rx\\lib\\GUI/BUT
 1787                             		.file 12 "D:\\e2_studio\\workspace\\FULLMONI_WIDE_official\\src\\smc_gen\\r_emwin_rx\\lib\\GUI/WIN
 1788                             		.file 13 "D:\\e2_studio\\workspace\\FULLMONI_WIDE_official\\src\\smc_gen\\r_emwin_rx\\lib\\GUI/IMA
 1789                             		.file 14 "D:\\e2_studio\\workspace\\FULLMONI_WIDE_official\\src\\smc_gen\\r_emwin_rx\\lib\\GUI/TEX
 1790                             		.file 15 "D:\\e2_studio\\workspace\\FULLMONI_WIDE_official\\src\\smc_gen\\r_emwin_rx\\lib\\GUI/SLI
 1791                             		.file 16 "D:\\e2_studio\\workspace\\FULLMONI_WIDE_official\\src\\smc_gen\\r_emwin_rx\\lib\\GUI/ROT
 1792                             		.file 17 "D:\\e2_studio\\workspace\\FULLMONI_WIDE_official\\src\\smc_gen\\r_emwin_rx\\lib\\GUI/SWI
 1793                             		.file 18 "D:\\e2_studio\\workspace\\FULLMONI_WIDE_official\\src\\smc_gen\\r_emwin_rx\\lib\\GUI/EDI
 1794                             		.file 19 "D:\\e2_studio\\workspace\\FULLMONI_WIDE_official\\src\\smc_gen\\r_emwin_rx\\lib\\GUI/QRC
 1795                             		.file 20 "D:\\e2_studio\\workspace\\FULLMONI_WIDE_official\\src\\smc_gen\\r_emwin_rx\\lib\\GUI/GAU
 1796                             		.file 21 "D:\\e2_studio\\workspace\\FULLMONI_WIDE_official\\src\\smc_gen\\r_emwin_rx\\lib\\GUI/KEY
 1797                             		.file 22 "D:\\e2_studio\\workspace\\FULLMONI_WIDE_official\\src\\smc_gen\\r_emwin_rx\\lib\\GUI/MUL
 1798                             		.file 23 "D:\\e2_studio\\workspace\\FULLMONI_WIDE_official\\src\\smc_gen\\r_emwin_rx\\lib\\GUI/SCR
 1799                             		.file 24 "D:\\e2_studio\\workspace\\FULLMONI_WIDE_official\\src\\smc_gen\\r_emwin_rx\\lib\\GUI/DRO
 1800                             		.file 25 "D:\\e2_studio\\workspace\\FULLMONI_WIDE_official\\src\\smc_gen\\r_emwin_rx\\lib\\GUI/LIS
 1801                             		.file 26 "D:\\e2_studio\\workspace\\FULLMONI_WIDE_official\\src\\smc_gen\\r_emwin_rx\\lib\\GUI/LIS
 1802                             		.file 27 "D:\\e2_studio\\workspace\\FULLMONI_WIDE_official\\src\\smc_gen\\r_emwin_rx\\lib\\GUI/WHE
 1803                             		.file 28 "D:\\e2_studio\\workspace\\FULLMONI_WIDE_official\\src\\smc_gen\\r_emwin_rx\\lib\\GUI/App
 1804                             		.file 29 "../aw/Resource/Image/w_watarcool.c"
