   1                             		.file	"ws_batterywarning.c"
   2                             		.section P,"ax"
   3                             	.Ltext0:
   4                             		.global	_acws_batterywarning
   5                             		.section	.rodata.acws_batterywarning,"a"
   8                             	_acws_batterywarning:
   9 0000 42                      		.byte	0x42
  10 0001 4D                      		.byte	0x4d
  11 0002 64                      		.byte	0x64
  12 0003 00                      		.byte	0
  13 0004 19                      		.byte	25
  14 0005 00                      		.byte	0
  15 0006 19                      		.byte	25
  16 0007 00                      		.byte	0
  17 0008 19                      		.byte	25
  18 0009 00                      		.byte	0
  19 000a 08                      		.byte	8
  20 000b 00                      		.byte	0
  21 000c 71                      		.byte	0x71
  22 000d 00                      		.byte	0
  23 000e 00                      		.byte	0
  24 000f 00                      		.byte	0
  25 0010 00                      		.byte	0
  26 0011 00                      		.byte	0
  27 0012 00                      		.byte	0
  28 0013 FF                      		.byte	-1
  29 0014 00                      		.byte	0
  30 0015 00                      		.byte	0
  31 0016 1E                      		.byte	30
  32 0017 FF                      		.byte	-1
  33 0018 00                      		.byte	0
  34 0019 00                      		.byte	0
  35 001a E1                      		.byte	-31
  36 001b FF                      		.byte	-1
  37 001c 00                      		.byte	0
  38 001d 00                      		.byte	0
  39 001e 88                      		.byte	-120
  40 001f FF                      		.byte	-1
  41 0020 00                      		.byte	0
  42 0021 00                      		.byte	0
  43 0022 1D                      		.byte	29
  44 0023 FF                      		.byte	-1
  45 0024 00                      		.byte	0
  46 0025 00                      		.byte	0
  47 0026 21                      		.byte	33
  48 0027 FF                      		.byte	-1
  49 0028 00                      		.byte	0
  50 0029 00                      		.byte	0
  51 002a ED                      		.byte	-19
  52 002b FF                      		.byte	-1
  53 002c 00                      		.byte	0
  54 002d 00                      		.byte	0
  55 002e 87                      		.byte	-121
  56 002f FF                      		.byte	-1
  57 0030 00                      		.byte	0
  58 0031 00                      		.byte	0
  59 0032 E2                      		.byte	-30
  60 0033 FF                      		.byte	-1
  61 0034 00                      		.byte	0
  62 0035 00                      		.byte	0
  63 0036 0D                      		.byte	13
  64 0037 FF                      		.byte	-1
  65 0038 00                      		.byte	0
  66 0039 00                      		.byte	0
  67 003a 20                      		.byte	32
  68 003b FF                      		.byte	-1
  69 003c 00                      		.byte	0
  70 003d 00                      		.byte	0
  71 003e 83                      		.byte	-125
  72 003f FF                      		.byte	-1
  73 0040 00                      		.byte	0
  74 0041 00                      		.byte	0
  75 0042 BF                      		.byte	-65
  76 0043 FF                      		.byte	-1
  77 0044 00                      		.byte	0
  78 0045 00                      		.byte	0
  79 0046 01                      		.byte	1
  80 0047 FF                      		.byte	-1
  81 0048 00                      		.byte	0
  82 0049 00                      		.byte	0
  83 004a BA                      		.byte	-70
  84 004b FF                      		.byte	-1
  85 004c 00                      		.byte	0
  86 004d 00                      		.byte	0
  87 004e DD                      		.byte	-35
  88 004f FF                      		.byte	-1
  89 0050 00                      		.byte	0
  90 0051 00                      		.byte	0
  91 0052 E0                      		.byte	-32
  92 0053 FF                      		.byte	-1
  93 0054 00                      		.byte	0
  94 0055 00                      		.byte	0
  95 0056 E7                      		.byte	-25
  96 0057 FF                      		.byte	-1
  97 0058 00                      		.byte	0
  98 0059 00                      		.byte	0
  99 005a E8                      		.byte	-24
 100 005b FF                      		.byte	-1
 101 005c 00                      		.byte	0
 102 005d 00                      		.byte	0
 103 005e EB                      		.byte	-21
 104 005f FF                      		.byte	-1
 105 0060 00                      		.byte	0
 106 0061 00                      		.byte	0
 107 0062 EC                      		.byte	-20
 108 0063 FF                      		.byte	-1
 109 0064 00                      		.byte	0
 110 0065 00                      		.byte	0
 111 0066 EE                      		.byte	-18
 112 0067 FF                      		.byte	-1
 113 0068 00                      		.byte	0
 114 0069 00                      		.byte	0
 115 006a 09                      		.byte	9
 116 006b FF                      		.byte	-1
 117 006c 00                      		.byte	0
 118 006d 00                      		.byte	0
 119 006e 5B                      		.byte	0x5b
 120 006f FF                      		.byte	-1
 121 0070 00                      		.byte	0
 122 0071 00                      		.byte	0
 123 0072 5E                      		.byte	0x5e
 124 0073 FF                      		.byte	-1
 125 0074 00                      		.byte	0
 126 0075 00                      		.byte	0
 127 0076 86                      		.byte	-122
 128 0077 FF                      		.byte	-1
 129 0078 00                      		.byte	0
 130 0079 00                      		.byte	0
 131 007a C2                      		.byte	-62
 132 007b FF                      		.byte	-1
 133 007c 00                      		.byte	0
 134 007d 00                      		.byte	0
 135 007e DF                      		.byte	-33
 136 007f FF                      		.byte	-1
 137 0080 00                      		.byte	0
 138 0081 00                      		.byte	0
 139 0082 08                      		.byte	8
 140 0083 FF                      		.byte	-1
 141 0084 00                      		.byte	0
 142 0085 00                      		.byte	0
 143 0086 10                      		.byte	16
 144 0087 FF                      		.byte	-1
 145 0088 00                      		.byte	0
 146 0089 00                      		.byte	0
 147 008a 18                      		.byte	24
 148 008b FF                      		.byte	-1
 149 008c 00                      		.byte	0
 150 008d 00                      		.byte	0
 151 008e 1A                      		.byte	26
 152 008f FF                      		.byte	-1
 153 0090 00                      		.byte	0
 154 0091 00                      		.byte	0
 155 0092 1C                      		.byte	28
 156 0093 FF                      		.byte	-1
 157 0094 00                      		.byte	0
 158 0095 00                      		.byte	0
 159 0096 2C                      		.byte	44
 160 0097 FF                      		.byte	-1
 161 0098 00                      		.byte	0
 162 0099 00                      		.byte	0
 163 009a 30                      		.byte	48
 164 009b FF                      		.byte	-1
 165 009c 00                      		.byte	0
 166 009d 00                      		.byte	0
 167 009e 40                      		.byte	0x40
 168 009f FF                      		.byte	-1
 169 00a0 00                      		.byte	0
 170 00a1 00                      		.byte	0
 171 00a2 4A                      		.byte	0x4a
 172 00a3 FF                      		.byte	-1
 173 00a4 00                      		.byte	0
 174 00a5 00                      		.byte	0
 175 00a6 5A                      		.byte	0x5a
 176 00a7 FF                      		.byte	-1
 177 00a8 00                      		.byte	0
 178 00a9 00                      		.byte	0
 179 00aa 5D                      		.byte	0x5d
 180 00ab FF                      		.byte	-1
 181 00ac 00                      		.byte	0
 182 00ad 00                      		.byte	0
 183 00ae 78                      		.byte	0x78
 184 00af FF                      		.byte	-1
 185 00b0 00                      		.byte	0
 186 00b1 00                      		.byte	0
 187 00b2 79                      		.byte	0x79
 188 00b3 FF                      		.byte	-1
 189 00b4 00                      		.byte	0
 190 00b5 00                      		.byte	0
 191 00b6 7C                      		.byte	0x7c
 192 00b7 FF                      		.byte	-1
 193 00b8 00                      		.byte	0
 194 00b9 00                      		.byte	0
 195 00ba 80                      		.byte	-128
 196 00bb FF                      		.byte	-1
 197 00bc 00                      		.byte	0
 198 00bd 00                      		.byte	0
 199 00be AC                      		.byte	-84
 200 00bf FF                      		.byte	-1
 201 00c0 00                      		.byte	0
 202 00c1 00                      		.byte	0
 203 00c2 B7                      		.byte	-73
 204 00c3 FF                      		.byte	-1
 205 00c4 00                      		.byte	0
 206 00c5 00                      		.byte	0
 207 00c6 BD                      		.byte	-67
 208 00c7 FF                      		.byte	-1
 209 00c8 00                      		.byte	0
 210 00c9 00                      		.byte	0
 211 00ca C1                      		.byte	-63
 212 00cb FF                      		.byte	-1
 213 00cc 00                      		.byte	0
 214 00cd 00                      		.byte	0
 215 00ce C3                      		.byte	-61
 216 00cf FF                      		.byte	-1
 217 00d0 00                      		.byte	0
 218 00d1 00                      		.byte	0
 219 00d2 CA                      		.byte	-54
 220 00d3 FF                      		.byte	-1
 221 00d4 00                      		.byte	0
 222 00d5 00                      		.byte	0
 223 00d6 DE                      		.byte	-34
 224 00d7 FF                      		.byte	-1
 225 00d8 00                      		.byte	0
 226 00d9 00                      		.byte	0
 227 00da E3                      		.byte	-29
 228 00db FF                      		.byte	-1
 229 00dc 00                      		.byte	0
 230 00dd 00                      		.byte	0
 231 00de 02                      		.byte	2
 232 00df FF                      		.byte	-1
 233 00e0 00                      		.byte	0
 234 00e1 00                      		.byte	0
 235 00e2 03                      		.byte	3
 236 00e3 FF                      		.byte	-1
 237 00e4 00                      		.byte	0
 238 00e5 00                      		.byte	0
 239 00e6 04                      		.byte	4
 240 00e7 FF                      		.byte	-1
 241 00e8 00                      		.byte	0
 242 00e9 00                      		.byte	0
 243 00ea 06                      		.byte	6
 244 00eb FF                      		.byte	-1
 245 00ec 00                      		.byte	0
 246 00ed 00                      		.byte	0
 247 00ee 07                      		.byte	7
 248 00ef FF                      		.byte	-1
 249 00f0 00                      		.byte	0
 250 00f1 00                      		.byte	0
 251 00f2 0C                      		.byte	12
 252 00f3 FF                      		.byte	-1
 253 00f4 00                      		.byte	0
 254 00f5 00                      		.byte	0
 255 00f6 0F                      		.byte	15
 256 00f7 FF                      		.byte	-1
 257 00f8 00                      		.byte	0
 258 00f9 00                      		.byte	0
 259 00fa 11                      		.byte	17
 260 00fb FF                      		.byte	-1
 261 00fc 00                      		.byte	0
 262 00fd 00                      		.byte	0
 263 00fe 12                      		.byte	18
 264 00ff FF                      		.byte	-1
 265 0100 00                      		.byte	0
 266 0101 00                      		.byte	0
 267 0102 13                      		.byte	19
 268 0103 FF                      		.byte	-1
 269 0104 00                      		.byte	0
 270 0105 00                      		.byte	0
 271 0106 17                      		.byte	23
 272 0107 FF                      		.byte	-1
 273 0108 00                      		.byte	0
 274 0109 00                      		.byte	0
 275 010a 1F                      		.byte	31
 276 010b FF                      		.byte	-1
 277 010c 00                      		.byte	0
 278 010d 00                      		.byte	0
 279 010e 22                      		.byte	34
 280 010f FF                      		.byte	-1
 281 0110 00                      		.byte	0
 282 0111 00                      		.byte	0
 283 0112 23                      		.byte	35
 284 0113 FF                      		.byte	-1
 285 0114 00                      		.byte	0
 286 0115 00                      		.byte	0
 287 0116 39                      		.byte	57
 288 0117 FF                      		.byte	-1
 289 0118 00                      		.byte	0
 290 0119 00                      		.byte	0
 291 011a 3C                      		.byte	60
 292 011b FF                      		.byte	-1
 293 011c 00                      		.byte	0
 294 011d 00                      		.byte	0
 295 011e 45                      		.byte	0x45
 296 011f FF                      		.byte	-1
 297 0120 00                      		.byte	0
 298 0121 00                      		.byte	0
 299 0122 46                      		.byte	0x46
 300 0123 FF                      		.byte	-1
 301 0124 00                      		.byte	0
 302 0125 00                      		.byte	0
 303 0126 49                      		.byte	0x49
 304 0127 FF                      		.byte	-1
 305 0128 00                      		.byte	0
 306 0129 00                      		.byte	0
 307 012a 4B                      		.byte	0x4b
 308 012b FF                      		.byte	-1
 309 012c 00                      		.byte	0
 310 012d 00                      		.byte	0
 311 012e 4F                      		.byte	0x4f
 312 012f FF                      		.byte	-1
 313 0130 00                      		.byte	0
 314 0131 00                      		.byte	0
 315 0132 58                      		.byte	0x58
 316 0133 FF                      		.byte	-1
 317 0134 00                      		.byte	0
 318 0135 00                      		.byte	0
 319 0136 5C                      		.byte	0x5c
 320 0137 FF                      		.byte	-1
 321 0138 00                      		.byte	0
 322 0139 00                      		.byte	0
 323 013a 60                      		.byte	0x60
 324 013b FF                      		.byte	-1
 325 013c 00                      		.byte	0
 326 013d 00                      		.byte	0
 327 013e 63                      		.byte	0x63
 328 013f FF                      		.byte	-1
 329 0140 00                      		.byte	0
 330 0141 00                      		.byte	0
 331 0142 64                      		.byte	0x64
 332 0143 FF                      		.byte	-1
 333 0144 00                      		.byte	0
 334 0145 00                      		.byte	0
 335 0146 65                      		.byte	0x65
 336 0147 FF                      		.byte	-1
 337 0148 00                      		.byte	0
 338 0149 00                      		.byte	0
 339 014a 67                      		.byte	0x67
 340 014b FF                      		.byte	-1
 341 014c 00                      		.byte	0
 342 014d 00                      		.byte	0
 343 014e 6C                      		.byte	0x6c
 344 014f FF                      		.byte	-1
 345 0150 00                      		.byte	0
 346 0151 00                      		.byte	0
 347 0152 75                      		.byte	0x75
 348 0153 FF                      		.byte	-1
 349 0154 00                      		.byte	0
 350 0155 00                      		.byte	0
 351 0156 82                      		.byte	-126
 352 0157 FF                      		.byte	-1
 353 0158 00                      		.byte	0
 354 0159 00                      		.byte	0
 355 015a 84                      		.byte	-124
 356 015b FF                      		.byte	-1
 357 015c 00                      		.byte	0
 358 015d 00                      		.byte	0
 359 015e 8F                      		.byte	-113
 360 015f FF                      		.byte	-1
 361 0160 00                      		.byte	0
 362 0161 00                      		.byte	0
 363 0162 95                      		.byte	-107
 364 0163 FF                      		.byte	-1
 365 0164 00                      		.byte	0
 366 0165 00                      		.byte	0
 367 0166 99                      		.byte	-103
 368 0167 FF                      		.byte	-1
 369 0168 00                      		.byte	0
 370 0169 00                      		.byte	0
 371 016a 9C                      		.byte	-100
 372 016b FF                      		.byte	-1
 373 016c 00                      		.byte	0
 374 016d 00                      		.byte	0
 375 016e 9D                      		.byte	-99
 376 016f FF                      		.byte	-1
 377 0170 00                      		.byte	0
 378 0171 00                      		.byte	0
 379 0172 9F                      		.byte	-97
 380 0173 FF                      		.byte	-1
 381 0174 00                      		.byte	0
 382 0175 00                      		.byte	0
 383 0176 A1                      		.byte	-95
 384 0177 FF                      		.byte	-1
 385 0178 00                      		.byte	0
 386 0179 00                      		.byte	0
 387 017a A3                      		.byte	-93
 388 017b FF                      		.byte	-1
 389 017c 00                      		.byte	0
 390 017d 00                      		.byte	0
 391 017e A5                      		.byte	-91
 392 017f FF                      		.byte	-1
 393 0180 00                      		.byte	0
 394 0181 00                      		.byte	0
 395 0182 B4                      		.byte	-76
 396 0183 FF                      		.byte	-1
 397 0184 00                      		.byte	0
 398 0185 00                      		.byte	0
 399 0186 B5                      		.byte	-75
 400 0187 FF                      		.byte	-1
 401 0188 00                      		.byte	0
 402 0189 00                      		.byte	0
 403 018a C0                      		.byte	-64
 404 018b FF                      		.byte	-1
 405 018c 00                      		.byte	0
 406 018d 00                      		.byte	0
 407 018e C6                      		.byte	-58
 408 018f FF                      		.byte	-1
 409 0190 00                      		.byte	0
 410 0191 00                      		.byte	0
 411 0192 C8                      		.byte	-56
 412 0193 FF                      		.byte	-1
 413 0194 00                      		.byte	0
 414 0195 00                      		.byte	0
 415 0196 D0                      		.byte	-48
 416 0197 FF                      		.byte	-1
 417 0198 00                      		.byte	0
 418 0199 00                      		.byte	0
 419 019a D2                      		.byte	-46
 420 019b FF                      		.byte	-1
 421 019c 00                      		.byte	0
 422 019d 00                      		.byte	0
 423 019e D4                      		.byte	-44
 424 019f FF                      		.byte	-1
 425 01a0 00                      		.byte	0
 426 01a1 00                      		.byte	0
 427 01a2 DA                      		.byte	-38
 428 01a3 FF                      		.byte	-1
 429 01a4 00                      		.byte	0
 430 01a5 00                      		.byte	0
 431 01a6 E4                      		.byte	-28
 432 01a7 FF                      		.byte	-1
 433 01a8 00                      		.byte	0
 434 01a9 00                      		.byte	0
 435 01aa E5                      		.byte	-27
 436 01ab FF                      		.byte	-1
 437 01ac 00                      		.byte	0
 438 01ad 00                      		.byte	0
 439 01ae EA                      		.byte	-22
 440 01af FF                      		.byte	-1
 441 01b0 00                      		.byte	0
 442 01b1 00                      		.byte	0
 443 01b2 EF                      		.byte	-17
 444 01b3 FF                      		.byte	-1
 445 01b4 00                      		.byte	0
 446 01b5 00                      		.byte	0
 447 01b6 F0                      		.byte	-16
 448 01b7 FF                      		.byte	-1
 449 01b8 00                      		.byte	0
 450 01b9 00                      		.byte	0
 451 01ba F2                      		.byte	-14
 452 01bb FF                      		.byte	-1
 453 01bc 00                      		.byte	0
 454 01bd 00                      		.byte	0
 455 01be F3                      		.byte	-13
 456 01bf FF                      		.byte	-1
 457 01c0 00                      		.byte	0
 458 01c1 00                      		.byte	0
 459 01c2 F6                      		.byte	-10
 460 01c3 FF                      		.byte	-1
 461 01c4 00                      		.byte	0
 462 01c5 00                      		.byte	0
 463 01c6 F7                      		.byte	-9
 464 01c7 FF                      		.byte	-1
 465 01c8 00                      		.byte	0
 466 01c9 00                      		.byte	0
 467 01ca F8                      		.byte	-8
 468 01cb FF                      		.byte	-1
 469 01cc 00                      		.byte	0
 470 01cd 00                      		.byte	0
 471 01ce FA                      		.byte	-6
 472 01cf FF                      		.byte	-1
 473 01d0 00                      		.byte	0
 474 01d1 00                      		.byte	0
 475 01d2 FB                      		.byte	-5
 476 01d3 FF                      		.byte	-1
 477 01d4 00                      		.byte	0
 478 01d5 00                      		.byte	0
 479 01d6 00                      		.byte	0
 480 01d7 00                      		.byte	0
 481 01d8 00                      		.byte	0
 482 01d9 00                      		.byte	0
 483 01da 00                      		.byte	0
 484 01db 00                      		.byte	0
 485 01dc 00                      		.byte	0
 486 01dd 00                      		.byte	0
 487 01de 00                      		.byte	0
 488 01df 00                      		.byte	0
 489 01e0 00                      		.byte	0
 490 01e1 00                      		.byte	0
 491 01e2 00                      		.byte	0
 492 01e3 00                      		.byte	0
 493 01e4 00                      		.byte	0
 494 01e5 00                      		.byte	0
 495 01e6 00                      		.byte	0
 496 01e7 00                      		.byte	0
 497 01e8 00                      		.byte	0
 498 01e9 00                      		.byte	0
 499 01ea 00                      		.byte	0
 500 01eb 00                      		.byte	0
 501 01ec 00                      		.byte	0
 502 01ed 00                      		.byte	0
 503 01ee 00                      		.byte	0
 504 01ef 00                      		.byte	0
 505 01f0 00                      		.byte	0
 506 01f1 00                      		.byte	0
 507 01f2 00                      		.byte	0
 508 01f3 00                      		.byte	0
 509 01f4 00                      		.byte	0
 510 01f5 00                      		.byte	0
 511 01f6 00                      		.byte	0
 512 01f7 00                      		.byte	0
 513 01f8 00                      		.byte	0
 514 01f9 00                      		.byte	0
 515 01fa 00                      		.byte	0
 516 01fb 00                      		.byte	0
 517 01fc 00                      		.byte	0
 518 01fd 00                      		.byte	0
 519 01fe 00                      		.byte	0
 520 01ff 00                      		.byte	0
 521 0200 00                      		.byte	0
 522 0201 00                      		.byte	0
 523 0202 00                      		.byte	0
 524 0203 00                      		.byte	0
 525 0204 00                      		.byte	0
 526 0205 00                      		.byte	0
 527 0206 00                      		.byte	0
 528 0207 00                      		.byte	0
 529 0208 00                      		.byte	0
 530 0209 00                      		.byte	0
 531 020a 00                      		.byte	0
 532 020b 00                      		.byte	0
 533 020c 00                      		.byte	0
 534 020d 00                      		.byte	0
 535 020e 00                      		.byte	0
 536 020f 00                      		.byte	0
 537 0210 00                      		.byte	0
 538 0211 00                      		.byte	0
 539 0212 00                      		.byte	0
 540 0213 00                      		.byte	0
 541 0214 00                      		.byte	0
 542 0215 00                      		.byte	0
 543 0216 00                      		.byte	0
 544 0217 00                      		.byte	0
 545 0218 00                      		.byte	0
 546 0219 00                      		.byte	0
 547 021a 00                      		.byte	0
 548 021b 00                      		.byte	0
 549 021c 00                      		.byte	0
 550 021d 00                      		.byte	0
 551 021e 00                      		.byte	0
 552 021f 00                      		.byte	0
 553 0220 00                      		.byte	0
 554 0221 00                      		.byte	0
 555 0222 00                      		.byte	0
 556 0223 00                      		.byte	0
 557 0224 00                      		.byte	0
 558 0225 00                      		.byte	0
 559 0226 00                      		.byte	0
 560 0227 00                      		.byte	0
 561 0228 00                      		.byte	0
 562 0229 00                      		.byte	0
 563 022a 00                      		.byte	0
 564 022b 00                      		.byte	0
 565 022c 00                      		.byte	0
 566 022d 00                      		.byte	0
 567 022e 00                      		.byte	0
 568 022f 00                      		.byte	0
 569 0230 00                      		.byte	0
 570 0231 00                      		.byte	0
 571 0232 00                      		.byte	0
 572 0233 00                      		.byte	0
 573 0234 00                      		.byte	0
 574 0235 00                      		.byte	0
 575 0236 00                      		.byte	0
 576 0237 00                      		.byte	0
 577 0238 00                      		.byte	0
 578 0239 00                      		.byte	0
 579 023a 00                      		.byte	0
 580 023b 35                      		.byte	53
 581 023c 19                      		.byte	25
 582 023d 2D                      		.byte	45
 583 023e 2D                      		.byte	45
 584 023f 2F                      		.byte	47
 585 0240 2E                      		.byte	46
 586 0241 5C                      		.byte	0x5c
 587 0242 21                      		.byte	33
 588 0243 00                      		.byte	0
 589 0244 00                      		.byte	0
 590 0245 00                      		.byte	0
 591 0246 09                      		.byte	9
 592 0247 55                      		.byte	0x55
 593 0248 2E                      		.byte	46
 594 0249 1A                      		.byte	26
 595 024a 1A                      		.byte	26
 596 024b 1A                      		.byte	26
 597 024c 56                      		.byte	0x56
 598 024d 1E                      		.byte	30
 599 024e 00                      		.byte	0
 600 024f 00                      		.byte	0
 601 0250 00                      		.byte	0
 602 0251 00                      		.byte	0
 603 0252 00                      		.byte	0
 604 0253 00                      		.byte	0
 605 0254 20                      		.byte	32
 606 0255 02                      		.byte	2
 607 0256 13                      		.byte	19
 608 0257 5E                      		.byte	0x5e
 609 0258 0C                      		.byte	12
 610 0259 62                      		.byte	0x62
 611 025a 6D                      		.byte	0x6d
 612 025b 46                      		.byte	0x46
 613 025c 00                      		.byte	0
 614 025d 00                      		.byte	0
 615 025e 00                      		.byte	0
 616 025f 1E                      		.byte	30
 617 0260 15                      		.byte	21
 618 0261 32                      		.byte	50
 619 0262 0C                      		.byte	12
 620 0263 0C                      		.byte	12
 621 0264 0F                      		.byte	15
 622 0265 06                      		.byte	6
 623 0266 43                      		.byte	0x43
 624 0267 00                      		.byte	0
 625 0268 00                      		.byte	0
 626 0269 00                      		.byte	0
 627 026a 00                      		.byte	0
 628 026b 00                      		.byte	0
 629 026c 00                      		.byte	0
 630 026d 3A                      		.byte	58
 631 026e 1B                      		.byte	27
 632 026f 03                      		.byte	3
 633 0270 00                      		.byte	0
 634 0271 00                      		.byte	0
 635 0272 01                      		.byte	1
 636 0273 1B                      		.byte	27
 637 0274 44                      		.byte	0x44
 638 0275 00                      		.byte	0
 639 0276 00                      		.byte	0
 640 0277 00                      		.byte	0
 641 0278 1D                      		.byte	29
 642 0279 12                      		.byte	18
 643 027a 4F                      		.byte	0x4f
 644 027b 00                      		.byte	0
 645 027c 00                      		.byte	0
 646 027d 24                      		.byte	36
 647 027e 13                      		.byte	19
 648 027f 24                      		.byte	36
 649 0280 00                      		.byte	0
 650 0281 00                      		.byte	0
 651 0282 00                      		.byte	0
 652 0283 36                      		.byte	54
 653 0284 23                      		.byte	35
 654 0285 17                      		.byte	23
 655 0286 28                      		.byte	40
 656 0287 6B                      		.byte	0x6b
 657 0288 61                      		.byte	0x61
 658 0289 0B                      		.byte	11
 659 028a 0B                      		.byte	11
 660 028b 58                      		.byte	0x58
 661 028c 6C                      		.byte	0x6c
 662 028d 2B                      		.byte	43
 663 028e 17                      		.byte	23
 664 028f 17                      		.byte	23
 665 0290 4C                      		.byte	0x4c
 666 0291 53                      		.byte	0x53
 667 0292 6F                      		.byte	0x6f
 668 0293 2F                      		.byte	47
 669 0294 2A                      		.byte	42
 670 0295 0B                      		.byte	11
 671 0296 5D                      		.byte	0x5d
 672 0297 70                      		.byte	0x70
 673 0298 5A                      		.byte	0x5a
 674 0299 48                      		.byte	0x48
 675 029a 45                      		.byte	0x45
 676 029b 16                      		.byte	22
 677 029c 1F                      		.byte	31
 678 029d 63                      		.byte	0x63
 679 029e 6A                      		.byte	0x6a
 680 029f 65                      		.byte	0x65
 681 02a0 08                      		.byte	8
 682 02a1 12                      		.byte	18
 683 02a2 15                      		.byte	21
 684 02a3 06                      		.byte	6
 685 02a4 06                      		.byte	6
 686 02a5 32                      		.byte	50
 687 02a6 12                      		.byte	18
 688 02a7 0F                      		.byte	15
 689 02a8 0F                      		.byte	15
 690 02a9 08                      		.byte	8
 691 02aa 67                      		.byte	0x67
 692 02ab 08                      		.byte	8
 693 02ac 11                      		.byte	17
 694 02ad 13                      		.byte	19
 695 02ae 15                      		.byte	21
 696 02af 13                      		.byte	19
 697 02b0 08                      		.byte	8
 698 02b1 66                      		.byte	0x66
 699 02b2 68                      		.byte	0x68
 700 02b3 64                      		.byte	0x64
 701 02b4 20                      		.byte	32
 702 02b5 01                      		.byte	1
 703 02b6 69                      		.byte	0x69
 704 02b7 57                      		.byte	0x57
 705 02b8 0A                      		.byte	10
 706 02b9 04                      		.byte	4
 707 02ba 04                      		.byte	4
 708 02bb 01                      		.byte	1
 709 02bc 01                      		.byte	1
 710 02bd 04                      		.byte	4
 711 02be 04                      		.byte	4
 712 02bf 01                      		.byte	1
 713 02c0 05                      		.byte	5
 714 02c1 05                      		.byte	5
 715 02c2 0A                      		.byte	10
 716 02c3 01                      		.byte	1
 717 02c4 04                      		.byte	4
 718 02c5 01                      		.byte	1
 719 02c6 41                      		.byte	0x41
 720 02c7 21                      		.byte	33
 721 02c8 04                      		.byte	4
 722 02c9 04                      		.byte	4
 723 02ca 01                      		.byte	1
 724 02cb 52                      		.byte	0x52
 725 02cc 12                      		.byte	18
 726 02cd 0A                      		.byte	10
 727 02ce 01                      		.byte	1
 728 02cf 06                      		.byte	6
 729 02d0 19                      		.byte	25
 730 02d1 00                      		.byte	0
 731 02d2 00                      		.byte	0
 732 02d3 00                      		.byte	0
 733 02d4 00                      		.byte	0
 734 02d5 00                      		.byte	0
 735 02d6 00                      		.byte	0
 736 02d7 00                      		.byte	0
 737 02d8 00                      		.byte	0
 738 02d9 00                      		.byte	0
 739 02da 00                      		.byte	0
 740 02db 00                      		.byte	0
 741 02dc 00                      		.byte	0
 742 02dd 00                      		.byte	0
 743 02de 16                      		.byte	22
 744 02df 5B                      		.byte	0x5b
 745 02e0 47                      		.byte	0x47
 746 02e1 00                      		.byte	0
 747 02e2 00                      		.byte	0
 748 02e3 00                      		.byte	0
 749 02e4 18                      		.byte	24
 750 02e5 10                      		.byte	16
 751 02e6 05                      		.byte	5
 752 02e7 04                      		.byte	4
 753 02e8 14                      		.byte	20
 754 02e9 07                      		.byte	7
 755 02ea 00                      		.byte	0
 756 02eb 37                      		.byte	55
 757 02ec 09                      		.byte	9
 758 02ed 09                      		.byte	9
 759 02ee 09                      		.byte	9
 760 02ef 09                      		.byte	9
 761 02f0 09                      		.byte	9
 762 02f1 34                      		.byte	52
 763 02f2 00                      		.byte	0
 764 02f3 00                      		.byte	0
 765 02f4 00                      		.byte	0
 766 02f5 33                      		.byte	51
 767 02f6 38                      		.byte	56
 768 02f7 40                      		.byte	0x40
 769 02f8 60                      		.byte	0x60
 770 02f9 27                      		.byte	39
 771 02fa 1D                      		.byte	29
 772 02fb 1C                      		.byte	28
 773 02fc 00                      		.byte	0
 774 02fd 4A                      		.byte	0x4a
 775 02fe 10                      		.byte	16
 776 02ff 05                      		.byte	5
 777 0300 01                      		.byte	1
 778 0301 06                      		.byte	6
 779 0302 07                      		.byte	7
 780 0303 00                      		.byte	0
 781 0304 26                      		.byte	38
 782 0305 0E                      		.byte	14
 783 0306 0E                      		.byte	14
 784 0307 0E                      		.byte	14
 785 0308 0E                      		.byte	14
 786 0309 2C                      		.byte	44
 787 030a 22                      		.byte	34
 788 030b 00                      		.byte	0
 789 030c 00                      		.byte	0
 790 030d 00                      		.byte	0
 791 030e 3F                      		.byte	63
 792 030f 2B                      		.byte	43
 793 0310 5F                      		.byte	0x5f
 794 0311 6E                      		.byte	0x6e
 795 0312 11                      		.byte	17
 796 0313 0C                      		.byte	12
 797 0314 50                      		.byte	0x50
 798 0315 00                      		.byte	0
 799 0316 4D                      		.byte	0x4d
 800 0317 08                      		.byte	8
 801 0318 0A                      		.byte	10
 802 0319 01                      		.byte	1
 803 031a 06                      		.byte	6
 804 031b 07                      		.byte	7
 805 031c 00                      		.byte	0
 806 031d 22                      		.byte	34
 807 031e 29                      		.byte	41
 808 031f 0B                      		.byte	11
 809 0320 0B                      		.byte	11
 810 0321 0B                      		.byte	11
 811 0322 28                      		.byte	40
 812 0323 1F                      		.byte	31
 813 0324 00                      		.byte	0
 814 0325 00                      		.byte	0
 815 0326 00                      		.byte	0
 816 0327 3B                      		.byte	59
 817 0328 4E                      		.byte	0x4e
 818 0329 54                      		.byte	0x54
 819 032a 14                      		.byte	20
 820 032b 2C                      		.byte	44
 821 032c 29                      		.byte	41
 822 032d 23                      		.byte	35
 823 032e 00                      		.byte	0
 824 032f 4B                      		.byte	0x4b
 825 0330 10                      		.byte	16
 826 0331 05                      		.byte	5
 827 0332 01                      		.byte	1
 828 0333 06                      		.byte	6
 829 0334 07                      		.byte	7
 830 0335 00                      		.byte	0
 831 0336 00                      		.byte	0
 832 0337 00                      		.byte	0
 833 0338 0D                      		.byte	13
 834 0339 0D                      		.byte	13
 835 033a 0D                      		.byte	13
 836 033b 00                      		.byte	0
 837 033c 00                      		.byte	0
 838 033d 00                      		.byte	0
 839 033e 00                      		.byte	0
 840 033f 00                      		.byte	0
 841 0340 00                      		.byte	0
 842 0341 00                      		.byte	0
 843 0342 04                      		.byte	4
 844 0343 30                      		.byte	48
 845 0344 25                      		.byte	37
 846 0345 00                      		.byte	0
 847 0346 00                      		.byte	0
 848 0347 00                      		.byte	0
 849 0348 25                      		.byte	37
 850 0349 0F                      		.byte	15
 851 034a 05                      		.byte	5
 852 034b 01                      		.byte	1
 853 034c 06                      		.byte	6
 854 034d 07                      		.byte	7
 855 034e 00                      		.byte	0
 856 034f 00                      		.byte	0
 857 0350 00                      		.byte	0
 858 0351 00                      		.byte	0
 859 0352 00                      		.byte	0
 860 0353 00                      		.byte	0
 861 0354 00                      		.byte	0
 862 0355 00                      		.byte	0
 863 0356 00                      		.byte	0
 864 0357 00                      		.byte	0
 865 0358 00                      		.byte	0
 866 0359 00                      		.byte	0
 867 035a 00                      		.byte	0
 868 035b 1C                      		.byte	28
 869 035c 27                      		.byte	39
 870 035d 42                      		.byte	0x42
 871 035e 00                      		.byte	0
 872 035f 00                      		.byte	0
 873 0360 00                      		.byte	0
 874 0361 49                      		.byte	0x49
 875 0362 31                      		.byte	49
 876 0363 05                      		.byte	5
 877 0364 01                      		.byte	1
 878 0365 14                      		.byte	20
 879 0366 07                      		.byte	7
 880 0367 00                      		.byte	0
 881 0368 00                      		.byte	0
 882 0369 00                      		.byte	0
 883 036a 00                      		.byte	0
 884 036b 00                      		.byte	0
 885 036c 00                      		.byte	0
 886 036d 00                      		.byte	0
 887 036e 00                      		.byte	0
 888 036f 00                      		.byte	0
 889 0370 00                      		.byte	0
 890 0371 00                      		.byte	0
 891 0372 00                      		.byte	0
 892 0373 00                      		.byte	0
 893 0374 00                      		.byte	0
 894 0375 00                      		.byte	0
 895 0376 00                      		.byte	0
 896 0377 00                      		.byte	0
 897 0378 00                      		.byte	0
 898 0379 00                      		.byte	0
 899 037a 26                      		.byte	38
 900 037b 31                      		.byte	49
 901 037c 05                      		.byte	5
 902 037d 04                      		.byte	4
 903 037e 14                      		.byte	20
 904 037f 07                      		.byte	7
 905 0380 00                      		.byte	0
 906 0381 00                      		.byte	0
 907 0382 00                      		.byte	0
 908 0383 00                      		.byte	0
 909 0384 00                      		.byte	0
 910 0385 00                      		.byte	0
 911 0386 00                      		.byte	0
 912 0387 00                      		.byte	0
 913 0388 00                      		.byte	0
 914 0389 00                      		.byte	0
 915 038a 00                      		.byte	0
 916 038b 00                      		.byte	0
 917 038c 00                      		.byte	0
 918 038d 00                      		.byte	0
 919 038e 00                      		.byte	0
 920 038f 00                      		.byte	0
 921 0390 00                      		.byte	0
 922 0391 00                      		.byte	0
 923 0392 00                      		.byte	0
 924 0393 18                      		.byte	24
 925 0394 1B                      		.byte	27
 926 0395 05                      		.byte	5
 927 0396 01                      		.byte	1
 928 0397 15                      		.byte	21
 929 0398 2A                      		.byte	42
 930 0399 00                      		.byte	0
 931 039a 00                      		.byte	0
 932 039b 00                      		.byte	0
 933 039c 00                      		.byte	0
 934 039d 00                      		.byte	0
 935 039e 00                      		.byte	0
 936 039f 00                      		.byte	0
 937 03a0 00                      		.byte	0
 938 03a1 00                      		.byte	0
 939 03a2 00                      		.byte	0
 940 03a3 00                      		.byte	0
 941 03a4 00                      		.byte	0
 942 03a5 00                      		.byte	0
 943 03a6 00                      		.byte	0
 944 03a7 00                      		.byte	0
 945 03a8 00                      		.byte	0
 946 03a9 00                      		.byte	0
 947 03aa 00                      		.byte	0
 948 03ab 00                      		.byte	0
 949 03ac 18                      		.byte	24
 950 03ad 02                      		.byte	2
 951 03ae 0A                      		.byte	10
 952 03af 04                      		.byte	4
 953 03b0 11                      		.byte	17
 954 03b1 30                      		.byte	48
 955 03b2 19                      		.byte	25
 956 03b3 03                      		.byte	3
 957 03b4 03                      		.byte	3
 958 03b5 03                      		.byte	3
 959 03b6 03                      		.byte	3
 960 03b7 03                      		.byte	3
 961 03b8 03                      		.byte	3
 962 03b9 03                      		.byte	3
 963 03ba 03                      		.byte	3
 964 03bb 03                      		.byte	3
 965 03bc 03                      		.byte	3
 966 03bd 03                      		.byte	3
 967 03be 03                      		.byte	3
 968 03bf 03                      		.byte	3
 969 03c0 03                      		.byte	3
 970 03c1 03                      		.byte	3
 971 03c2 03                      		.byte	3
 972 03c3 03                      		.byte	3
 973 03c4 51                      		.byte	0x51
 974 03c5 0C                      		.byte	12
 975 03c6 11                      		.byte	17
 976 03c7 3E                      		.byte	62
 977 03c8 39                      		.byte	57
 978 03c9 59                      		.byte	0x59
 979 03ca 08                      		.byte	8
 980 03cb 02                      		.byte	2
 981 03cc 02                      		.byte	2
 982 03cd 02                      		.byte	2
 983 03ce 02                      		.byte	2
 984 03cf 02                      		.byte	2
 985 03d0 02                      		.byte	2
 986 03d1 02                      		.byte	2
 987 03d2 02                      		.byte	2
 988 03d3 02                      		.byte	2
 989 03d4 02                      		.byte	2
 990 03d5 02                      		.byte	2
 991 03d6 02                      		.byte	2
 992 03d7 02                      		.byte	2
 993 03d8 02                      		.byte	2
 994 03d9 02                      		.byte	2
 995 03da 02                      		.byte	2
 996 03db 02                      		.byte	2
 997 03dc 02                      		.byte	2
 998 03dd 10                      		.byte	16
 999 03de 08                      		.byte	8
 1000 03df 0C                      		.byte	12
 1001 03e0 3D                      		.byte	61
 1002 03e1 00                      		.byte	0
 1003 03e2 16                      		.byte	22
 1004 03e3 0A                      		.byte	10
 1005 03e4 01                      		.byte	1
 1006 03e5 01                      		.byte	1
 1007 03e6 01                      		.byte	1
 1008 03e7 01                      		.byte	1
 1009 03e8 01                      		.byte	1
 1010 03e9 01                      		.byte	1
 1011 03ea 01                      		.byte	1
 1012 03eb 01                      		.byte	1
 1013 03ec 01                      		.byte	1
 1014 03ed 01                      		.byte	1
 1015 03ee 01                      		.byte	1
 1016 03ef 01                      		.byte	1
 1017 03f0 01                      		.byte	1
 1018 03f1 01                      		.byte	1
 1019 03f2 01                      		.byte	1
 1020 03f3 01                      		.byte	1
 1021 03f4 01                      		.byte	1
 1022 03f5 01                      		.byte	1
 1023 03f6 01                      		.byte	1
 1024 03f7 01                      		.byte	1
 1025 03f8 3C                      		.byte	60
 1026 03f9 0D                      		.byte	13
 1027 03fa 00                      		.byte	0
 1028 03fb 00                      		.byte	0
 1029 03fc 00                      		.byte	0
 1030 03fd 00                      		.byte	0
 1031 03fe 00                      		.byte	0
 1032 03ff 00                      		.byte	0
 1033 0400 00                      		.byte	0
 1034 0401 00                      		.byte	0
 1035 0402 00                      		.byte	0
 1036 0403 00                      		.byte	0
 1037 0404 00                      		.byte	0
 1038 0405 00                      		.byte	0
 1039 0406 00                      		.byte	0
 1040 0407 00                      		.byte	0
 1041 0408 00                      		.byte	0
 1042 0409 00                      		.byte	0
 1043 040a 00                      		.byte	0
 1044 040b 00                      		.byte	0
 1045 040c 00                      		.byte	0
 1046 040d 00                      		.byte	0
 1047 040e 00                      		.byte	0
 1048 040f 00                      		.byte	0
 1049 0410 00                      		.byte	0
 1050 0411 00                      		.byte	0
 1051 0412 00                      		.byte	0
 1052 0413 00                      		.byte	0
 1053 0414 00                      		.byte	0
 1054 0415 00                      		.byte	0
 1055 0416 00                      		.byte	0
 1056 0417 00                      		.byte	0
 1057 0418 00                      		.byte	0
 1058 0419 00                      		.byte	0
 1059 041a 00                      		.byte	0
 1060 041b 00                      		.byte	0
 1061 041c 00                      		.byte	0
 1062 041d 00                      		.byte	0
 1063 041e 00                      		.byte	0
 1064 041f 00                      		.byte	0
 1065 0420 00                      		.byte	0
 1066 0421 00                      		.byte	0
 1067 0422 00                      		.byte	0
 1068 0423 00                      		.byte	0
 1069 0424 00                      		.byte	0
 1070 0425 00                      		.byte	0
 1071 0426 00                      		.byte	0
 1072 0427 00                      		.byte	0
 1073 0428 00                      		.byte	0
 1074 0429 00                      		.byte	0
 1075 042a 00                      		.byte	0
 1076 042b 00                      		.byte	0
 1077 042c 00                      		.byte	0
 1078 042d 00                      		.byte	0
 1079 042e 00                      		.byte	0
 1080 042f 00                      		.byte	0
 1081 0430 00                      		.byte	0
 1082 0431 00                      		.byte	0
 1083 0432 00                      		.byte	0
 1084 0433 00                      		.byte	0
 1085 0434 00                      		.byte	0
 1086 0435 00                      		.byte	0
 1087 0436 00                      		.byte	0
 1088 0437 00                      		.byte	0
 1089 0438 00                      		.byte	0
 1090 0439 00                      		.byte	0
 1091 043a 00                      		.byte	0
 1092 043b 00                      		.byte	0
 1093 043c 00                      		.byte	0
 1094 043d 00                      		.byte	0
 1095 043e 00                      		.byte	0
 1096 043f 00                      		.byte	0
 1097 0440 00                      		.byte	0
 1098 0441 00                      		.byte	0
 1099 0442 00                      		.byte	0
 1100 0443 00                      		.byte	0
 1101 0444 00                      		.byte	0
 1102 0445 00                      		.zero	1
 1103                             		.section P,"ax"
 1104                             	.Letext0:
 1105                             		.file 1 "c:\\programdata\\gcc for renesas rx 8.3.0.202311-gnurx-elf\\rx-elf\\rx-elf\\lib\\gcc\\rx-
 1106                             		.file 2 "D:\\e2_studio\\workspace\\FULLMONI_WIDE\\Firmware\\src\\smc_gen\\r_emwin_rx\\lib\\GUI/LCD
 1107                             		.file 3 "D:\\e2_studio\\workspace\\FULLMONI_WIDE\\Firmware\\src\\smc_gen\\r_emwin_rx\\lib\\GUI/GUI
 1108                             		.file 4 "D:\\e2_studio\\workspace\\FULLMONI_WIDE\\Firmware\\src\\smc_gen\\r_emwin_rx\\lib\\GUI/GUI
 1109                             		.file 5 "D:\\e2_studio\\workspace\\FULLMONI_WIDE\\Firmware\\src\\smc_gen\\r_emwin_rx\\lib\\GUI/WM.
 1110                             		.file 6 "D:\\e2_studio\\workspace\\FULLMONI_WIDE\\Firmware\\src\\smc_gen\\r_emwin_rx\\lib\\GUI/WID
 1111                             		.file 7 "D:\\e2_studio\\workspace\\FULLMONI_WIDE\\Firmware\\src\\smc_gen\\r_emwin_rx\\lib\\GUI/KEY
 1112                             		.file 8 "D:\\e2_studio\\workspace\\FULLMONI_WIDE\\Firmware\\src\\smc_gen\\r_emwin_rx\\lib\\GUI/LCD
 1113                             		.file 9 "D:\\e2_studio\\workspace\\FULLMONI_WIDE\\Firmware\\src\\smc_gen\\r_emwin_rx\\lib\\GUI/GUI
 1114                             		.file 10 "D:\\e2_studio\\workspace\\FULLMONI_WIDE\\Firmware\\src\\smc_gen\\r_emwin_rx\\lib\\GUI/WM
 1115                             		.file 11 "D:\\e2_studio\\workspace\\FULLMONI_WIDE\\Firmware\\src\\smc_gen\\r_emwin_rx\\lib\\GUI/BU
 1116                             		.file 12 "D:\\e2_studio\\workspace\\FULLMONI_WIDE\\Firmware\\src\\smc_gen\\r_emwin_rx\\lib\\GUI/WI
 1117                             		.file 13 "D:\\e2_studio\\workspace\\FULLMONI_WIDE\\Firmware\\src\\smc_gen\\r_emwin_rx\\lib\\GUI/IM
 1118                             		.file 14 "D:\\e2_studio\\workspace\\FULLMONI_WIDE\\Firmware\\src\\smc_gen\\r_emwin_rx\\lib\\GUI/TE
 1119                             		.file 15 "D:\\e2_studio\\workspace\\FULLMONI_WIDE\\Firmware\\src\\smc_gen\\r_emwin_rx\\lib\\GUI/SL
 1120                             		.file 16 "D:\\e2_studio\\workspace\\FULLMONI_WIDE\\Firmware\\src\\smc_gen\\r_emwin_rx\\lib\\GUI/RO
 1121                             		.file 17 "D:\\e2_studio\\workspace\\FULLMONI_WIDE\\Firmware\\src\\smc_gen\\r_emwin_rx\\lib\\GUI/SW
 1122                             		.file 18 "D:\\e2_studio\\workspace\\FULLMONI_WIDE\\Firmware\\src\\smc_gen\\r_emwin_rx\\lib\\GUI/ED
 1123                             		.file 19 "D:\\e2_studio\\workspace\\FULLMONI_WIDE\\Firmware\\src\\smc_gen\\r_emwin_rx\\lib\\GUI/QR
 1124                             		.file 20 "D:\\e2_studio\\workspace\\FULLMONI_WIDE\\Firmware\\src\\smc_gen\\r_emwin_rx\\lib\\GUI/GA
 1125                             		.file 21 "D:\\e2_studio\\workspace\\FULLMONI_WIDE\\Firmware\\src\\smc_gen\\r_emwin_rx\\lib\\GUI/KE
 1126                             		.file 22 "D:\\e2_studio\\workspace\\FULLMONI_WIDE\\Firmware\\src\\smc_gen\\r_emwin_rx\\lib\\GUI/MU
 1127                             		.file 23 "D:\\e2_studio\\workspace\\FULLMONI_WIDE\\Firmware\\src\\smc_gen\\r_emwin_rx\\lib\\GUI/SC
 1128                             		.file 24 "D:\\e2_studio\\workspace\\FULLMONI_WIDE\\Firmware\\src\\smc_gen\\r_emwin_rx\\lib\\GUI/DR
 1129                             		.file 25 "D:\\e2_studio\\workspace\\FULLMONI_WIDE\\Firmware\\src\\smc_gen\\r_emwin_rx\\lib\\GUI/LI
 1130                             		.file 26 "D:\\e2_studio\\workspace\\FULLMONI_WIDE\\Firmware\\src\\smc_gen\\r_emwin_rx\\lib\\GUI/LI
 1131                             		.file 27 "D:\\e2_studio\\workspace\\FULLMONI_WIDE\\Firmware\\src\\smc_gen\\r_emwin_rx\\lib\\GUI/WH
 1132                             		.file 28 "D:\\e2_studio\\workspace\\FULLMONI_WIDE\\Firmware\\src\\smc_gen\\r_emwin_rx\\lib\\GUI/Ap
 1133                             		.file 29 "../aw/Resource/Image/ws_batterywarning.c"
